fetching: 1333|NSE_EQ|EQUITY  1m  2024-01-01 ΓåÆ 2024-12-31
fetched: 92208 candles  (fetch_ms=2027ms)
strategy: rsi_basic
rules: 2
candles: 92208
cash: 10000000.00
symbol: 1333|NSE_EQ|EQUITY
=== rsi_basic ===
candles=92208
trades=4294
final_cash=10002228.00
pnl=2228.00
runtime_ms=2014
candles_per_sec=45768.76
trade paper-trade-1 BUY qty=5 price=850.25
trade paper-trade-2 BUY qty=5 price=849.40
trade paper-trade-3 BUY qty=5 price=849.15
trade paper-trade-4 BUY qty=5 price=849.05
trade paper-trade-5 SELL qty=20 price=849.90
trade paper-trade-6 BUY qty=5 price=850.25
trade paper-trade-7 BUY qty=5 price=850.10
trade paper-trade-8 SELL qty=10 price=850.90
trade paper-trade-9 BUY qty=5 price=850.55
trade paper-trade-10 SELL qty=5 price=851.45
trade paper-trade-11 BUY qty=5 price=850.55
trade paper-trade-12 BUY qty=5 price=850.75
trade paper-trade-13 SELL qty=10 price=852.40
trade paper-trade-14 BUY qty=5 price=850.80
trade paper-trade-15 BUY qty=5 price=847.85
trade paper-trade-16 BUY qty=5 price=847.25
trade paper-trade-17 SELL qty=15 price=850.00
trade paper-trade-18 BUY qty=5 price=849.15
trade paper-trade-19 SELL qty=5 price=847.50
trade paper-trade-20 BUY qty=5 price=848.20
trade paper-trade-21 SELL qty=5 price=849.40
trade paper-trade-22 BUY qty=5 price=849.10
trade paper-trade-23 BUY qty=5 price=848.80
trade paper-trade-24 BUY qty=5 price=848.00
trade paper-trade-25 SELL qty=15 price=849.00
trade paper-trade-26 BUY qty=5 price=847.95
trade paper-trade-27 BUY qty=5 price=847.80
trade paper-trade-28 BUY qty=5 price=847.65
trade paper-trade-29 SELL qty=15 price=849.00
trade paper-trade-30 BUY qty=5 price=847.90
trade paper-trade-31 BUY qty=5 price=847.65
trade paper-trade-32 SELL qty=10 price=849.35
trade paper-trade-33 BUY qty=5 price=847.60
trade paper-trade-34 BUY qty=5 price=846.65
trade paper-trade-35 SELL qty=10 price=848.50
trade paper-trade-36 BUY qty=5 price=845.70
trade paper-trade-37 BUY qty=5 price=842.15
trade paper-trade-38 BUY qty=5 price=841.90
trade paper-trade-39 BUY qty=5 price=840.65
trade paper-trade-40 BUY qty=5 price=839.65
trade paper-trade-41 SELL qty=25 price=841.60
trade paper-trade-42 BUY qty=5 price=838.75
trade paper-trade-43 BUY qty=5 price=838.80
trade paper-trade-44 BUY qty=5 price=837.00
trade paper-trade-45 BUY qty=5 price=836.40
trade paper-trade-46 BUY qty=5 price=836.40
trade paper-trade-47 BUY qty=5 price=836.30
trade paper-trade-48 SELL qty=30 price=838.65
trade paper-trade-49 BUY qty=5 price=837.00
trade paper-trade-50 BUY qty=5 price=835.90
trade paper-trade-51 SELL qty=10 price=837.15
trade paper-trade-52 BUY qty=5 price=836.55
trade paper-trade-53 SELL qty=5 price=837.70
trade paper-trade-54 BUY qty=5 price=837.50
trade paper-trade-55 BUY qty=5 price=835.40
trade paper-trade-56 BUY qty=5 price=834.50
trade paper-trade-57 SELL qty=15 price=836.75
trade paper-trade-58 BUY qty=5 price=841.40
trade paper-trade-59 BUY qty=5 price=840.50
trade paper-trade-60 SELL qty=10 price=841.85
trade paper-trade-61 BUY qty=5 price=843.30
trade paper-trade-62 BUY qty=5 price=842.60
trade paper-trade-63 BUY qty=5 price=842.15
trade paper-trade-64 SELL qty=15 price=842.50
trade paper-trade-65 BUY qty=5 price=841.25
trade paper-trade-66 SELL qty=5 price=843.30
trade paper-trade-67 BUY qty=5 price=842.00
trade paper-trade-68 SELL qty=5 price=843.20
trade paper-trade-69 BUY qty=5 price=840.55
trade paper-trade-70 SELL qty=5 price=841.80
trade paper-trade-71 BUY qty=5 price=843.40
trade paper-trade-72 BUY qty=5 price=842.30
trade paper-trade-73 BUY qty=5 price=841.00
trade paper-trade-74 BUY qty=5 price=840.50
trade paper-trade-75 SELL qty=20 price=842.00
trade paper-trade-76 BUY qty=5 price=841.10
trade paper-trade-77 BUY qty=5 price=840.65
trade paper-trade-78 BUY qty=5 price=840.20
trade paper-trade-79 BUY qty=5 price=839.65
trade paper-trade-80 BUY qty=5 price=838.90
trade paper-trade-81 BUY qty=5 price=838.55
trade paper-trade-82 BUY qty=5 price=838.30
trade paper-trade-83 BUY qty=5 price=837.50
trade paper-trade-84 BUY qty=5 price=837.50
trade paper-trade-85 BUY qty=5 price=836.60
trade paper-trade-86 BUY qty=5 price=836.40
trade paper-trade-87 BUY qty=5 price=836.25
trade paper-trade-88 BUY qty=5 price=836.15
trade paper-trade-89 BUY qty=5 price=835.70
trade paper-trade-90 BUY qty=5 price=834.50
trade paper-trade-91 BUY qty=5 price=834.25
trade paper-trade-92 SELL qty=80 price=835.30
trade paper-trade-93 BUY qty=5 price=840.10
trade paper-trade-94 BUY qty=5 price=839.10
trade paper-trade-95 BUY qty=5 price=838.60
trade paper-trade-96 SELL qty=15 price=841.05
trade paper-trade-97 BUY qty=5 price=838.30
trade paper-trade-98 BUY qty=5 price=837.55
trade paper-trade-99 SELL qty=10 price=839.50
trade paper-trade-100 BUY qty=5 price=838.90
trade paper-trade-101 BUY qty=5 price=838.65
trade paper-trade-102 BUY qty=5 price=837.00
trade paper-trade-103 BUY qty=5 price=837.15
trade paper-trade-104 BUY qty=5 price=836.35
trade paper-trade-105 SELL qty=25 price=838.50
trade paper-trade-106 BUY qty=5 price=837.15
trade paper-trade-107 BUY qty=5 price=836.30
trade paper-trade-108 SELL qty=10 price=835.80
trade paper-trade-109 BUY qty=5 price=834.15
trade paper-trade-110 SELL qty=5 price=837.00
trade paper-trade-111 BUY qty=5 price=835.10
trade paper-trade-112 BUY qty=5 price=834.80
trade paper-trade-113 BUY qty=5 price=833.95
trade paper-trade-114 BUY qty=5 price=833.40
trade paper-trade-115 BUY qty=5 price=831.15
trade paper-trade-116 SELL qty=25 price=833.10
trade paper-trade-117 BUY qty=5 price=836.10
trade paper-trade-118 SELL qty=5 price=837.25
trade paper-trade-119 BUY qty=5 price=836.60
trade paper-trade-120 BUY qty=5 price=836.60
trade paper-trade-121 BUY qty=5 price=836.40
trade paper-trade-122 BUY qty=5 price=835.80
trade paper-trade-123 BUY qty=5 price=835.00
trade paper-trade-124 BUY qty=5 price=834.85
trade paper-trade-125 BUY qty=5 price=834.70
trade paper-trade-126 BUY qty=5 price=834.15
trade paper-trade-127 BUY qty=5 price=833.80
trade paper-trade-128 BUY qty=5 price=833.00
trade paper-trade-129 BUY qty=5 price=830.90
trade paper-trade-130 BUY qty=5 price=827.00
trade paper-trade-131 BUY qty=5 price=825.50
trade paper-trade-132 BUY qty=5 price=823.75
trade paper-trade-133 BUY qty=5 price=824.40
trade paper-trade-134 BUY qty=5 price=824.25
trade paper-trade-135 BUY qty=5 price=821.45
trade paper-trade-136 BUY qty=5 price=822.10
trade paper-trade-137 SELL qty=90 price=825.45
trade paper-trade-138 BUY qty=5 price=824.60
trade paper-trade-139 SELL qty=5 price=826.50
trade paper-trade-140 BUY qty=5 price=826.60
trade paper-trade-141 SELL qty=5 price=828.00
trade paper-trade-142 BUY qty=5 price=825.90
trade paper-trade-143 SELL qty=5 price=827.80
trade paper-trade-144 BUY qty=5 price=827.10
trade paper-trade-145 SELL qty=5 price=828.75
trade paper-trade-146 BUY qty=5 price=827.85
trade paper-trade-147 SELL qty=5 price=829.80
trade paper-trade-148 BUY qty=5 price=827.60
trade paper-trade-149 SELL qty=5 price=829.45
trade paper-trade-150 BUY qty=5 price=827.40
trade paper-trade-151 BUY qty=5 price=826.65
trade paper-trade-152 SELL qty=10 price=826.90
trade paper-trade-153 BUY qty=5 price=825.70
trade paper-trade-154 SELL qty=5 price=826.10
trade paper-trade-155 BUY qty=5 price=827.40
trade paper-trade-156 BUY qty=5 price=827.80
trade paper-trade-157 BUY qty=5 price=826.70
trade paper-trade-158 BUY qty=5 price=825.90
trade paper-trade-159 BUY qty=5 price=825.80
trade paper-trade-160 BUY qty=5 price=825.25
trade paper-trade-161 BUY qty=5 price=824.15
trade paper-trade-162 BUY qty=5 price=822.30
trade paper-trade-163 SELL qty=40 price=824.60
trade paper-trade-164 BUY qty=5 price=824.20
trade paper-trade-165 BUY qty=5 price=823.10
trade paper-trade-166 BUY qty=5 price=823.00
trade paper-trade-167 SELL qty=15 price=825.30
trade paper-trade-168 BUY qty=5 price=825.20
trade paper-trade-169 BUY qty=5 price=824.55
trade paper-trade-170 BUY qty=5 price=824.20
trade paper-trade-171 BUY qty=5 price=824.25
trade paper-trade-172 BUY qty=5 price=822.00
trade paper-trade-173 BUY qty=5 price=822.00
trade paper-trade-174 BUY qty=5 price=820.00
trade paper-trade-175 BUY qty=5 price=820.00
trade paper-trade-176 BUY qty=5 price=819.50
trade paper-trade-177 BUY qty=5 price=819.45
trade paper-trade-178 SELL qty=50 price=820.80
trade paper-trade-179 BUY qty=5 price=821.60
trade paper-trade-180 BUY qty=5 price=821.10
trade paper-trade-181 BUY qty=5 price=820.10
trade paper-trade-182 SELL qty=15 price=823.60
trade paper-trade-183 BUY qty=5 price=830.40
trade paper-trade-184 BUY qty=5 price=829.50
trade paper-trade-185 SELL qty=10 price=832.80
trade paper-trade-186 BUY qty=5 price=833.15
trade paper-trade-187 SELL qty=5 price=835.45
trade paper-trade-188 BUY qty=5 price=834.00
trade paper-trade-189 BUY qty=5 price=833.40
trade paper-trade-190 BUY qty=5 price=833.10
trade paper-trade-191 SELL qty=15 price=833.60
trade paper-trade-192 BUY qty=5 price=835.05
trade paper-trade-193 BUY qty=5 price=834.80
trade paper-trade-194 BUY qty=5 price=834.00
trade paper-trade-195 BUY qty=5 price=834.35
trade paper-trade-196 BUY qty=5 price=834.20
trade paper-trade-197 BUY qty=5 price=833.05
trade paper-trade-198 BUY qty=5 price=833.00
trade paper-trade-199 BUY qty=5 price=832.50
trade paper-trade-200 BUY qty=5 price=832.45
trade paper-trade-201 SELL qty=45 price=834.00
trade paper-trade-202 BUY qty=5 price=832.65
trade paper-trade-203 BUY qty=5 price=832.50
trade paper-trade-204 BUY qty=5 price=831.30
trade paper-trade-205 SELL qty=15 price=834.10
trade paper-trade-206 BUY qty=5 price=834.60
trade paper-trade-207 SELL qty=5 price=835.70
trade paper-trade-208 BUY qty=5 price=834.80
trade paper-trade-209 SELL qty=5 price=836.45
trade paper-trade-210 BUY qty=5 price=835.20
trade paper-trade-211 SELL qty=5 price=836.80
trade paper-trade-212 BUY qty=5 price=835.30
trade paper-trade-213 BUY qty=5 price=834.95
trade paper-trade-214 BUY qty=5 price=834.70
trade paper-trade-215 SELL qty=15 price=836.65
trade paper-trade-216 BUY qty=5 price=835.80
trade paper-trade-217 BUY qty=5 price=835.25
trade paper-trade-218 SELL qty=10 price=835.60
trade paper-trade-219 BUY qty=5 price=794.75
trade paper-trade-220 SELL qty=5 price=795.30
trade paper-trade-221 BUY qty=5 price=790.10
trade paper-trade-222 BUY qty=5 price=789.65
trade paper-trade-223 BUY qty=5 price=789.10
trade paper-trade-224 BUY qty=5 price=788.30
trade paper-trade-225 BUY qty=5 price=787.00
trade paper-trade-226 BUY qty=5 price=785.60
trade paper-trade-227 SELL qty=30 price=787.20
trade paper-trade-228 BUY qty=5 price=785.55
trade paper-trade-229 BUY qty=5 price=785.05
trade paper-trade-230 BUY qty=5 price=784.75
trade paper-trade-231 BUY qty=5 price=783.90
trade paper-trade-232 BUY qty=5 price=782.70
trade paper-trade-233 SELL qty=25 price=782.60
trade paper-trade-234 BUY qty=5 price=780.15
trade paper-trade-235 BUY qty=5 price=780.40
trade paper-trade-236 BUY qty=5 price=780.30
trade paper-trade-237 BUY qty=5 price=777.80
trade paper-trade-238 SELL qty=20 price=779.90
trade paper-trade-239 BUY qty=5 price=778.15
trade paper-trade-240 SELL qty=5 price=780.10
trade paper-trade-241 BUY qty=5 price=778.50
trade paper-trade-242 BUY qty=5 price=778.10
trade paper-trade-243 BUY qty=5 price=774.50
trade paper-trade-244 BUY qty=5 price=773.65
trade paper-trade-245 BUY qty=5 price=772.90
trade paper-trade-246 BUY qty=5 price=770.70
trade paper-trade-247 SELL qty=30 price=771.00
trade paper-trade-248 BUY qty=5 price=744.60
trade paper-trade-249 BUY qty=5 price=747.10
trade paper-trade-250 SELL qty=10 price=751.90
trade paper-trade-251 BUY qty=5 price=751.95
trade paper-trade-252 BUY qty=5 price=751.10
trade paper-trade-253 SELL qty=10 price=752.50
trade paper-trade-254 BUY qty=5 price=753.10
trade paper-trade-255 BUY qty=5 price=751.45
trade paper-trade-256 BUY qty=5 price=749.85
trade paper-trade-257 BUY qty=5 price=749.15
trade paper-trade-258 BUY qty=5 price=747.40
trade paper-trade-259 BUY qty=5 price=747.20
trade paper-trade-260 BUY qty=5 price=746.25
trade paper-trade-261 BUY qty=5 price=745.20
trade paper-trade-262 BUY qty=5 price=743.00
trade paper-trade-263 BUY qty=5 price=741.25
trade paper-trade-264 BUY qty=5 price=740.40
trade paper-trade-265 SELL qty=55 price=742.35
trade paper-trade-266 BUY qty=5 price=741.75
trade paper-trade-267 SELL qty=5 price=743.40
trade paper-trade-268 BUY qty=5 price=746.70
trade paper-trade-269 BUY qty=5 price=745.80
trade paper-trade-270 BUY qty=5 price=743.50
trade paper-trade-271 BUY qty=5 price=743.90
trade paper-trade-272 SELL qty=20 price=745.50
trade paper-trade-273 BUY qty=5 price=745.35
trade paper-trade-274 BUY qty=5 price=744.85
trade paper-trade-275 BUY qty=5 price=744.50
trade paper-trade-276 SELL qty=15 price=743.00
trade paper-trade-277 BUY qty=5 price=742.10
trade paper-trade-278 BUY qty=5 price=742.00
trade paper-trade-279 BUY qty=5 price=741.80
trade paper-trade-280 BUY qty=5 price=741.10
trade paper-trade-281 BUY qty=5 price=740.75
trade paper-trade-282 SELL qty=25 price=742.65
trade paper-trade-283 BUY qty=5 price=741.65
trade paper-trade-284 BUY qty=5 price=741.60
trade paper-trade-285 BUY qty=5 price=738.50
trade paper-trade-286 BUY qty=5 price=738.15
trade paper-trade-287 BUY qty=5 price=737.60
trade paper-trade-288 BUY qty=5 price=736.25
trade paper-trade-289 BUY qty=5 price=735.25
trade paper-trade-290 BUY qty=5 price=735.50
trade paper-trade-291 SELL qty=40 price=737.00
trade paper-trade-292 BUY qty=5 price=735.55
trade paper-trade-293 SELL qty=5 price=737.20
trade paper-trade-294 BUY qty=5 price=741.90
trade paper-trade-295 BUY qty=5 price=741.65
trade paper-trade-296 BUY qty=5 price=740.20
trade paper-trade-297 SELL qty=15 price=743.85
trade paper-trade-298 BUY qty=5 price=743.70
trade paper-trade-299 SELL qty=5 price=742.45
trade paper-trade-300 BUY qty=5 price=741.00
trade paper-trade-301 BUY qty=5 price=740.55
trade paper-trade-302 BUY qty=5 price=740.65
trade paper-trade-303 SELL qty=15 price=741.95
trade paper-trade-304 BUY qty=5 price=740.05
trade paper-trade-305 BUY qty=5 price=739.25
trade paper-trade-306 BUY qty=5 price=738.25
trade paper-trade-307 BUY qty=5 price=734.80
trade paper-trade-308 BUY qty=5 price=731.85
trade paper-trade-309 BUY qty=5 price=731.50
trade paper-trade-310 BUY qty=5 price=728.20
trade paper-trade-311 BUY qty=5 price=723.95
trade paper-trade-312 BUY qty=5 price=723.20
trade paper-trade-313 BUY qty=5 price=720.25
trade paper-trade-314 SELL qty=50 price=723.00
trade paper-trade-315 BUY qty=5 price=720.15
trade paper-trade-316 BUY qty=5 price=720.50
trade paper-trade-317 SELL qty=10 price=722.50
trade paper-trade-318 BUY qty=5 price=720.85
trade paper-trade-319 BUY qty=5 price=715.55
trade paper-trade-320 BUY qty=5 price=712.85
trade paper-trade-321 SELL qty=15 price=715.50
trade paper-trade-322 BUY qty=5 price=718.30
trade paper-trade-323 BUY qty=5 price=717.30
trade paper-trade-324 BUY qty=5 price=715.50
trade paper-trade-325 BUY qty=5 price=715.40
trade paper-trade-326 BUY qty=5 price=714.40
trade paper-trade-327 BUY qty=5 price=712.75
trade paper-trade-328 SELL qty=30 price=714.90
trade paper-trade-329 BUY qty=5 price=708.00
trade paper-trade-330 SELL qty=5 price=716.40
trade paper-trade-331 BUY qty=5 price=722.20
trade paper-trade-332 BUY qty=5 price=720.80
trade paper-trade-333 BUY qty=5 price=720.10
trade paper-trade-334 BUY qty=5 price=719.00
trade paper-trade-335 BUY qty=5 price=717.65
trade paper-trade-336 SELL qty=25 price=723.40
trade paper-trade-337 BUY qty=5 price=719.35
trade paper-trade-338 BUY qty=5 price=718.90
trade paper-trade-339 SELL qty=10 price=722.00
trade paper-trade-340 BUY qty=5 price=722.90
trade paper-trade-341 SELL qty=5 price=724.00
trade paper-trade-342 BUY qty=5 price=727.10
trade paper-trade-343 BUY qty=5 price=724.20
trade paper-trade-344 BUY qty=5 price=724.35
trade paper-trade-345 BUY qty=5 price=721.30
trade paper-trade-346 BUY qty=5 price=719.10
trade paper-trade-347 BUY qty=5 price=718.00
trade paper-trade-348 BUY qty=5 price=716.05
trade paper-trade-349 BUY qty=5 price=716.30
trade paper-trade-350 BUY qty=5 price=715.75
trade paper-trade-351 BUY qty=5 price=715.40
trade paper-trade-352 BUY qty=5 price=715.10
trade paper-trade-353 BUY qty=5 price=714.70
trade paper-trade-354 BUY qty=5 price=713.00
trade paper-trade-355 BUY qty=5 price=712.75
trade paper-trade-356 SELL qty=70 price=714.30
trade paper-trade-357 BUY qty=5 price=712.80
trade paper-trade-358 BUY qty=5 price=712.50
trade paper-trade-359 BUY qty=5 price=711.50
trade paper-trade-360 SELL qty=15 price=711.90
trade paper-trade-361 BUY qty=5 price=725.85
trade paper-trade-362 BUY qty=5 price=725.40
trade paper-trade-363 BUY qty=5 price=725.00
trade paper-trade-364 SELL qty=15 price=727.50
trade paper-trade-365 BUY qty=5 price=726.10
trade paper-trade-366 BUY qty=5 price=725.40
trade paper-trade-367 SELL qty=10 price=727.00
trade paper-trade-368 BUY qty=5 price=726.75
trade paper-trade-369 SELL qty=5 price=727.90
trade paper-trade-370 BUY qty=5 price=728.25
trade paper-trade-371 BUY qty=5 price=727.85
trade paper-trade-372 BUY qty=5 price=727.50
trade paper-trade-373 SELL qty=15 price=728.50
trade paper-trade-374 BUY qty=5 price=726.25
trade paper-trade-375 BUY qty=5 price=725.40
trade paper-trade-376 SELL qty=10 price=726.15
trade paper-trade-377 BUY qty=5 price=725.35
trade paper-trade-378 SELL qty=5 price=727.10
trade paper-trade-379 BUY qty=5 price=726.75
trade paper-trade-380 BUY qty=5 price=725.70
trade paper-trade-381 BUY qty=5 price=725.15
trade paper-trade-382 BUY qty=5 price=724.90
trade paper-trade-383 BUY qty=5 price=724.10
trade paper-trade-384 BUY qty=5 price=723.60
trade paper-trade-385 BUY qty=5 price=724.35
trade paper-trade-386 BUY qty=5 price=723.75
trade paper-trade-387 BUY qty=5 price=723.40
trade paper-trade-388 BUY qty=5 price=723.20
trade paper-trade-389 BUY qty=5 price=722.00
trade paper-trade-390 SELL qty=55 price=723.20
trade paper-trade-391 BUY qty=5 price=722.20
trade paper-trade-392 BUY qty=5 price=721.20
trade paper-trade-393 BUY qty=5 price=720.70
trade paper-trade-394 BUY qty=5 price=720.80
trade paper-trade-395 SELL qty=20 price=721.90
trade paper-trade-396 BUY qty=5 price=720.80
trade paper-trade-397 SELL qty=5 price=722.10
trade paper-trade-398 BUY qty=5 price=721.10
trade paper-trade-399 SELL qty=5 price=722.60
trade paper-trade-400 BUY qty=5 price=721.10
trade paper-trade-401 BUY qty=5 price=720.80
trade paper-trade-402 SELL qty=10 price=722.65
trade paper-trade-403 BUY qty=5 price=719.20
trade paper-trade-404 SELL qty=5 price=723.45
trade paper-trade-405 BUY qty=5 price=734.70
trade paper-trade-406 BUY qty=5 price=732.80
trade paper-trade-407 SELL qty=10 price=734.65
trade paper-trade-408 BUY qty=5 price=734.25
trade paper-trade-409 BUY qty=5 price=732.80
trade paper-trade-410 SELL qty=10 price=735.20
trade paper-trade-411 BUY qty=5 price=733.00
trade paper-trade-412 BUY qty=5 price=731.80
trade paper-trade-413 BUY qty=5 price=731.00
trade paper-trade-414 BUY qty=5 price=730.50
trade paper-trade-415 SELL qty=20 price=733.45
trade paper-trade-416 BUY qty=5 price=732.80
trade paper-trade-417 BUY qty=5 price=732.65
trade paper-trade-418 BUY qty=5 price=731.50
trade paper-trade-419 SELL qty=15 price=733.30
trade paper-trade-420 BUY qty=5 price=731.75
trade paper-trade-421 BUY qty=5 price=731.15
trade paper-trade-422 BUY qty=5 price=730.70
trade paper-trade-423 BUY qty=5 price=730.90
trade paper-trade-424 BUY qty=5 price=731.50
trade paper-trade-425 BUY qty=5 price=731.10
trade paper-trade-426 SELL qty=30 price=733.20
trade paper-trade-427 BUY qty=5 price=734.75
trade paper-trade-428 BUY qty=5 price=733.80
trade paper-trade-429 BUY qty=5 price=733.90
trade paper-trade-430 BUY qty=5 price=733.10
trade paper-trade-431 BUY qty=5 price=732.85
trade paper-trade-432 BUY qty=5 price=732.05
trade paper-trade-433 SELL qty=30 price=734.75
trade paper-trade-434 BUY qty=5 price=735.75
trade paper-trade-435 BUY qty=5 price=735.10
trade paper-trade-436 BUY qty=5 price=734.60
trade paper-trade-437 BUY qty=5 price=733.40
trade paper-trade-438 BUY qty=5 price=732.00
trade paper-trade-439 BUY qty=5 price=728.80
trade paper-trade-440 BUY qty=5 price=728.00
trade paper-trade-441 BUY qty=5 price=727.60
trade paper-trade-442 BUY qty=5 price=726.60
trade paper-trade-443 BUY qty=5 price=725.50
trade paper-trade-444 SELL qty=50 price=727.80
trade paper-trade-445 BUY qty=5 price=726.75
trade paper-trade-446 BUY qty=5 price=726.30
trade paper-trade-447 BUY qty=5 price=725.55
trade paper-trade-448 BUY qty=5 price=722.45
trade paper-trade-449 BUY qty=5 price=722.05
trade paper-trade-450 BUY qty=5 price=718.60
trade paper-trade-451 BUY qty=5 price=719.10
trade paper-trade-452 SELL qty=35 price=720.50
trade paper-trade-453 BUY qty=5 price=718.50
trade paper-trade-454 BUY qty=5 price=717.90
trade paper-trade-455 BUY qty=5 price=717.80
trade paper-trade-456 SELL qty=15 price=718.30
trade paper-trade-457 BUY qty=5 price=720.10
trade paper-trade-458 SELL qty=5 price=722.25
trade paper-trade-459 BUY qty=5 price=724.35
trade paper-trade-460 BUY qty=5 price=724.00
trade paper-trade-461 BUY qty=5 price=722.65
trade paper-trade-462 SELL qty=15 price=724.95
trade paper-trade-463 BUY qty=5 price=724.25
trade paper-trade-464 BUY qty=5 price=722.60
trade paper-trade-465 BUY qty=5 price=722.50
trade paper-trade-466 SELL qty=15 price=721.60
trade paper-trade-467 BUY qty=5 price=721.60
trade paper-trade-468 BUY qty=5 price=721.50
trade paper-trade-469 BUY qty=5 price=721.30
trade paper-trade-470 BUY qty=5 price=719.05
trade paper-trade-471 SELL qty=20 price=720.25
trade paper-trade-472 BUY qty=5 price=717.80
trade paper-trade-473 BUY qty=5 price=717.65
trade paper-trade-474 BUY qty=5 price=717.40
trade paper-trade-475 BUY qty=5 price=717.40
trade paper-trade-476 SELL qty=20 price=719.20
trade paper-trade-477 BUY qty=5 price=723.00
trade paper-trade-478 BUY qty=5 price=722.90
trade paper-trade-479 BUY qty=5 price=722.75
trade paper-trade-480 BUY qty=5 price=722.55
trade paper-trade-481 BUY qty=5 price=722.00
trade paper-trade-482 BUY qty=5 price=722.05
trade paper-trade-483 SELL qty=30 price=723.75
trade paper-trade-484 BUY qty=5 price=721.70
trade paper-trade-485 SELL qty=5 price=725.90
trade paper-trade-486 BUY qty=5 price=721.85
trade paper-trade-487 BUY qty=5 price=721.35
trade paper-trade-488 BUY qty=5 price=719.75
trade paper-trade-489 BUY qty=5 price=719.25
trade paper-trade-490 BUY qty=5 price=718.50
trade paper-trade-491 BUY qty=5 price=717.75
trade paper-trade-492 BUY qty=5 price=716.75
trade paper-trade-493 SELL qty=35 price=718.10
trade paper-trade-494 BUY qty=5 price=716.40
trade paper-trade-495 BUY qty=5 price=716.05
trade paper-trade-496 SELL qty=10 price=716.70
trade paper-trade-497 BUY qty=5 price=715.40
trade paper-trade-498 SELL qty=5 price=715.70
trade paper-trade-499 BUY qty=5 price=714.75
trade paper-trade-500 SELL qty=5 price=716.40
trade paper-trade-501 BUY qty=5 price=714.40
trade paper-trade-502 BUY qty=5 price=713.40
trade paper-trade-503 BUY qty=5 price=712.75
trade paper-trade-504 BUY qty=5 price=712.00
trade paper-trade-505 BUY qty=5 price=710.75
trade paper-trade-506 BUY qty=5 price=705.50
trade paper-trade-507 BUY qty=5 price=704.80
trade paper-trade-508 SELL qty=35 price=707.35
trade paper-trade-509 BUY qty=5 price=705.00
trade paper-trade-510 SELL qty=5 price=707.10
trade paper-trade-511 BUY qty=5 price=707.40
trade paper-trade-512 BUY qty=5 price=707.20
trade paper-trade-513 BUY qty=5 price=706.90
trade paper-trade-514 BUY qty=5 price=706.05
trade paper-trade-515 BUY qty=5 price=706.00
trade paper-trade-516 BUY qty=5 price=705.20
trade paper-trade-517 BUY qty=5 price=705.00
trade paper-trade-518 BUY qty=5 price=705.40
trade paper-trade-519 BUY qty=5 price=704.20
trade paper-trade-520 BUY qty=5 price=704.30
trade paper-trade-521 BUY qty=5 price=704.30
trade paper-trade-522 BUY qty=5 price=703.30
trade paper-trade-523 BUY qty=5 price=700.60
trade paper-trade-524 SELL qty=65 price=703.00
trade paper-trade-525 BUY qty=5 price=695.65
trade paper-trade-526 BUY qty=5 price=696.90
trade paper-trade-527 SELL qty=10 price=700.85
trade paper-trade-528 BUY qty=5 price=701.50
trade paper-trade-529 SELL qty=5 price=705.35
trade paper-trade-530 BUY qty=5 price=703.95
trade paper-trade-531 BUY qty=5 price=702.40
trade paper-trade-532 BUY qty=5 price=701.50
trade paper-trade-533 SELL qty=15 price=704.60
trade paper-trade-534 BUY qty=5 price=702.45
trade paper-trade-535 BUY qty=5 price=702.00
trade paper-trade-536 BUY qty=5 price=701.75
trade paper-trade-537 SELL qty=15 price=703.90
trade paper-trade-538 BUY qty=5 price=702.75
trade paper-trade-539 SELL qty=5 price=704.15
trade paper-trade-540 BUY qty=5 price=702.10
trade paper-trade-541 BUY qty=5 price=701.80
trade paper-trade-542 BUY qty=5 price=700.70
trade paper-trade-543 SELL qty=15 price=701.60
trade paper-trade-544 BUY qty=5 price=700.10
trade paper-trade-545 BUY qty=5 price=699.30
trade paper-trade-546 SELL qty=10 price=700.40
trade paper-trade-547 BUY qty=5 price=703.60
trade paper-trade-548 BUY qty=5 price=702.15
trade paper-trade-549 BUY qty=5 price=701.80
trade paper-trade-550 BUY qty=5 price=701.75
trade paper-trade-551 BUY qty=5 price=701.50
trade paper-trade-552 BUY qty=5 price=701.00
trade paper-trade-553 SELL qty=30 price=702.50
trade paper-trade-554 BUY qty=5 price=701.10
trade paper-trade-555 BUY qty=5 price=700.80
trade paper-trade-556 BUY qty=5 price=700.15
trade paper-trade-557 BUY qty=5 price=700.10
trade paper-trade-558 BUY qty=5 price=699.15
trade paper-trade-559 BUY qty=5 price=698.60
trade paper-trade-560 BUY qty=5 price=697.40
trade paper-trade-561 BUY qty=5 price=697.15
trade paper-trade-562 BUY qty=5 price=696.45
trade paper-trade-563 SELL qty=45 price=697.80
trade paper-trade-564 BUY qty=5 price=695.35
trade paper-trade-565 BUY qty=5 price=695.25
trade paper-trade-566 BUY qty=5 price=691.80
trade paper-trade-567 SELL qty=15 price=694.20
trade paper-trade-568 BUY qty=5 price=692.75
trade paper-trade-569 SELL qty=5 price=694.60
trade paper-trade-570 BUY qty=5 price=693.30
trade paper-trade-571 BUY qty=5 price=692.40
trade paper-trade-572 SELL qty=10 price=695.20
trade paper-trade-573 BUY qty=5 price=693.90
trade paper-trade-574 BUY qty=5 price=693.00
trade paper-trade-575 BUY qty=5 price=692.40
trade paper-trade-576 SELL qty=15 price=696.25
trade paper-trade-577 BUY qty=5 price=697.30
trade paper-trade-578 BUY qty=5 price=697.00
trade paper-trade-579 BUY qty=5 price=696.25
trade paper-trade-580 BUY qty=5 price=695.50
trade paper-trade-581 BUY qty=5 price=694.80
trade paper-trade-582 SELL qty=25 price=697.35
trade paper-trade-583 BUY qty=5 price=699.10
trade paper-trade-584 BUY qty=5 price=698.55
trade paper-trade-585 BUY qty=5 price=698.40
trade paper-trade-586 BUY qty=5 price=697.40
trade paper-trade-587 BUY qty=5 price=696.75
trade paper-trade-588 BUY qty=5 price=696.25
trade paper-trade-589 BUY qty=5 price=696.10
trade paper-trade-590 BUY qty=5 price=688.65
trade paper-trade-591 BUY qty=5 price=688.40
trade paper-trade-592 BUY qty=5 price=687.20
trade paper-trade-593 SELL qty=50 price=685.90
trade paper-trade-594 BUY qty=5 price=684.70
trade paper-trade-595 SELL qty=5 price=686.10
trade paper-trade-596 BUY qty=5 price=684.40
trade paper-trade-597 BUY qty=5 price=683.75
trade paper-trade-598 SELL qty=10 price=684.50
trade paper-trade-599 BUY qty=5 price=690.70
trade paper-trade-600 SELL qty=5 price=695.40
trade paper-trade-601 BUY qty=5 price=693.05
trade paper-trade-602 BUY qty=5 price=692.50
trade paper-trade-603 SELL qty=10 price=696.45
trade paper-trade-604 BUY qty=5 price=700.50
trade paper-trade-605 SELL qty=5 price=703.65
trade paper-trade-606 BUY qty=5 price=702.55
trade paper-trade-607 BUY qty=5 price=701.80
trade paper-trade-608 BUY qty=5 price=701.50
trade paper-trade-609 BUY qty=5 price=700.30
trade paper-trade-610 BUY qty=5 price=699.00
trade paper-trade-611 SELL qty=25 price=700.65
trade paper-trade-612 BUY qty=5 price=705.00
trade paper-trade-613 SELL qty=5 price=707.40
trade paper-trade-614 BUY qty=5 price=707.10
trade paper-trade-615 BUY qty=5 price=706.60
trade paper-trade-616 BUY qty=5 price=706.50
trade paper-trade-617 BUY qty=5 price=706.50
trade paper-trade-618 BUY qty=5 price=706.20
trade paper-trade-619 BUY qty=5 price=705.90
trade paper-trade-620 BUY qty=5 price=705.50
trade paper-trade-621 SELL qty=35 price=706.25
trade paper-trade-622 BUY qty=5 price=709.10
trade paper-trade-623 SELL qty=5 price=713.50
trade paper-trade-624 BUY qty=5 price=710.25
trade paper-trade-625 BUY qty=5 price=709.80
trade paper-trade-626 BUY qty=5 price=708.50
trade paper-trade-627 SELL qty=15 price=712.05
trade paper-trade-628 BUY qty=5 price=708.80
trade paper-trade-629 BUY qty=5 price=708.60
trade paper-trade-630 SELL qty=10 price=710.65
trade paper-trade-631 BUY qty=5 price=710.40
trade paper-trade-632 BUY qty=5 price=710.25
trade paper-trade-633 SELL qty=10 price=711.00
trade paper-trade-634 BUY qty=5 price=710.00
trade paper-trade-635 SELL qty=5 price=710.50
trade paper-trade-636 BUY qty=5 price=710.25
trade paper-trade-637 SELL qty=5 price=711.00
trade paper-trade-638 BUY qty=5 price=710.15
trade paper-trade-639 BUY qty=5 price=710.15
trade paper-trade-640 BUY qty=5 price=709.70
trade paper-trade-641 BUY qty=5 price=709.00
trade paper-trade-642 BUY qty=5 price=708.10
trade paper-trade-643 BUY qty=5 price=707.80
trade paper-trade-644 SELL qty=30 price=709.80
trade paper-trade-645 BUY qty=5 price=718.90
trade paper-trade-646 BUY qty=5 price=717.90
trade paper-trade-647 SELL qty=10 price=719.45
trade paper-trade-648 BUY qty=5 price=722.00
trade paper-trade-649 SELL qty=5 price=723.00
trade paper-trade-650 BUY qty=5 price=722.10
trade paper-trade-651 SELL qty=5 price=722.90
trade paper-trade-652 BUY qty=5 price=723.10
trade paper-trade-653 BUY qty=5 price=722.50
trade paper-trade-654 SELL qty=10 price=724.30
trade paper-trade-655 BUY qty=5 price=725.75
trade paper-trade-656 BUY qty=5 price=724.65
trade paper-trade-657 BUY qty=5 price=724.00
trade paper-trade-658 SELL qty=15 price=726.40
trade paper-trade-659 BUY qty=5 price=725.95
trade paper-trade-660 BUY qty=5 price=723.25
trade paper-trade-661 BUY qty=5 price=722.30
trade paper-trade-662 BUY qty=5 price=721.90
trade paper-trade-663 SELL qty=20 price=723.40
trade paper-trade-664 BUY qty=5 price=722.25
trade paper-trade-665 SELL qty=5 price=723.20
trade paper-trade-666 BUY qty=5 price=723.50
trade paper-trade-667 BUY qty=5 price=723.10
trade paper-trade-668 BUY qty=5 price=722.20
trade paper-trade-669 BUY qty=5 price=720.40
trade paper-trade-670 BUY qty=5 price=720.30
trade paper-trade-671 BUY qty=5 price=719.00
trade paper-trade-672 SELL qty=30 price=720.65
trade paper-trade-673 BUY qty=5 price=718.85
trade paper-trade-674 BUY qty=5 price=718.00
trade paper-trade-675 BUY qty=5 price=718.00
trade paper-trade-676 BUY qty=5 price=712.60
trade paper-trade-677 SELL qty=20 price=713.65
trade paper-trade-678 BUY qty=5 price=710.60
trade paper-trade-679 BUY qty=5 price=709.30
trade paper-trade-680 BUY qty=5 price=708.50
trade paper-trade-681 BUY qty=5 price=708.25
trade paper-trade-682 BUY qty=5 price=708.10
trade paper-trade-683 BUY qty=5 price=707.35
trade paper-trade-684 SELL qty=30 price=709.35
trade paper-trade-685 BUY qty=5 price=708.30
trade paper-trade-686 SELL qty=5 price=709.90
trade paper-trade-687 BUY qty=5 price=708.60
trade paper-trade-688 BUY qty=5 price=708.00
trade paper-trade-689 BUY qty=5 price=707.50
trade paper-trade-690 BUY qty=5 price=706.80
trade paper-trade-691 SELL qty=20 price=708.45
trade paper-trade-692 BUY qty=5 price=707.95
trade paper-trade-693 BUY qty=5 price=707.70
trade paper-trade-694 SELL qty=10 price=708.75
trade paper-trade-695 BUY qty=5 price=709.60
trade paper-trade-696 BUY qty=5 price=709.00
trade paper-trade-697 BUY qty=5 price=708.50
trade paper-trade-698 BUY qty=5 price=707.15
trade paper-trade-699 SELL qty=20 price=709.45
trade paper-trade-700 BUY qty=5 price=714.25
trade paper-trade-701 BUY qty=5 price=713.05
trade paper-trade-702 BUY qty=5 price=712.90
trade paper-trade-703 SELL qty=15 price=714.10
trade paper-trade-704 BUY qty=5 price=713.60
trade paper-trade-705 BUY qty=5 price=713.55
trade paper-trade-706 BUY qty=5 price=713.10
trade paper-trade-707 BUY qty=5 price=712.25
trade paper-trade-708 SELL qty=20 price=714.10
trade paper-trade-709 BUY qty=5 price=713.50
trade paper-trade-710 BUY qty=5 price=713.25
trade paper-trade-711 BUY qty=5 price=713.00
trade paper-trade-712 BUY qty=5 price=710.75
trade paper-trade-713 SELL qty=20 price=711.50
trade paper-trade-714 BUY qty=5 price=709.35
trade paper-trade-715 SELL qty=5 price=711.25
trade paper-trade-716 BUY qty=5 price=710.55
trade paper-trade-717 SELL qty=5 price=712.95
trade paper-trade-718 BUY qty=5 price=712.70
trade paper-trade-719 BUY qty=5 price=712.65
trade paper-trade-720 BUY qty=5 price=711.60
trade paper-trade-721 SELL qty=15 price=713.85
trade paper-trade-722 BUY qty=5 price=715.25
trade paper-trade-723 SELL qty=5 price=716.50
trade paper-trade-724 BUY qty=5 price=716.40
trade paper-trade-725 BUY qty=5 price=715.65
trade paper-trade-726 BUY qty=5 price=715.70
trade paper-trade-727 BUY qty=5 price=714.60
trade paper-trade-728 BUY qty=5 price=713.25
trade paper-trade-729 BUY qty=5 price=712.70
trade paper-trade-730 BUY qty=5 price=711.50
trade paper-trade-731 BUY qty=5 price=711.25
trade paper-trade-732 BUY qty=5 price=710.75
trade paper-trade-733 BUY qty=5 price=710.20
trade paper-trade-734 BUY qty=5 price=708.25
trade paper-trade-735 BUY qty=5 price=708.00
trade paper-trade-736 SELL qty=60 price=709.80
trade paper-trade-737 BUY qty=5 price=707.90
trade paper-trade-738 BUY qty=5 price=707.50
trade paper-trade-739 BUY qty=5 price=707.15
trade paper-trade-740 SELL qty=15 price=708.75
trade paper-trade-741 BUY qty=5 price=709.65
trade paper-trade-742 BUY qty=5 price=709.70
trade paper-trade-743 BUY qty=5 price=709.60
trade paper-trade-744 BUY qty=5 price=709.25
trade paper-trade-745 SELL qty=20 price=710.10
trade paper-trade-746 BUY qty=5 price=711.25
trade paper-trade-747 SELL qty=5 price=712.90
trade paper-trade-748 BUY qty=5 price=710.60
trade paper-trade-749 BUY qty=5 price=709.80
trade paper-trade-750 BUY qty=5 price=709.30
trade paper-trade-751 SELL qty=15 price=710.75
trade paper-trade-752 BUY qty=5 price=710.10
trade paper-trade-753 BUY qty=5 price=709.65
trade paper-trade-754 SELL qty=10 price=711.25
trade paper-trade-755 BUY qty=5 price=711.10
trade paper-trade-756 BUY qty=5 price=710.80
trade paper-trade-757 BUY qty=5 price=704.65
trade paper-trade-758 SELL qty=15 price=707.25
trade paper-trade-759 BUY qty=5 price=706.50
trade paper-trade-760 SELL qty=5 price=708.00
trade paper-trade-761 BUY qty=5 price=708.15
trade paper-trade-762 SELL qty=5 price=709.10
trade paper-trade-763 BUY qty=5 price=707.15
trade paper-trade-764 BUY qty=5 price=706.50
trade paper-trade-765 BUY qty=5 price=705.50
trade paper-trade-766 BUY qty=5 price=704.50
trade paper-trade-767 SELL qty=20 price=706.55
trade paper-trade-768 BUY qty=5 price=707.25
trade paper-trade-769 SELL qty=5 price=708.25
trade paper-trade-770 BUY qty=5 price=706.60
trade paper-trade-771 BUY qty=5 price=706.25
trade paper-trade-772 BUY qty=5 price=706.00
trade paper-trade-773 BUY qty=5 price=705.55
trade paper-trade-774 BUY qty=5 price=705.10
trade paper-trade-775 BUY qty=5 price=704.90
trade paper-trade-776 BUY qty=5 price=702.65
trade paper-trade-777 BUY qty=5 price=701.25
trade paper-trade-778 SELL qty=40 price=702.10
trade paper-trade-779 BUY qty=5 price=700.80
trade paper-trade-780 BUY qty=5 price=700.20
trade paper-trade-781 BUY qty=5 price=700.60
trade paper-trade-782 SELL qty=15 price=701.65
trade paper-trade-783 BUY qty=5 price=700.50
trade paper-trade-784 BUY qty=5 price=700.25
trade paper-trade-785 BUY qty=5 price=700.10
trade paper-trade-786 SELL qty=15 price=701.30
trade paper-trade-787 BUY qty=5 price=701.10
trade paper-trade-788 SELL qty=5 price=702.65
trade paper-trade-789 BUY qty=5 price=701.65
trade paper-trade-790 SELL qty=5 price=703.75
trade paper-trade-791 BUY qty=5 price=702.45
trade paper-trade-792 SELL qty=5 price=703.00
trade paper-trade-793 BUY qty=5 price=704.40
trade paper-trade-794 SELL qty=5 price=706.15
trade paper-trade-795 BUY qty=5 price=706.15
trade paper-trade-796 BUY qty=5 price=706.00
trade paper-trade-797 SELL qty=10 price=707.15
trade paper-trade-798 BUY qty=5 price=708.55
trade paper-trade-799 SELL qty=5 price=709.50
trade paper-trade-800 BUY qty=5 price=714.60
trade paper-trade-801 BUY qty=5 price=714.15
trade paper-trade-802 SELL qty=10 price=716.10
trade paper-trade-803 BUY qty=5 price=715.25
trade paper-trade-804 SELL qty=5 price=716.85
trade paper-trade-805 BUY qty=5 price=715.60
trade paper-trade-806 BUY qty=5 price=714.20
trade paper-trade-807 SELL qty=10 price=716.05
trade paper-trade-808 BUY qty=5 price=716.10
trade paper-trade-809 BUY qty=5 price=715.10
trade paper-trade-810 BUY qty=5 price=714.65
trade paper-trade-811 BUY qty=5 price=712.60
trade paper-trade-812 SELL qty=20 price=714.85
trade paper-trade-813 BUY qty=5 price=713.90
trade paper-trade-814 SELL qty=5 price=714.25
trade paper-trade-815 BUY qty=5 price=713.20
trade paper-trade-816 BUY qty=5 price=712.75
trade paper-trade-817 SELL qty=10 price=713.50
trade paper-trade-818 BUY qty=5 price=714.30
trade paper-trade-819 SELL qty=5 price=715.10
trade paper-trade-820 BUY qty=5 price=715.00
trade paper-trade-821 BUY qty=5 price=714.85
trade paper-trade-822 SELL qty=10 price=715.70
trade paper-trade-823 BUY qty=5 price=715.40
trade paper-trade-824 BUY qty=5 price=715.35
trade paper-trade-825 BUY qty=5 price=711.25
trade paper-trade-826 BUY qty=5 price=713.20
trade paper-trade-827 BUY qty=5 price=712.70
trade paper-trade-828 BUY qty=5 price=712.00
trade paper-trade-829 SELL qty=30 price=713.20
trade paper-trade-830 BUY qty=5 price=711.90
trade paper-trade-831 SELL qty=5 price=713.10
trade paper-trade-832 BUY qty=5 price=713.10
trade paper-trade-833 BUY qty=5 price=713.00
trade paper-trade-834 BUY qty=5 price=712.80
trade paper-trade-835 SELL qty=15 price=713.25
trade paper-trade-836 BUY qty=5 price=716.50
trade paper-trade-837 SELL qty=5 price=717.80
trade paper-trade-838 BUY qty=5 price=719.00
trade paper-trade-839 BUY qty=5 price=719.10
trade paper-trade-840 SELL qty=10 price=720.65
trade paper-trade-841 BUY qty=5 price=719.60
trade paper-trade-842 BUY qty=5 price=718.20
trade paper-trade-843 BUY qty=5 price=717.65
trade paper-trade-844 SELL qty=15 price=720.10
trade paper-trade-845 BUY qty=5 price=722.60
trade paper-trade-846 BUY qty=5 price=721.70
trade paper-trade-847 BUY qty=5 price=721.15
trade paper-trade-848 SELL qty=15 price=723.70
trade paper-trade-849 BUY qty=5 price=721.65
trade paper-trade-850 SELL qty=5 price=723.45
trade paper-trade-851 BUY qty=5 price=722.10
trade paper-trade-852 BUY qty=5 price=721.50
trade paper-trade-853 BUY qty=5 price=721.15
trade paper-trade-854 SELL qty=15 price=722.30
trade paper-trade-855 BUY qty=5 price=721.35
trade paper-trade-856 BUY qty=5 price=721.00
trade paper-trade-857 SELL qty=10 price=722.50
trade paper-trade-858 BUY qty=5 price=721.85
trade paper-trade-859 BUY qty=5 price=719.90
trade paper-trade-860 SELL qty=10 price=724.40
trade paper-trade-861 BUY qty=5 price=722.60
trade paper-trade-862 BUY qty=5 price=722.10
trade paper-trade-863 BUY qty=5 price=722.10
trade paper-trade-864 SELL qty=15 price=722.50
trade paper-trade-865 BUY qty=5 price=721.85
trade paper-trade-866 BUY qty=5 price=721.75
trade paper-trade-867 BUY qty=5 price=721.40
trade paper-trade-868 BUY qty=5 price=721.00
trade paper-trade-869 BUY qty=5 price=720.90
trade paper-trade-870 SELL qty=25 price=721.70
trade paper-trade-871 BUY qty=5 price=719.50
trade paper-trade-872 BUY qty=5 price=719.50
trade paper-trade-873 BUY qty=5 price=719.25
trade paper-trade-874 BUY qty=5 price=716.00
trade paper-trade-875 SELL qty=20 price=717.25
trade paper-trade-876 BUY qty=5 price=715.60
trade paper-trade-877 SELL qty=5 price=717.20
trade paper-trade-878 BUY qty=5 price=715.15
trade paper-trade-879 BUY qty=5 price=715.25
trade paper-trade-880 SELL qty=10 price=716.75
trade paper-trade-881 BUY qty=5 price=715.45
trade paper-trade-882 BUY qty=5 price=715.25
trade paper-trade-883 BUY qty=5 price=714.60
trade paper-trade-884 BUY qty=5 price=714.30
trade paper-trade-885 BUY qty=5 price=713.35
trade paper-trade-886 SELL qty=25 price=715.55
trade paper-trade-887 BUY qty=5 price=715.50
trade paper-trade-888 SELL qty=5 price=715.00
trade paper-trade-889 BUY qty=5 price=714.00
trade paper-trade-890 BUY qty=5 price=713.60
trade paper-trade-891 BUY qty=5 price=713.25
trade paper-trade-892 BUY qty=5 price=712.95
trade paper-trade-893 SELL qty=20 price=713.60
trade paper-trade-894 BUY qty=5 price=712.90
trade paper-trade-895 SELL qty=5 price=715.90
trade paper-trade-896 BUY qty=5 price=729.00
trade paper-trade-897 BUY qty=5 price=727.60
trade paper-trade-898 SELL qty=10 price=728.65
trade paper-trade-899 BUY qty=5 price=727.90
trade paper-trade-900 SELL qty=5 price=729.00
trade paper-trade-901 BUY qty=5 price=729.30
trade paper-trade-902 BUY qty=5 price=728.50
trade paper-trade-903 SELL qty=10 price=730.75
trade paper-trade-904 BUY qty=5 price=731.75
trade paper-trade-905 BUY qty=5 price=731.30
trade paper-trade-906 SELL qty=10 price=733.50
trade paper-trade-907 BUY qty=5 price=733.70
trade paper-trade-908 BUY qty=5 price=732.80
trade paper-trade-909 BUY qty=5 price=732.90
trade paper-trade-910 SELL qty=15 price=734.40
trade paper-trade-911 BUY qty=5 price=733.25
trade paper-trade-912 BUY qty=5 price=730.20
trade paper-trade-913 BUY qty=5 price=729.65
trade paper-trade-914 BUY qty=5 price=729.10
trade paper-trade-915 BUY qty=5 price=728.10
trade paper-trade-916 BUY qty=5 price=727.45
trade paper-trade-917 BUY qty=5 price=727.15
trade paper-trade-918 SELL qty=35 price=728.90
trade paper-trade-919 BUY qty=5 price=729.60
trade paper-trade-920 BUY qty=5 price=729.30
trade paper-trade-921 BUY qty=5 price=728.50
trade paper-trade-922 BUY qty=5 price=728.00
trade paper-trade-923 BUY qty=5 price=726.95
trade paper-trade-924 SELL qty=25 price=728.80
trade paper-trade-925 BUY qty=5 price=728.20
trade paper-trade-926 BUY qty=5 price=727.40
trade paper-trade-927 BUY qty=5 price=724.20
trade paper-trade-928 BUY qty=5 price=723.70
trade paper-trade-929 SELL qty=20 price=725.80
trade paper-trade-930 BUY qty=5 price=724.60
trade paper-trade-931 BUY qty=5 price=723.60
trade paper-trade-932 SELL qty=10 price=725.55
trade paper-trade-933 BUY qty=5 price=723.30
trade paper-trade-934 SELL qty=5 price=724.75
trade paper-trade-935 BUY qty=5 price=728.75
trade paper-trade-936 SELL qty=5 price=730.00
trade paper-trade-937 BUY qty=5 price=728.70
trade paper-trade-938 BUY qty=5 price=728.35
trade paper-trade-939 BUY qty=5 price=727.90
trade paper-trade-940 BUY qty=5 price=727.60
trade paper-trade-941 BUY qty=5 price=726.50
trade paper-trade-942 BUY qty=5 price=726.10
trade paper-trade-943 BUY qty=5 price=725.75
trade paper-trade-944 BUY qty=5 price=725.85
trade paper-trade-945 SELL qty=40 price=728.00
trade paper-trade-946 BUY qty=5 price=726.10
trade paper-trade-947 BUY qty=5 price=725.90
trade paper-trade-948 BUY qty=5 price=725.60
trade paper-trade-949 BUY qty=5 price=724.05
trade paper-trade-950 BUY qty=5 price=723.40
trade paper-trade-951 BUY qty=5 price=722.90
trade paper-trade-952 SELL qty=30 price=725.00
trade paper-trade-953 BUY qty=5 price=724.20
trade paper-trade-954 SELL qty=5 price=724.60
trade paper-trade-955 BUY qty=5 price=723.20
trade paper-trade-956 BUY qty=5 price=723.20
trade paper-trade-957 BUY qty=5 price=722.90
trade paper-trade-958 SELL qty=15 price=724.00
trade paper-trade-959 BUY qty=5 price=723.75
trade paper-trade-960 SELL qty=5 price=725.00
trade paper-trade-961 BUY qty=5 price=724.15
trade paper-trade-962 BUY qty=5 price=723.10
trade paper-trade-963 SELL qty=10 price=724.60
trade paper-trade-964 BUY qty=5 price=725.10
trade paper-trade-965 BUY qty=5 price=724.10
trade paper-trade-966 BUY qty=5 price=723.00
trade paper-trade-967 BUY qty=5 price=721.65
trade paper-trade-968 SELL qty=20 price=723.00
trade paper-trade-969 BUY qty=5 price=721.00
trade paper-trade-970 SELL qty=5 price=723.10
trade paper-trade-971 BUY qty=5 price=722.60
trade paper-trade-972 BUY qty=5 price=720.45
trade paper-trade-973 BUY qty=5 price=719.80
trade paper-trade-974 SELL qty=15 price=722.10
trade paper-trade-975 BUY qty=5 price=725.10
trade paper-trade-976 SELL qty=5 price=726.35
trade paper-trade-977 BUY qty=5 price=725.70
trade paper-trade-978 SELL qty=5 price=726.60
trade paper-trade-979 BUY qty=5 price=726.60
trade paper-trade-980 BUY qty=5 price=726.10
trade paper-trade-981 BUY qty=5 price=725.70
trade paper-trade-982 BUY qty=5 price=725.10
trade paper-trade-983 BUY qty=5 price=724.55
trade paper-trade-984 BUY qty=5 price=722.50
trade paper-trade-985 BUY qty=5 price=721.30
trade paper-trade-986 BUY qty=5 price=721.05
trade paper-trade-987 SELL qty=40 price=722.10
trade paper-trade-988 BUY qty=5 price=720.75
trade paper-trade-989 SELL qty=5 price=722.20
trade paper-trade-990 BUY qty=5 price=723.85
trade paper-trade-991 SELL qty=5 price=724.45
trade paper-trade-992 BUY qty=5 price=723.80
trade paper-trade-993 SELL qty=5 price=725.00
trade paper-trade-994 BUY qty=5 price=723.50
trade paper-trade-995 BUY qty=5 price=722.40
trade paper-trade-996 BUY qty=5 price=721.70
trade paper-trade-997 BUY qty=5 price=721.25
trade paper-trade-998 BUY qty=5 price=721.05
trade paper-trade-999 BUY qty=5 price=720.75
trade paper-trade-1000 BUY qty=5 price=720.70
trade paper-trade-1001 SELL qty=35 price=722.95
trade paper-trade-1002 BUY qty=5 price=723.70
trade paper-trade-1003 SELL qty=5 price=725.00
trade paper-trade-1004 BUY qty=5 price=723.25
trade paper-trade-1005 BUY qty=5 price=722.00
trade paper-trade-1006 BUY qty=5 price=719.65
trade paper-trade-1007 BUY qty=5 price=719.25
trade paper-trade-1008 BUY qty=5 price=718.25
trade paper-trade-1009 BUY qty=5 price=715.75
trade paper-trade-1010 SELL qty=30 price=715.40
trade paper-trade-1011 BUY qty=5 price=719.25
trade paper-trade-1012 SELL qty=5 price=721.00
trade paper-trade-1013 BUY qty=5 price=720.15
trade paper-trade-1014 BUY qty=5 price=719.45
trade paper-trade-1015 BUY qty=5 price=716.65
trade paper-trade-1016 BUY qty=5 price=715.25
trade paper-trade-1017 SELL qty=20 price=718.00
trade paper-trade-1018 BUY qty=5 price=715.15
trade paper-trade-1019 BUY qty=5 price=714.60
trade paper-trade-1020 SELL qty=10 price=721.00
trade paper-trade-1021 BUY qty=5 price=723.40
trade paper-trade-1022 BUY qty=5 price=722.25
trade paper-trade-1023 BUY qty=5 price=722.10
trade paper-trade-1024 BUY qty=5 price=721.70
trade paper-trade-1025 BUY qty=5 price=720.40
trade paper-trade-1026 SELL qty=25 price=721.95
trade paper-trade-1027 BUY qty=5 price=722.30
trade paper-trade-1028 BUY qty=5 price=721.30
trade paper-trade-1029 BUY qty=5 price=719.40
trade paper-trade-1030 SELL qty=15 price=721.45
trade paper-trade-1031 BUY qty=5 price=720.85
trade paper-trade-1032 SELL qty=5 price=723.25
trade paper-trade-1033 BUY qty=5 price=723.00
trade paper-trade-1034 BUY qty=5 price=721.80
trade paper-trade-1035 SELL qty=10 price=722.95
trade paper-trade-1036 BUY qty=5 price=721.75
trade paper-trade-1037 BUY qty=5 price=721.00
trade paper-trade-1038 SELL qty=10 price=722.20
trade paper-trade-1039 BUY qty=5 price=722.15
trade paper-trade-1040 BUY qty=5 price=721.70
trade paper-trade-1041 BUY qty=5 price=720.75
trade paper-trade-1042 BUY qty=5 price=720.75
trade paper-trade-1043 BUY qty=5 price=717.00
trade paper-trade-1044 BUY qty=5 price=716.25
trade paper-trade-1045 BUY qty=5 price=715.80
trade paper-trade-1046 SELL qty=35 price=717.00
trade paper-trade-1047 BUY qty=5 price=716.05
trade paper-trade-1048 BUY qty=5 price=715.55
trade paper-trade-1049 BUY qty=5 price=715.50
trade paper-trade-1050 BUY qty=5 price=715.30
trade paper-trade-1051 SELL qty=20 price=715.80
trade paper-trade-1052 BUY qty=5 price=715.10
trade paper-trade-1053 SELL qty=5 price=715.90
trade paper-trade-1054 BUY qty=5 price=715.60
trade paper-trade-1055 BUY qty=5 price=715.20
trade paper-trade-1056 BUY qty=5 price=714.55
trade paper-trade-1057 BUY qty=5 price=713.95
trade paper-trade-1058 BUY qty=5 price=713.35
trade paper-trade-1059 BUY qty=5 price=713.00
trade paper-trade-1060 BUY qty=5 price=712.20
trade paper-trade-1061 BUY qty=5 price=712.15
trade paper-trade-1062 BUY qty=5 price=711.70
trade paper-trade-1063 SELL qty=45 price=714.00
trade paper-trade-1064 BUY qty=5 price=716.15
trade paper-trade-1065 BUY qty=5 price=715.60
trade paper-trade-1066 SELL qty=10 price=716.00
trade paper-trade-1067 BUY qty=5 price=715.15
trade paper-trade-1068 BUY qty=5 price=714.75
trade paper-trade-1069 BUY qty=5 price=714.25
trade paper-trade-1070 SELL qty=15 price=715.25
trade paper-trade-1071 BUY qty=5 price=718.10
trade paper-trade-1072 BUY qty=5 price=717.80
trade paper-trade-1073 BUY qty=5 price=717.40
trade paper-trade-1074 SELL qty=15 price=719.05
trade paper-trade-1075 BUY qty=5 price=728.30
trade paper-trade-1076 BUY qty=5 price=727.95
trade paper-trade-1077 BUY qty=5 price=727.50
trade paper-trade-1078 BUY qty=5 price=727.15
trade paper-trade-1079 BUY qty=5 price=726.85
trade paper-trade-1080 BUY qty=5 price=726.80
trade paper-trade-1081 SELL qty=30 price=727.95
trade paper-trade-1082 BUY qty=5 price=728.35
trade paper-trade-1083 BUY qty=5 price=726.75
trade paper-trade-1084 BUY qty=5 price=727.00
trade paper-trade-1085 BUY qty=5 price=726.75
trade paper-trade-1086 SELL qty=20 price=729.50
trade paper-trade-1087 BUY qty=5 price=727.15
trade paper-trade-1088 BUY qty=5 price=724.45
trade paper-trade-1089 SELL qty=10 price=732.35
trade paper-trade-1090 BUY qty=5 price=732.00
trade paper-trade-1091 BUY qty=5 price=732.50
trade paper-trade-1092 SELL qty=10 price=733.90
trade paper-trade-1093 BUY qty=5 price=733.00
trade paper-trade-1094 BUY qty=5 price=732.65
trade paper-trade-1095 BUY qty=5 price=732.00
trade paper-trade-1096 BUY qty=5 price=731.70
trade paper-trade-1097 SELL qty=20 price=732.95
trade paper-trade-1098 BUY qty=5 price=733.00
trade paper-trade-1099 BUY qty=5 price=732.75
trade paper-trade-1100 BUY qty=5 price=731.95
trade paper-trade-1101 BUY qty=5 price=731.20
trade paper-trade-1102 SELL qty=20 price=733.10
trade paper-trade-1103 BUY qty=5 price=732.10
trade paper-trade-1104 SELL qty=5 price=732.90
trade paper-trade-1105 BUY qty=5 price=732.00
trade paper-trade-1106 SELL qty=5 price=734.10
trade paper-trade-1107 BUY qty=5 price=734.80
trade paper-trade-1108 BUY qty=5 price=734.10
trade paper-trade-1109 SELL qty=10 price=737.10
trade paper-trade-1110 BUY qty=5 price=743.00
trade paper-trade-1111 BUY qty=5 price=742.55
trade paper-trade-1112 SELL qty=10 price=744.25
trade paper-trade-1113 BUY qty=5 price=742.10
trade paper-trade-1114 BUY qty=5 price=741.65
trade paper-trade-1115 SELL qty=10 price=742.90
trade paper-trade-1116 BUY qty=5 price=742.80
trade paper-trade-1117 BUY qty=5 price=741.30
trade paper-trade-1118 BUY qty=5 price=739.70
trade paper-trade-1119 SELL qty=15 price=740.90
trade paper-trade-1120 BUY qty=5 price=739.25
trade paper-trade-1121 BUY qty=5 price=738.80
trade paper-trade-1122 BUY qty=5 price=736.75
trade paper-trade-1123 BUY qty=5 price=735.80
trade paper-trade-1124 SELL qty=20 price=738.60
trade paper-trade-1125 BUY qty=5 price=743.15
trade paper-trade-1126 SELL qty=5 price=744.30
trade paper-trade-1127 BUY qty=5 price=746.40
trade paper-trade-1128 BUY qty=5 price=745.00
trade paper-trade-1129 BUY qty=5 price=744.95
trade paper-trade-1130 BUY qty=5 price=744.35
trade paper-trade-1131 SELL qty=20 price=746.30
trade paper-trade-1132 BUY qty=5 price=744.60
trade paper-trade-1133 BUY qty=5 price=741.60
trade paper-trade-1134 BUY qty=5 price=741.25
trade paper-trade-1135 BUY qty=5 price=740.85
trade paper-trade-1136 SELL qty=20 price=741.35
trade paper-trade-1137 BUY qty=5 price=755.60
trade paper-trade-1138 BUY qty=5 price=755.15
trade paper-trade-1139 BUY qty=5 price=754.50
trade paper-trade-1140 SELL qty=15 price=756.65
trade paper-trade-1141 BUY qty=5 price=755.05
trade paper-trade-1142 BUY qty=5 price=755.00
trade paper-trade-1143 SELL qty=10 price=758.00
trade paper-trade-1144 BUY qty=5 price=757.25
trade paper-trade-1145 SELL qty=5 price=759.65
trade paper-trade-1146 BUY qty=5 price=758.90
trade paper-trade-1147 SELL qty=5 price=761.25
trade paper-trade-1148 BUY qty=5 price=762.60
trade paper-trade-1149 BUY qty=5 price=762.50
trade paper-trade-1150 SELL qty=10 price=761.10
trade paper-trade-1151 BUY qty=5 price=762.40
trade paper-trade-1152 SELL qty=5 price=764.55
trade paper-trade-1153 BUY qty=5 price=773.50
trade paper-trade-1154 SELL qty=5 price=775.25
trade paper-trade-1155 BUY qty=5 price=775.70
trade paper-trade-1156 BUY qty=5 price=774.70
trade paper-trade-1157 BUY qty=5 price=774.80
trade paper-trade-1158 BUY qty=5 price=774.50
trade paper-trade-1159 BUY qty=5 price=774.40
trade paper-trade-1160 SELL qty=25 price=776.00
trade paper-trade-1161 BUY qty=5 price=774.75
trade paper-trade-1162 BUY qty=5 price=773.80
trade paper-trade-1163 BUY qty=5 price=773.40
trade paper-trade-1164 BUY qty=5 price=773.25
trade paper-trade-1165 BUY qty=5 price=772.75
trade paper-trade-1166 BUY qty=5 price=772.30
trade paper-trade-1167 SELL qty=30 price=773.75
trade paper-trade-1168 BUY qty=5 price=773.35
trade paper-trade-1169 SELL qty=5 price=777.10
trade paper-trade-1170 BUY qty=5 price=772.60
trade paper-trade-1171 BUY qty=5 price=772.05
trade paper-trade-1172 BUY qty=5 price=771.90
trade paper-trade-1173 BUY qty=5 price=771.50
trade paper-trade-1174 SELL qty=20 price=773.40
trade paper-trade-1175 BUY qty=5 price=772.00
trade paper-trade-1176 BUY qty=5 price=771.65
trade paper-trade-1177 SELL qty=10 price=772.50
trade paper-trade-1178 BUY qty=5 price=771.50
trade paper-trade-1179 SELL qty=5 price=772.35
trade paper-trade-1180 BUY qty=5 price=772.20
trade paper-trade-1181 SELL qty=5 price=772.75
trade paper-trade-1182 BUY qty=5 price=772.00
trade paper-trade-1183 SELL qty=5 price=772.75
trade paper-trade-1184 BUY qty=5 price=774.00
trade paper-trade-1185 BUY qty=5 price=773.45
trade paper-trade-1186 BUY qty=5 price=772.75
trade paper-trade-1187 SELL qty=15 price=773.70
trade paper-trade-1188 BUY qty=5 price=772.50
trade paper-trade-1189 SELL qty=5 price=774.35
trade paper-trade-1190 BUY qty=5 price=774.00
trade paper-trade-1191 SELL qty=5 price=775.90
trade paper-trade-1192 BUY qty=5 price=774.15
trade paper-trade-1193 BUY qty=5 price=774.15
trade paper-trade-1194 BUY qty=5 price=773.80
trade paper-trade-1195 BUY qty=5 price=773.45
trade paper-trade-1196 BUY qty=5 price=773.35
trade paper-trade-1197 BUY qty=5 price=772.30
trade paper-trade-1198 BUY qty=5 price=771.90
trade paper-trade-1199 BUY qty=5 price=770.60
trade paper-trade-1200 SELL qty=40 price=772.40
trade paper-trade-1201 BUY qty=5 price=772.10
trade paper-trade-1202 BUY qty=5 price=771.50
trade paper-trade-1203 BUY qty=5 price=771.20
trade paper-trade-1204 SELL qty=15 price=773.15
trade paper-trade-1205 BUY qty=5 price=773.45
trade paper-trade-1206 BUY qty=5 price=769.10
trade paper-trade-1207 SELL qty=10 price=771.45
trade paper-trade-1208 BUY qty=5 price=770.30
trade paper-trade-1209 BUY qty=5 price=769.95
trade paper-trade-1210 BUY qty=5 price=770.75
trade paper-trade-1211 BUY qty=5 price=770.35
trade paper-trade-1212 BUY qty=5 price=770.10
trade paper-trade-1213 BUY qty=5 price=770.25
trade paper-trade-1214 SELL qty=30 price=772.00
trade paper-trade-1215 BUY qty=5 price=771.10
trade paper-trade-1216 BUY qty=5 price=770.80
trade paper-trade-1217 SELL qty=10 price=771.60
trade paper-trade-1218 BUY qty=5 price=771.00
trade paper-trade-1219 BUY qty=5 price=770.70
trade paper-trade-1220 BUY qty=5 price=769.75
trade paper-trade-1221 SELL qty=15 price=769.95
trade paper-trade-1222 BUY qty=5 price=769.20
trade paper-trade-1223 BUY qty=5 price=769.10
trade paper-trade-1224 BUY qty=5 price=768.60
trade paper-trade-1225 BUY qty=5 price=768.40
trade paper-trade-1226 BUY qty=5 price=768.05
trade paper-trade-1227 SELL qty=25 price=769.40
trade paper-trade-1228 BUY qty=5 price=767.20
trade paper-trade-1229 BUY qty=5 price=767.00
trade paper-trade-1230 BUY qty=5 price=763.00
trade paper-trade-1231 BUY qty=5 price=763.40
trade paper-trade-1232 BUY qty=5 price=762.00
trade paper-trade-1233 BUY qty=5 price=758.00
trade paper-trade-1234 BUY qty=5 price=757.90
trade paper-trade-1235 BUY qty=5 price=757.40
trade paper-trade-1236 SELL qty=40 price=759.35
trade paper-trade-1237 BUY qty=5 price=760.30
trade paper-trade-1238 BUY qty=5 price=759.60
trade paper-trade-1239 BUY qty=5 price=759.30
trade paper-trade-1240 BUY qty=5 price=759.00
trade paper-trade-1241 BUY qty=5 price=759.55
trade paper-trade-1242 BUY qty=5 price=759.40
trade paper-trade-1243 SELL qty=30 price=760.80
trade paper-trade-1244 BUY qty=5 price=759.80
trade paper-trade-1245 BUY qty=5 price=759.40
trade paper-trade-1246 BUY qty=5 price=759.00
trade paper-trade-1247 BUY qty=5 price=759.00
trade paper-trade-1248 BUY qty=5 price=751.50
trade paper-trade-1249 BUY qty=5 price=751.75
trade paper-trade-1250 BUY qty=5 price=750.75
trade paper-trade-1251 BUY qty=5 price=750.40
trade paper-trade-1252 BUY qty=5 price=750.00
trade paper-trade-1253 SELL qty=45 price=753.00
trade paper-trade-1254 BUY qty=5 price=752.70
trade paper-trade-1255 SELL qty=5 price=754.20
trade paper-trade-1256 BUY qty=5 price=753.25
trade paper-trade-1257 BUY qty=5 price=752.50
trade paper-trade-1258 BUY qty=5 price=752.50
trade paper-trade-1259 BUY qty=5 price=751.85
trade paper-trade-1260 BUY qty=5 price=751.80
trade paper-trade-1261 BUY qty=5 price=751.30
trade paper-trade-1262 BUY qty=5 price=751.10
trade paper-trade-1263 BUY qty=5 price=750.30
trade paper-trade-1264 BUY qty=5 price=750.10
trade paper-trade-1265 BUY qty=5 price=749.75
trade paper-trade-1266 BUY qty=5 price=748.95
trade paper-trade-1267 SELL qty=55 price=750.65
trade paper-trade-1268 BUY qty=5 price=749.40
trade paper-trade-1269 BUY qty=5 price=748.85
trade paper-trade-1270 BUY qty=5 price=747.60
trade paper-trade-1271 BUY qty=5 price=746.85
trade paper-trade-1272 BUY qty=5 price=741.70
trade paper-trade-1273 SELL qty=25 price=744.90
trade paper-trade-1274 BUY qty=5 price=747.00
trade paper-trade-1275 SELL qty=5 price=749.40
trade paper-trade-1276 BUY qty=5 price=749.75
trade paper-trade-1277 SELL qty=5 price=750.75
trade paper-trade-1278 BUY qty=5 price=751.10
trade paper-trade-1279 BUY qty=5 price=750.70
trade paper-trade-1280 BUY qty=5 price=750.05
trade paper-trade-1281 BUY qty=5 price=749.70
trade paper-trade-1282 SELL qty=20 price=750.70
trade paper-trade-1283 BUY qty=5 price=754.60
trade paper-trade-1284 BUY qty=5 price=753.40
trade paper-trade-1285 BUY qty=5 price=753.05
trade paper-trade-1286 BUY qty=5 price=753.10
trade paper-trade-1287 BUY qty=5 price=752.75
trade paper-trade-1288 SELL qty=25 price=754.10
trade paper-trade-1289 BUY qty=5 price=755.50
trade paper-trade-1290 SELL qty=5 price=757.20
trade paper-trade-1291 BUY qty=5 price=755.75
trade paper-trade-1292 SELL qty=5 price=756.60
trade paper-trade-1293 BUY qty=5 price=756.10
trade paper-trade-1294 BUY qty=5 price=755.20
trade paper-trade-1295 BUY qty=5 price=750.45
trade paper-trade-1296 BUY qty=5 price=749.65
trade paper-trade-1297 BUY qty=5 price=750.30
trade paper-trade-1298 BUY qty=5 price=749.40
trade paper-trade-1299 BUY qty=5 price=749.00
trade paper-trade-1300 BUY qty=5 price=747.80
trade paper-trade-1301 BUY qty=5 price=747.30
trade paper-trade-1302 BUY qty=5 price=747.00
trade paper-trade-1303 BUY qty=5 price=746.30
trade paper-trade-1304 SELL qty=55 price=748.40
trade paper-trade-1305 BUY qty=5 price=742.00
trade paper-trade-1306 BUY qty=5 price=742.75
trade paper-trade-1307 SELL qty=10 price=748.60
trade paper-trade-1308 BUY qty=5 price=749.55
trade paper-trade-1309 SELL qty=5 price=751.40
trade paper-trade-1310 BUY qty=5 price=748.80
trade paper-trade-1311 SELL qty=5 price=751.40
trade paper-trade-1312 BUY qty=5 price=751.75
trade paper-trade-1313 SELL qty=5 price=752.90
trade paper-trade-1314 BUY qty=5 price=760.75
trade paper-trade-1315 BUY qty=5 price=761.30
trade paper-trade-1316 SELL qty=10 price=763.90
trade paper-trade-1317 BUY qty=5 price=763.20
trade paper-trade-1318 BUY qty=5 price=759.15
trade paper-trade-1319 BUY qty=5 price=757.35
trade paper-trade-1320 SELL qty=15 price=760.10
trade paper-trade-1321 BUY qty=5 price=758.20
trade paper-trade-1322 SELL qty=5 price=759.35
trade paper-trade-1323 BUY qty=5 price=758.60
trade paper-trade-1324 SELL qty=5 price=759.90
trade paper-trade-1325 BUY qty=5 price=759.25
trade paper-trade-1326 BUY qty=5 price=759.10
trade paper-trade-1327 BUY qty=5 price=758.70
trade paper-trade-1328 BUY qty=5 price=757.90
trade paper-trade-1329 SELL qty=20 price=759.50
trade paper-trade-1330 BUY qty=5 price=758.60
trade paper-trade-1331 BUY qty=5 price=757.50
trade paper-trade-1332 BUY qty=5 price=757.40
trade paper-trade-1333 BUY qty=5 price=757.00
trade paper-trade-1334 BUY qty=5 price=756.50
trade paper-trade-1335 BUY qty=5 price=755.80
trade paper-trade-1336 SELL qty=30 price=755.55
trade paper-trade-1337 BUY qty=5 price=755.25
trade paper-trade-1338 SELL qty=5 price=756.90
trade paper-trade-1339 BUY qty=5 price=757.40
trade paper-trade-1340 BUY qty=5 price=756.75
trade paper-trade-1341 SELL qty=10 price=757.60
trade paper-trade-1342 BUY qty=5 price=756.40
trade paper-trade-1343 BUY qty=5 price=756.20
trade paper-trade-1344 BUY qty=5 price=756.10
trade paper-trade-1345 BUY qty=5 price=755.30
trade paper-trade-1346 BUY qty=5 price=755.15
trade paper-trade-1347 BUY qty=5 price=754.30
trade paper-trade-1348 SELL qty=30 price=755.45
trade paper-trade-1349 BUY qty=5 price=754.50
trade paper-trade-1350 BUY qty=5 price=754.45
trade paper-trade-1351 BUY qty=5 price=754.40
trade paper-trade-1352 BUY qty=5 price=754.25
trade paper-trade-1353 SELL qty=20 price=755.30
trade paper-trade-1354 BUY qty=5 price=754.50
trade paper-trade-1355 BUY qty=5 price=753.85
trade paper-trade-1356 BUY qty=5 price=753.75
trade paper-trade-1357 BUY qty=5 price=753.60
trade paper-trade-1358 BUY qty=5 price=753.00
trade paper-trade-1359 BUY qty=5 price=752.50
trade paper-trade-1360 BUY qty=5 price=752.25
trade paper-trade-1361 SELL qty=35 price=753.40
trade paper-trade-1362 BUY qty=5 price=752.50
trade paper-trade-1363 BUY qty=5 price=751.90
trade paper-trade-1364 SELL qty=10 price=752.95
trade paper-trade-1365 BUY qty=5 price=759.50
trade paper-trade-1366 BUY qty=5 price=759.10
trade paper-trade-1367 BUY qty=5 price=758.90
trade paper-trade-1368 SELL qty=15 price=759.10
trade paper-trade-1369 BUY qty=5 price=758.60
trade paper-trade-1370 BUY qty=5 price=758.75
trade paper-trade-1371 BUY qty=5 price=758.50
trade paper-trade-1372 BUY qty=5 price=758.30
trade paper-trade-1373 BUY qty=5 price=758.20
trade paper-trade-1374 BUY qty=5 price=757.85
trade paper-trade-1375 BUY qty=5 price=757.70
trade paper-trade-1376 BUY qty=5 price=757.10
trade paper-trade-1377 SELL qty=40 price=758.00
trade paper-trade-1378 BUY qty=5 price=757.60
trade paper-trade-1379 BUY qty=5 price=757.50
trade paper-trade-1380 SELL qty=10 price=758.10
trade paper-trade-1381 BUY qty=5 price=757.50
trade paper-trade-1382 BUY qty=5 price=757.25
trade paper-trade-1383 BUY qty=5 price=756.90
trade paper-trade-1384 BUY qty=5 price=756.40
trade paper-trade-1385 BUY qty=5 price=755.60
trade paper-trade-1386 SELL qty=25 price=757.35
trade paper-trade-1387 BUY qty=5 price=754.95
trade paper-trade-1388 BUY qty=5 price=754.60
trade paper-trade-1389 SELL qty=10 price=756.50
trade paper-trade-1390 BUY qty=5 price=756.05
trade paper-trade-1391 SELL qty=5 price=758.35
trade paper-trade-1392 BUY qty=5 price=756.75
trade paper-trade-1393 BUY qty=5 price=755.50
trade paper-trade-1394 SELL qty=10 price=756.10
trade paper-trade-1395 BUY qty=5 price=755.80
trade paper-trade-1396 BUY qty=5 price=755.60
trade paper-trade-1397 BUY qty=5 price=755.40
trade paper-trade-1398 BUY qty=5 price=755.25
trade paper-trade-1399 SELL qty=20 price=756.10
trade paper-trade-1400 BUY qty=5 price=755.25
trade paper-trade-1401 BUY qty=5 price=755.05
trade paper-trade-1402 SELL qty=10 price=756.20
trade paper-trade-1403 BUY qty=5 price=761.00
trade paper-trade-1404 BUY qty=5 price=759.30
trade paper-trade-1405 BUY qty=5 price=757.30
trade paper-trade-1406 BUY qty=5 price=756.60
trade paper-trade-1407 SELL qty=20 price=758.20
trade paper-trade-1408 BUY qty=5 price=756.60
trade paper-trade-1409 BUY qty=5 price=756.20
trade paper-trade-1410 SELL qty=10 price=758.00
trade paper-trade-1411 BUY qty=5 price=757.00
trade paper-trade-1412 BUY qty=5 price=756.70
trade paper-trade-1413 BUY qty=5 price=756.50
trade paper-trade-1414 BUY qty=5 price=756.60
trade paper-trade-1415 SELL qty=20 price=757.75
trade paper-trade-1416 BUY qty=5 price=757.10
trade paper-trade-1417 BUY qty=5 price=756.90
trade paper-trade-1418 BUY qty=5 price=756.70
trade paper-trade-1419 BUY qty=5 price=756.00
trade paper-trade-1420 BUY qty=5 price=755.25
trade paper-trade-1421 BUY qty=5 price=754.55
trade paper-trade-1422 SELL qty=30 price=755.70
trade paper-trade-1423 BUY qty=5 price=753.80
trade paper-trade-1424 BUY qty=5 price=753.70
trade paper-trade-1425 SELL qty=10 price=756.30
trade paper-trade-1426 BUY qty=5 price=754.60
trade paper-trade-1427 BUY qty=5 price=754.45
trade paper-trade-1428 BUY qty=5 price=753.80
trade paper-trade-1429 SELL qty=15 price=755.00
trade paper-trade-1430 BUY qty=5 price=759.40
trade paper-trade-1431 BUY qty=5 price=759.25
trade paper-trade-1432 BUY qty=5 price=758.55
trade paper-trade-1433 BUY qty=5 price=758.20
trade paper-trade-1434 SELL qty=20 price=760.00
trade paper-trade-1435 BUY qty=5 price=760.50
trade paper-trade-1436 SELL qty=5 price=761.75
trade paper-trade-1437 BUY qty=5 price=760.15
trade paper-trade-1438 SELL qty=5 price=762.50
trade paper-trade-1439 BUY qty=5 price=763.80
trade paper-trade-1440 BUY qty=5 price=762.40
trade paper-trade-1441 BUY qty=5 price=762.15
trade paper-trade-1442 SELL qty=15 price=764.65
trade paper-trade-1443 BUY qty=5 price=766.25
trade paper-trade-1444 BUY qty=5 price=766.20
trade paper-trade-1445 BUY qty=5 price=766.50
trade paper-trade-1446 BUY qty=5 price=765.70
trade paper-trade-1447 BUY qty=5 price=765.10
trade paper-trade-1448 SELL qty=25 price=767.30
trade paper-trade-1449 BUY qty=5 price=764.70
trade paper-trade-1450 SELL qty=5 price=765.60
trade paper-trade-1451 BUY qty=5 price=766.40
trade paper-trade-1452 BUY qty=5 price=759.60
trade paper-trade-1453 BUY qty=5 price=759.20
trade paper-trade-1454 SELL qty=15 price=764.10
trade paper-trade-1455 BUY qty=5 price=767.10
trade paper-trade-1456 BUY qty=5 price=766.90
trade paper-trade-1457 BUY qty=5 price=766.65
trade paper-trade-1458 BUY qty=5 price=765.80
trade paper-trade-1459 BUY qty=5 price=765.65
trade paper-trade-1460 SELL qty=25 price=767.50
trade paper-trade-1461 BUY qty=5 price=766.10
trade paper-trade-1462 BUY qty=5 price=765.75
trade paper-trade-1463 SELL qty=10 price=767.10
trade paper-trade-1464 BUY qty=5 price=765.75
trade paper-trade-1465 SELL qty=5 price=767.20
trade paper-trade-1466 BUY qty=5 price=766.15
trade paper-trade-1467 BUY qty=5 price=764.45
trade paper-trade-1468 SELL qty=10 price=765.50
trade paper-trade-1469 BUY qty=5 price=767.40
trade paper-trade-1470 BUY qty=5 price=767.15
trade paper-trade-1471 BUY qty=5 price=766.90
trade paper-trade-1472 BUY qty=5 price=766.15
trade paper-trade-1473 BUY qty=5 price=763.00
trade paper-trade-1474 BUY qty=5 price=762.40
trade paper-trade-1475 BUY qty=5 price=761.50
trade paper-trade-1476 BUY qty=5 price=760.95
trade paper-trade-1477 BUY qty=5 price=760.70
trade paper-trade-1478 BUY qty=5 price=760.60
trade paper-trade-1479 BUY qty=5 price=759.10
trade paper-trade-1480 SELL qty=55 price=760.00
trade paper-trade-1481 BUY qty=5 price=760.55
trade paper-trade-1482 BUY qty=5 price=755.75
trade paper-trade-1483 BUY qty=5 price=754.95
trade paper-trade-1484 SELL qty=15 price=756.90
trade paper-trade-1485 BUY qty=5 price=759.25
trade paper-trade-1486 BUY qty=5 price=758.75
trade paper-trade-1487 BUY qty=5 price=758.20
trade paper-trade-1488 SELL qty=15 price=762.10
trade paper-trade-1489 BUY qty=5 price=761.75
trade paper-trade-1490 SELL qty=5 price=765.00
trade paper-trade-1491 BUY qty=5 price=764.75
trade paper-trade-1492 BUY qty=5 price=764.40
trade paper-trade-1493 BUY qty=5 price=764.00
trade paper-trade-1494 BUY qty=5 price=762.50
trade paper-trade-1495 SELL qty=20 price=764.50
trade paper-trade-1496 BUY qty=5 price=763.10
trade paper-trade-1497 BUY qty=5 price=762.50
trade paper-trade-1498 SELL qty=10 price=763.90
trade paper-trade-1499 BUY qty=5 price=762.25
trade paper-trade-1500 BUY qty=5 price=760.90
trade paper-trade-1501 BUY qty=5 price=761.15
trade paper-trade-1502 BUY qty=5 price=760.75
trade paper-trade-1503 SELL qty=20 price=762.00
trade paper-trade-1504 BUY qty=5 price=761.60
trade paper-trade-1505 BUY qty=5 price=761.20
trade paper-trade-1506 BUY qty=5 price=760.90
trade paper-trade-1507 BUY qty=5 price=758.85
trade paper-trade-1508 BUY qty=5 price=758.00
trade paper-trade-1509 BUY qty=5 price=756.85
trade paper-trade-1510 BUY qty=5 price=755.60
trade paper-trade-1511 BUY qty=5 price=754.40
trade paper-trade-1512 SELL qty=40 price=756.85
trade paper-trade-1513 BUY qty=5 price=755.10
trade paper-trade-1514 BUY qty=5 price=754.75
trade paper-trade-1515 BUY qty=5 price=754.10
trade paper-trade-1516 SELL qty=15 price=754.95
trade paper-trade-1517 BUY qty=5 price=754.60
trade paper-trade-1518 BUY qty=5 price=754.40
trade paper-trade-1519 BUY qty=5 price=754.75
trade paper-trade-1520 SELL qty=15 price=756.00
trade paper-trade-1521 BUY qty=5 price=754.85
trade paper-trade-1522 BUY qty=5 price=754.60
trade paper-trade-1523 BUY qty=5 price=745.90
trade paper-trade-1524 BUY qty=5 price=746.30
trade paper-trade-1525 BUY qty=5 price=745.50
trade paper-trade-1526 BUY qty=5 price=745.10
trade paper-trade-1527 BUY qty=5 price=744.00
trade paper-trade-1528 SELL qty=35 price=746.10
trade paper-trade-1529 BUY qty=5 price=743.35
trade paper-trade-1530 BUY qty=5 price=742.80
trade paper-trade-1531 BUY qty=5 price=742.60
trade paper-trade-1532 SELL qty=15 price=743.25
trade paper-trade-1533 BUY qty=5 price=742.75
trade paper-trade-1534 BUY qty=5 price=743.00
trade paper-trade-1535 SELL qty=10 price=744.50
trade paper-trade-1536 BUY qty=5 price=743.50
trade paper-trade-1537 SELL qty=5 price=743.75
trade paper-trade-1538 BUY qty=5 price=742.30
trade paper-trade-1539 BUY qty=5 price=742.50
trade paper-trade-1540 BUY qty=5 price=742.30
trade paper-trade-1541 BUY qty=5 price=742.25
trade paper-trade-1542 BUY qty=5 price=741.20
trade paper-trade-1543 BUY qty=5 price=740.80
trade paper-trade-1544 SELL qty=30 price=741.90
trade paper-trade-1545 BUY qty=5 price=741.15
trade paper-trade-1546 BUY qty=5 price=741.10
trade paper-trade-1547 BUY qty=5 price=740.65
trade paper-trade-1548 SELL qty=15 price=742.60
trade paper-trade-1549 BUY qty=5 price=741.15
trade paper-trade-1550 BUY qty=5 price=740.40
trade paper-trade-1551 BUY qty=5 price=739.45
trade paper-trade-1552 SELL qty=15 price=738.95
trade paper-trade-1553 BUY qty=5 price=737.25
trade paper-trade-1554 BUY qty=5 price=737.40
trade paper-trade-1555 BUY qty=5 price=734.95
trade paper-trade-1556 SELL qty=15 price=736.00
trade paper-trade-1557 BUY qty=5 price=734.80
trade paper-trade-1558 BUY qty=5 price=734.50
trade paper-trade-1559 BUY qty=5 price=734.15
trade paper-trade-1560 BUY qty=5 price=732.40
trade paper-trade-1561 BUY qty=5 price=731.80
trade paper-trade-1562 BUY qty=5 price=731.25
trade paper-trade-1563 BUY qty=5 price=730.85
trade paper-trade-1564 BUY qty=5 price=730.10
trade paper-trade-1565 BUY qty=5 price=729.10
trade paper-trade-1566 BUY qty=5 price=728.45
trade paper-trade-1567 SELL qty=50 price=729.90
trade paper-trade-1568 BUY qty=5 price=728.60
trade paper-trade-1569 BUY qty=5 price=727.55
trade paper-trade-1570 BUY qty=5 price=724.20
trade paper-trade-1571 SELL qty=15 price=724.70
trade paper-trade-1572 BUY qty=5 price=716.60
trade paper-trade-1573 SELL qty=5 price=721.90
trade paper-trade-1574 BUY qty=5 price=724.00
trade paper-trade-1575 BUY qty=5 price=723.75
trade paper-trade-1576 BUY qty=5 price=723.00
trade paper-trade-1577 BUY qty=5 price=722.90
trade paper-trade-1578 SELL qty=20 price=724.40
trade paper-trade-1579 BUY qty=5 price=723.90
trade paper-trade-1580 BUY qty=5 price=723.60
trade paper-trade-1581 BUY qty=5 price=722.40
trade paper-trade-1582 BUY qty=5 price=721.90
trade paper-trade-1583 BUY qty=5 price=720.65
trade paper-trade-1584 BUY qty=5 price=719.70
trade paper-trade-1585 BUY qty=5 price=718.40
trade paper-trade-1586 BUY qty=5 price=718.10
trade paper-trade-1587 SELL qty=40 price=718.90
trade paper-trade-1588 BUY qty=5 price=719.60
trade paper-trade-1589 BUY qty=5 price=719.30
trade paper-trade-1590 BUY qty=5 price=719.30
trade paper-trade-1591 BUY qty=5 price=719.15
trade paper-trade-1592 BUY qty=5 price=718.75
trade paper-trade-1593 BUY qty=5 price=718.40
trade paper-trade-1594 BUY qty=5 price=718.00
trade paper-trade-1595 SELL qty=35 price=719.10
trade paper-trade-1596 BUY qty=5 price=717.40
trade paper-trade-1597 BUY qty=5 price=716.40
trade paper-trade-1598 BUY qty=5 price=716.30
trade paper-trade-1599 SELL qty=15 price=716.75
trade paper-trade-1600 BUY qty=5 price=725.00
trade paper-trade-1601 BUY qty=5 price=723.65
trade paper-trade-1602 SELL qty=10 price=723.90
trade paper-trade-1603 BUY qty=5 price=727.90
trade paper-trade-1604 BUY qty=5 price=727.15
trade paper-trade-1605 SELL qty=10 price=728.80
trade paper-trade-1606 BUY qty=5 price=725.40
trade paper-trade-1607 SELL qty=5 price=730.80
trade paper-trade-1608 BUY qty=5 price=729.30
trade paper-trade-1609 BUY qty=5 price=729.10
trade paper-trade-1610 SELL qty=10 price=730.70
trade paper-trade-1611 BUY qty=5 price=730.00
trade paper-trade-1612 SELL qty=5 price=731.75
trade paper-trade-1613 BUY qty=5 price=730.75
trade paper-trade-1614 BUY qty=5 price=730.50
trade paper-trade-1615 BUY qty=5 price=730.15
trade paper-trade-1616 SELL qty=15 price=731.40
trade paper-trade-1617 BUY qty=5 price=729.05
trade paper-trade-1618 SELL qty=5 price=729.85
trade paper-trade-1619 BUY qty=5 price=726.50
trade paper-trade-1620 SELL qty=5 price=726.60
trade paper-trade-1621 BUY qty=5 price=726.35
trade paper-trade-1622 BUY qty=5 price=725.50
trade paper-trade-1623 BUY qty=5 price=724.40
trade paper-trade-1624 BUY qty=5 price=724.00
trade paper-trade-1625 BUY qty=5 price=723.30
trade paper-trade-1626 BUY qty=5 price=723.15
trade paper-trade-1627 BUY qty=5 price=721.10
trade paper-trade-1628 BUY qty=5 price=721.15
trade paper-trade-1629 SELL qty=40 price=722.30
trade paper-trade-1630 BUY qty=5 price=720.50
trade paper-trade-1631 BUY qty=5 price=720.45
trade paper-trade-1632 SELL qty=10 price=721.20
trade paper-trade-1633 BUY qty=5 price=720.45
trade paper-trade-1634 BUY qty=5 price=720.20
trade paper-trade-1635 BUY qty=5 price=719.60
trade paper-trade-1636 BUY qty=5 price=719.30
trade paper-trade-1637 BUY qty=5 price=718.55
trade paper-trade-1638 SELL qty=25 price=719.60
trade paper-trade-1639 BUY qty=5 price=718.75
trade paper-trade-1640 SELL qty=5 price=719.30
trade paper-trade-1641 BUY qty=5 price=718.50
trade paper-trade-1642 SELL qty=5 price=719.65
trade paper-trade-1643 BUY qty=5 price=721.05
trade paper-trade-1644 BUY qty=5 price=720.60
trade paper-trade-1645 BUY qty=5 price=720.15
trade paper-trade-1646 SELL qty=15 price=722.40
trade paper-trade-1647 BUY qty=5 price=720.85
trade paper-trade-1648 SELL qty=5 price=722.00
trade paper-trade-1649 BUY qty=5 price=724.65
trade paper-trade-1650 BUY qty=5 price=723.10
trade paper-trade-1651 BUY qty=5 price=721.60
trade paper-trade-1652 BUY qty=5 price=721.50
trade paper-trade-1653 SELL qty=20 price=723.65
trade paper-trade-1654 BUY qty=5 price=728.10
trade paper-trade-1655 BUY qty=5 price=726.80
trade paper-trade-1656 BUY qty=5 price=726.70
trade paper-trade-1657 BUY qty=5 price=726.50
trade paper-trade-1658 BUY qty=5 price=726.20
trade paper-trade-1659 SELL qty=25 price=728.10
trade paper-trade-1660 BUY qty=5 price=731.30
trade paper-trade-1661 BUY qty=5 price=731.10
trade paper-trade-1662 BUY qty=5 price=731.15
trade paper-trade-1663 SELL qty=15 price=732.95
trade paper-trade-1664 BUY qty=5 price=732.45
trade paper-trade-1665 BUY qty=5 price=731.60
trade paper-trade-1666 SELL qty=10 price=732.50
trade paper-trade-1667 BUY qty=5 price=730.85
trade paper-trade-1668 BUY qty=5 price=730.45
trade paper-trade-1669 SELL qty=10 price=731.60
trade paper-trade-1670 BUY qty=5 price=731.10
trade paper-trade-1671 BUY qty=5 price=731.15
trade paper-trade-1672 BUY qty=5 price=730.85
trade paper-trade-1673 SELL qty=15 price=732.85
trade paper-trade-1674 BUY qty=5 price=732.40
trade paper-trade-1675 SELL qty=5 price=733.00
trade paper-trade-1676 BUY qty=5 price=730.15
trade paper-trade-1677 SELL qty=5 price=734.20
trade paper-trade-1678 BUY qty=5 price=731.75
trade paper-trade-1679 BUY qty=5 price=731.30
trade paper-trade-1680 BUY qty=5 price=729.85
trade paper-trade-1681 BUY qty=5 price=729.10
trade paper-trade-1682 BUY qty=5 price=728.60
trade paper-trade-1683 BUY qty=5 price=728.40
trade paper-trade-1684 SELL qty=30 price=730.00
trade paper-trade-1685 BUY qty=5 price=730.30
trade paper-trade-1686 SELL qty=5 price=731.65
trade paper-trade-1687 BUY qty=5 price=730.80
trade paper-trade-1688 BUY qty=5 price=729.90
trade paper-trade-1689 BUY qty=5 price=729.40
trade paper-trade-1690 BUY qty=5 price=728.80
trade paper-trade-1691 BUY qty=5 price=728.75
trade paper-trade-1692 SELL qty=25 price=730.80
trade paper-trade-1693 BUY qty=5 price=728.60
trade paper-trade-1694 BUY qty=5 price=728.50
trade paper-trade-1695 BUY qty=5 price=728.00
trade paper-trade-1696 BUY qty=5 price=727.95
trade paper-trade-1697 SELL qty=20 price=729.10
trade paper-trade-1698 BUY qty=5 price=729.25
trade paper-trade-1699 BUY qty=5 price=729.15
trade paper-trade-1700 BUY qty=5 price=728.00
trade paper-trade-1701 BUY qty=5 price=727.35
trade paper-trade-1702 SELL qty=20 price=729.00
trade paper-trade-1703 BUY qty=5 price=727.70
trade paper-trade-1704 SELL qty=5 price=729.75
trade paper-trade-1705 BUY qty=5 price=728.50
trade paper-trade-1706 BUY qty=5 price=727.80
trade paper-trade-1707 BUY qty=5 price=726.30
trade paper-trade-1708 SELL qty=15 price=727.50
trade paper-trade-1709 BUY qty=5 price=727.05
trade paper-trade-1710 BUY qty=5 price=726.40
trade paper-trade-1711 BUY qty=5 price=726.20
trade paper-trade-1712 BUY qty=5 price=725.75
trade paper-trade-1713 BUY qty=5 price=725.15
trade paper-trade-1714 SELL qty=25 price=726.40
trade paper-trade-1715 BUY qty=5 price=725.75
trade paper-trade-1716 SELL qty=5 price=727.55
trade paper-trade-1717 BUY qty=5 price=725.75
trade paper-trade-1718 SELL qty=5 price=728.90
trade paper-trade-1719 BUY qty=5 price=729.15
trade paper-trade-1720 SELL qty=5 price=731.80
trade paper-trade-1721 BUY qty=5 price=730.00
trade paper-trade-1722 SELL qty=5 price=731.15
trade paper-trade-1723 BUY qty=5 price=734.85
trade paper-trade-1724 SELL qty=5 price=736.15
trade paper-trade-1725 BUY qty=5 price=735.40
trade paper-trade-1726 SELL qty=5 price=736.60
trade paper-trade-1727 BUY qty=5 price=743.15
trade paper-trade-1728 BUY qty=5 price=742.60
trade paper-trade-1729 SELL qty=10 price=745.10
trade paper-trade-1730 BUY qty=5 price=745.80
trade paper-trade-1731 BUY qty=5 price=744.95
trade paper-trade-1732 SELL qty=10 price=747.95
trade paper-trade-1733 BUY qty=5 price=748.50
trade paper-trade-1734 BUY qty=5 price=748.50
trade paper-trade-1735 BUY qty=5 price=748.20
trade paper-trade-1736 SELL qty=15 price=750.75
trade paper-trade-1737 BUY qty=5 price=752.70
trade paper-trade-1738 SELL qty=5 price=753.80
trade paper-trade-1739 BUY qty=5 price=753.70
trade paper-trade-1740 BUY qty=5 price=753.40
trade paper-trade-1741 SELL qty=10 price=755.00
trade paper-trade-1742 BUY qty=5 price=757.60
trade paper-trade-1743 BUY qty=5 price=756.80
trade paper-trade-1744 SELL qty=10 price=761.90
trade paper-trade-1745 BUY qty=5 price=768.10
trade paper-trade-1746 BUY qty=5 price=768.10
trade paper-trade-1747 SELL qty=10 price=769.40
trade paper-trade-1748 BUY qty=5 price=770.50
trade paper-trade-1749 BUY qty=5 price=769.80
trade paper-trade-1750 BUY qty=5 price=769.05
trade paper-trade-1751 BUY qty=5 price=768.45
trade paper-trade-1752 SELL qty=20 price=769.60
trade paper-trade-1753 BUY qty=5 price=768.60
trade paper-trade-1754 BUY qty=5 price=768.25
trade paper-trade-1755 BUY qty=5 price=767.40
trade paper-trade-1756 BUY qty=5 price=766.00
trade paper-trade-1757 BUY qty=5 price=765.00
trade paper-trade-1758 BUY qty=5 price=763.65
trade paper-trade-1759 SELL qty=30 price=766.90
trade paper-trade-1760 BUY qty=5 price=765.65
trade paper-trade-1761 SELL qty=5 price=766.95
trade paper-trade-1762 BUY qty=5 price=766.50
trade paper-trade-1763 BUY qty=5 price=765.60
trade paper-trade-1764 SELL qty=10 price=767.35
trade paper-trade-1765 BUY qty=5 price=765.65
trade paper-trade-1766 BUY qty=5 price=765.60
trade paper-trade-1767 BUY qty=5 price=765.25
trade paper-trade-1768 BUY qty=5 price=763.45
trade paper-trade-1769 SELL qty=20 price=765.80
trade paper-trade-1770 BUY qty=5 price=764.50
trade paper-trade-1771 BUY qty=5 price=764.20
trade paper-trade-1772 BUY qty=5 price=763.90
trade paper-trade-1773 BUY qty=5 price=762.55
trade paper-trade-1774 SELL qty=20 price=764.50
trade paper-trade-1775 BUY qty=5 price=764.60
trade paper-trade-1776 BUY qty=5 price=761.25
trade paper-trade-1777 BUY qty=5 price=759.70
trade paper-trade-1778 BUY qty=5 price=758.05
trade paper-trade-1779 BUY qty=5 price=757.15
trade paper-trade-1780 BUY qty=5 price=756.90
trade paper-trade-1781 BUY qty=5 price=755.90
trade paper-trade-1782 BUY qty=5 price=755.60
trade paper-trade-1783 BUY qty=5 price=755.15
trade paper-trade-1784 BUY qty=5 price=755.40
trade paper-trade-1785 BUY qty=5 price=754.60
trade paper-trade-1786 BUY qty=5 price=754.50
trade paper-trade-1787 SELL qty=60 price=756.15
trade paper-trade-1788 BUY qty=5 price=754.50
trade paper-trade-1789 BUY qty=5 price=754.25
trade paper-trade-1790 BUY qty=5 price=753.90
trade paper-trade-1791 BUY qty=5 price=753.60
trade paper-trade-1792 BUY qty=5 price=753.00
trade paper-trade-1793 SELL qty=25 price=754.50
trade paper-trade-1794 BUY qty=5 price=754.75
trade paper-trade-1795 BUY qty=5 price=754.55
trade paper-trade-1796 BUY qty=5 price=754.10
trade paper-trade-1797 BUY qty=5 price=753.70
trade paper-trade-1798 BUY qty=5 price=752.80
trade paper-trade-1799 SELL qty=25 price=752.80
trade paper-trade-1800 BUY qty=5 price=750.10
trade paper-trade-1801 SELL qty=5 price=756.40
trade paper-trade-1802 BUY qty=5 price=755.05
trade paper-trade-1803 BUY qty=5 price=754.60
trade paper-trade-1804 BUY qty=5 price=754.40
trade paper-trade-1805 BUY qty=5 price=754.10
trade paper-trade-1806 SELL qty=20 price=755.10
trade paper-trade-1807 BUY qty=5 price=759.00
trade paper-trade-1808 SELL qty=5 price=761.00
trade paper-trade-1809 BUY qty=5 price=760.20
trade paper-trade-1810 BUY qty=5 price=760.10
trade paper-trade-1811 BUY qty=5 price=759.50
trade paper-trade-1812 BUY qty=5 price=758.90
trade paper-trade-1813 BUY qty=5 price=758.65
trade paper-trade-1814 BUY qty=5 price=758.50
trade paper-trade-1815 BUY qty=5 price=758.15
trade paper-trade-1816 BUY qty=5 price=758.10
trade paper-trade-1817 SELL qty=40 price=758.90
trade paper-trade-1818 BUY qty=5 price=762.50
trade paper-trade-1819 BUY qty=5 price=761.40
trade paper-trade-1820 BUY qty=5 price=761.30
trade paper-trade-1821 BUY qty=5 price=760.90
trade paper-trade-1822 BUY qty=5 price=760.65
trade paper-trade-1823 BUY qty=5 price=760.10
trade paper-trade-1824 BUY qty=5 price=759.20
trade paper-trade-1825 BUY qty=5 price=758.45
trade paper-trade-1826 SELL qty=40 price=759.50
trade paper-trade-1827 BUY qty=5 price=761.85
trade paper-trade-1828 SELL qty=5 price=764.30
trade paper-trade-1829 BUY qty=5 price=763.60
trade paper-trade-1830 SELL qty=5 price=766.15
trade paper-trade-1831 BUY qty=5 price=764.30
trade paper-trade-1832 BUY qty=5 price=763.70
trade paper-trade-1833 BUY qty=5 price=761.60
trade paper-trade-1834 SELL qty=15 price=779.00
trade paper-trade-1835 BUY qty=5 price=781.15
trade paper-trade-1836 BUY qty=5 price=781.10
trade paper-trade-1837 BUY qty=5 price=781.05
trade paper-trade-1838 BUY qty=5 price=780.00
trade paper-trade-1839 BUY qty=5 price=779.25
trade paper-trade-1840 BUY qty=5 price=778.60
trade paper-trade-1841 SELL qty=30 price=780.80
trade paper-trade-1842 BUY qty=5 price=781.25
trade paper-trade-1843 BUY qty=5 price=781.00
trade paper-trade-1844 BUY qty=5 price=780.60
trade paper-trade-1845 SELL qty=15 price=782.30
trade paper-trade-1846 BUY qty=5 price=780.10
trade paper-trade-1847 SELL qty=5 price=782.15
trade paper-trade-1848 BUY qty=5 price=781.65
trade paper-trade-1849 SELL qty=5 price=784.15
trade paper-trade-1850 BUY qty=5 price=771.30
trade paper-trade-1851 BUY qty=5 price=767.40
trade paper-trade-1852 BUY qty=5 price=754.15
trade paper-trade-1853 SELL qty=15 price=769.95
trade paper-trade-1854 BUY qty=5 price=764.60
trade paper-trade-1855 BUY qty=5 price=759.50
trade paper-trade-1856 BUY qty=5 price=757.25
trade paper-trade-1857 BUY qty=5 price=752.05
trade paper-trade-1858 BUY qty=5 price=751.25
trade paper-trade-1859 SELL qty=25 price=762.90
trade paper-trade-1860 BUY qty=5 price=752.00
trade paper-trade-1861 BUY qty=5 price=750.70
trade paper-trade-1862 BUY qty=5 price=746.00
trade paper-trade-1863 BUY qty=5 price=744.75
trade paper-trade-1864 BUY qty=5 price=735.90
trade paper-trade-1865 BUY qty=5 price=731.10
trade paper-trade-1866 BUY qty=5 price=736.90
trade paper-trade-1867 SELL qty=35 price=746.90
trade paper-trade-1868 BUY qty=5 price=739.00
trade paper-trade-1869 SELL qty=5 price=748.00
trade paper-trade-1870 BUY qty=5 price=748.65
trade paper-trade-1871 BUY qty=5 price=745.90
trade paper-trade-1872 BUY qty=5 price=743.05
trade paper-trade-1873 SELL qty=15 price=749.65
trade paper-trade-1874 BUY qty=5 price=745.00
trade paper-trade-1875 BUY qty=5 price=742.25
trade paper-trade-1876 BUY qty=5 price=739.80
trade paper-trade-1877 SELL qty=15 price=751.50
trade paper-trade-1878 BUY qty=5 price=746.60
trade paper-trade-1879 SELL qty=5 price=750.60
trade paper-trade-1880 BUY qty=5 price=745.60
trade paper-trade-1881 SELL qty=5 price=746.40
trade paper-trade-1882 BUY qty=5 price=757.90
trade paper-trade-1883 BUY qty=5 price=756.45
trade paper-trade-1884 BUY qty=5 price=755.50
trade paper-trade-1885 SELL qty=15 price=759.50
trade paper-trade-1886 BUY qty=5 price=758.15
trade paper-trade-1887 BUY qty=5 price=757.15
trade paper-trade-1888 SELL qty=10 price=761.80
trade paper-trade-1889 BUY qty=5 price=773.05
trade paper-trade-1890 BUY qty=5 price=772.70
trade paper-trade-1891 SELL qty=10 price=781.00
trade paper-trade-1892 BUY qty=5 price=778.50
trade paper-trade-1893 BUY qty=5 price=776.00
trade paper-trade-1894 SELL qty=10 price=780.20
trade paper-trade-1895 BUY qty=5 price=777.40
trade paper-trade-1896 BUY qty=5 price=776.65
trade paper-trade-1897 BUY qty=5 price=775.95
trade paper-trade-1898 BUY qty=5 price=775.30
trade paper-trade-1899 SELL qty=20 price=777.00
trade paper-trade-1900 BUY qty=5 price=777.45
trade paper-trade-1901 SELL qty=5 price=779.40
trade paper-trade-1902 BUY qty=5 price=777.00
trade paper-trade-1903 SELL qty=5 price=779.50
trade paper-trade-1904 BUY qty=5 price=779.00
trade paper-trade-1905 BUY qty=5 price=778.30
trade paper-trade-1906 SELL qty=10 price=782.85
trade paper-trade-1907 BUY qty=5 price=784.20
trade paper-trade-1908 BUY qty=5 price=783.95
trade paper-trade-1909 BUY qty=5 price=783.15
trade paper-trade-1910 SELL qty=15 price=786.00
trade paper-trade-1911 BUY qty=5 price=787.50
trade paper-trade-1912 SELL qty=5 price=790.80
trade paper-trade-1913 BUY qty=5 price=787.70
trade paper-trade-1914 BUY qty=5 price=787.40
trade paper-trade-1915 SELL qty=10 price=789.10
trade paper-trade-1916 BUY qty=5 price=786.75
trade paper-trade-1917 SELL qty=5 price=788.30
trade paper-trade-1918 BUY qty=5 price=786.90
trade paper-trade-1919 BUY qty=5 price=784.70
trade paper-trade-1920 SELL qty=10 price=787.80
trade paper-trade-1921 BUY qty=5 price=786.30
trade paper-trade-1922 BUY qty=5 price=782.15
trade paper-trade-1923 BUY qty=5 price=780.10
trade paper-trade-1924 SELL qty=15 price=784.25
trade paper-trade-1925 BUY qty=5 price=782.05
trade paper-trade-1926 SELL qty=5 price=784.80
trade paper-trade-1927 BUY qty=5 price=784.00
trade paper-trade-1928 BUY qty=5 price=783.15
trade paper-trade-1929 SELL qty=10 price=784.50
trade paper-trade-1930 BUY qty=5 price=784.75
trade paper-trade-1931 BUY qty=5 price=784.40
trade paper-trade-1932 BUY qty=5 price=783.40
trade paper-trade-1933 BUY qty=5 price=782.45
trade paper-trade-1934 BUY qty=5 price=780.05
trade paper-trade-1935 BUY qty=5 price=779.00
trade paper-trade-1936 BUY qty=5 price=777.25
trade paper-trade-1937 BUY qty=5 price=776.50
trade paper-trade-1938 SELL qty=40 price=781.45
trade paper-trade-1939 BUY qty=5 price=779.00
trade paper-trade-1940 SELL qty=5 price=780.60
trade paper-trade-1941 BUY qty=5 price=784.00
trade paper-trade-1942 SELL qty=5 price=785.00
trade paper-trade-1943 BUY qty=5 price=782.80
trade paper-trade-1944 BUY qty=5 price=782.45
trade paper-trade-1945 BUY qty=5 price=780.00
trade paper-trade-1946 SELL qty=15 price=787.90
trade paper-trade-1947 BUY qty=5 price=783.30
trade paper-trade-1948 SELL qty=5 price=786.00
trade paper-trade-1949 BUY qty=5 price=792.00
trade paper-trade-1950 BUY qty=5 price=790.70
trade paper-trade-1951 BUY qty=5 price=790.10
trade paper-trade-1952 BUY qty=5 price=789.90
trade paper-trade-1953 BUY qty=5 price=789.80
trade paper-trade-1954 BUY qty=5 price=789.50
trade paper-trade-1955 BUY qty=5 price=788.90
trade paper-trade-1956 BUY qty=5 price=788.70
trade paper-trade-1957 BUY qty=5 price=788.00
trade paper-trade-1958 SELL qty=45 price=789.20
trade paper-trade-1959 BUY qty=5 price=788.20
trade paper-trade-1960 BUY qty=5 price=787.80
trade paper-trade-1961 BUY qty=5 price=787.60
trade paper-trade-1962 SELL qty=15 price=788.60
trade paper-trade-1963 BUY qty=5 price=787.40
trade paper-trade-1964 BUY qty=5 price=787.00
trade paper-trade-1965 BUY qty=5 price=786.60
trade paper-trade-1966 BUY qty=5 price=786.00
trade paper-trade-1967 SELL qty=20 price=787.40
trade paper-trade-1968 BUY qty=5 price=786.95
trade paper-trade-1969 BUY qty=5 price=784.45
trade paper-trade-1970 SELL qty=10 price=791.10
trade paper-trade-1971 BUY qty=5 price=788.50
trade paper-trade-1972 SELL qty=5 price=789.80
trade paper-trade-1973 BUY qty=5 price=789.10
trade paper-trade-1974 SELL qty=5 price=791.35
trade paper-trade-1975 BUY qty=5 price=790.00
trade paper-trade-1976 SELL qty=5 price=792.15
trade paper-trade-1977 BUY qty=5 price=790.70
trade paper-trade-1978 SELL qty=5 price=792.00
trade paper-trade-1979 BUY qty=5 price=791.15
trade paper-trade-1980 SELL qty=5 price=792.40
trade paper-trade-1981 BUY qty=5 price=791.50
trade paper-trade-1982 BUY qty=5 price=790.85
trade paper-trade-1983 BUY qty=5 price=791.40
trade paper-trade-1984 BUY qty=5 price=791.30
trade paper-trade-1985 BUY qty=5 price=790.60
trade paper-trade-1986 SELL qty=25 price=791.75
trade paper-trade-1987 BUY qty=5 price=790.35
trade paper-trade-1988 BUY qty=5 price=789.55
trade paper-trade-1989 SELL qty=10 price=791.00
trade paper-trade-1990 BUY qty=5 price=790.30
trade paper-trade-1991 SELL qty=5 price=791.75
trade paper-trade-1992 BUY qty=5 price=796.50
trade paper-trade-1993 BUY qty=5 price=795.75
trade paper-trade-1994 SELL qty=10 price=797.25
trade paper-trade-1995 BUY qty=5 price=796.70
trade paper-trade-1996 SELL qty=5 price=797.45
trade paper-trade-1997 BUY qty=5 price=796.40
trade paper-trade-1998 BUY qty=5 price=796.20
trade paper-trade-1999 SELL qty=10 price=796.75
trade paper-trade-2000 BUY qty=5 price=798.15
trade paper-trade-2001 BUY qty=5 price=796.00
trade paper-trade-2002 BUY qty=5 price=795.20
trade paper-trade-2003 SELL qty=15 price=798.50
trade paper-trade-2004 BUY qty=5 price=800.40
trade paper-trade-2005 BUY qty=5 price=799.80
trade paper-trade-2006 SELL qty=10 price=801.50
trade paper-trade-2007 BUY qty=5 price=801.60
trade paper-trade-2008 BUY qty=5 price=801.85
trade paper-trade-2009 BUY qty=5 price=801.60
trade paper-trade-2010 SELL qty=15 price=802.80
trade paper-trade-2011 BUY qty=5 price=802.90
trade paper-trade-2012 SELL qty=5 price=803.85
trade paper-trade-2013 BUY qty=5 price=803.60
trade paper-trade-2014 SELL qty=5 price=804.55
trade paper-trade-2015 BUY qty=5 price=811.20
trade paper-trade-2016 BUY qty=5 price=810.00
trade paper-trade-2017 SELL qty=10 price=813.00
trade paper-trade-2018 BUY qty=5 price=813.10
trade paper-trade-2019 SELL qty=5 price=815.50
trade paper-trade-2020 BUY qty=5 price=818.50
trade paper-trade-2021 SELL qty=5 price=820.55
trade paper-trade-2022 BUY qty=5 price=829.80
trade paper-trade-2023 SELL qty=5 price=833.60
trade paper-trade-2024 BUY qty=5 price=829.50
trade paper-trade-2025 BUY qty=5 price=828.05
trade paper-trade-2026 BUY qty=5 price=826.55
trade paper-trade-2027 SELL qty=15 price=828.80
trade paper-trade-2028 BUY qty=5 price=832.90
trade paper-trade-2029 BUY qty=5 price=832.35
trade paper-trade-2030 BUY qty=5 price=831.50
trade paper-trade-2031 SELL qty=15 price=833.30
trade paper-trade-2032 BUY qty=5 price=834.25
trade paper-trade-2033 BUY qty=5 price=833.70
trade paper-trade-2034 SELL qty=10 price=835.30
trade paper-trade-2035 BUY qty=5 price=833.05
trade paper-trade-2036 BUY qty=5 price=833.60
trade paper-trade-2037 BUY qty=5 price=827.00
trade paper-trade-2038 BUY qty=5 price=824.60
trade paper-trade-2039 BUY qty=5 price=824.10
trade paper-trade-2040 SELL qty=25 price=825.40
trade paper-trade-2041 BUY qty=5 price=822.55
trade paper-trade-2042 BUY qty=5 price=822.15
trade paper-trade-2043 SELL qty=10 price=823.55
trade paper-trade-2044 BUY qty=5 price=824.35
trade paper-trade-2045 BUY qty=5 price=823.50
trade paper-trade-2046 BUY qty=5 price=823.05
trade paper-trade-2047 BUY qty=5 price=822.15
trade paper-trade-2048 SELL qty=20 price=824.30
trade paper-trade-2049 BUY qty=5 price=828.95
trade paper-trade-2050 BUY qty=5 price=828.60
trade paper-trade-2051 BUY qty=5 price=827.30
trade paper-trade-2052 BUY qty=5 price=824.90
trade paper-trade-2053 SELL qty=20 price=828.00
trade paper-trade-2054 BUY qty=5 price=831.40
trade paper-trade-2055 BUY qty=5 price=830.35
trade paper-trade-2056 BUY qty=5 price=825.90
trade paper-trade-2057 BUY qty=5 price=824.00
trade paper-trade-2058 SELL qty=20 price=826.20
trade paper-trade-2059 BUY qty=5 price=833.90
trade paper-trade-2060 BUY qty=5 price=833.10
trade paper-trade-2061 BUY qty=5 price=833.85
trade paper-trade-2062 BUY qty=5 price=833.80
trade paper-trade-2063 SELL qty=20 price=835.15
trade paper-trade-2064 BUY qty=5 price=834.55
trade paper-trade-2065 BUY qty=5 price=833.90
trade paper-trade-2066 SELL qty=10 price=836.80
trade paper-trade-2067 BUY qty=5 price=848.25
trade paper-trade-2068 BUY qty=5 price=846.65
trade paper-trade-2069 BUY qty=5 price=847.15
trade paper-trade-2070 SELL qty=15 price=850.45
trade paper-trade-2071 BUY qty=5 price=856.60
trade paper-trade-2072 BUY qty=5 price=854.95
trade paper-trade-2073 SELL qty=10 price=857.25
trade paper-trade-2074 BUY qty=5 price=854.30
trade paper-trade-2075 SELL qty=5 price=858.20
trade paper-trade-2076 BUY qty=5 price=855.90
trade paper-trade-2077 BUY qty=5 price=855.30
trade paper-trade-2078 BUY qty=5 price=855.10
trade paper-trade-2079 SELL qty=15 price=857.50
trade paper-trade-2080 BUY qty=5 price=853.60
trade paper-trade-2081 BUY qty=5 price=845.90
trade paper-trade-2082 SELL qty=10 price=849.70
trade paper-trade-2083 BUY qty=5 price=851.90
trade paper-trade-2084 BUY qty=5 price=852.80
trade paper-trade-2085 SELL qty=10 price=853.60
trade paper-trade-2086 BUY qty=5 price=852.95
trade paper-trade-2087 BUY qty=5 price=851.80
trade paper-trade-2088 BUY qty=5 price=850.80
trade paper-trade-2089 BUY qty=5 price=850.35
trade paper-trade-2090 BUY qty=5 price=849.80
trade paper-trade-2091 BUY qty=5 price=849.00
trade paper-trade-2092 BUY qty=5 price=847.50
trade paper-trade-2093 SELL qty=35 price=848.65
trade paper-trade-2094 BUY qty=5 price=852.25
trade paper-trade-2095 BUY qty=5 price=851.70
trade paper-trade-2096 BUY qty=5 price=851.60
trade paper-trade-2097 BUY qty=5 price=845.70
trade paper-trade-2098 BUY qty=5 price=845.00
trade paper-trade-2099 BUY qty=5 price=843.90
trade paper-trade-2100 SELL qty=30 price=847.25
trade paper-trade-2101 BUY qty=5 price=847.50
trade paper-trade-2102 SELL qty=5 price=849.50
trade paper-trade-2103 BUY qty=5 price=848.70
trade paper-trade-2104 BUY qty=5 price=847.50
trade paper-trade-2105 SELL qty=10 price=851.50
trade paper-trade-2106 BUY qty=5 price=850.15
trade paper-trade-2107 SELL qty=5 price=851.40
trade paper-trade-2108 BUY qty=5 price=849.30
trade paper-trade-2109 BUY qty=5 price=847.05
trade paper-trade-2110 SELL qty=10 price=850.60
trade paper-trade-2111 BUY qty=5 price=849.90
trade paper-trade-2112 BUY qty=5 price=850.40
trade paper-trade-2113 BUY qty=5 price=849.25
trade paper-trade-2114 BUY qty=5 price=849.00
trade paper-trade-2115 BUY qty=5 price=848.30
trade paper-trade-2116 SELL qty=25 price=850.85
trade paper-trade-2117 BUY qty=5 price=849.75
trade paper-trade-2118 BUY qty=5 price=847.70
trade paper-trade-2119 BUY qty=5 price=846.60
trade paper-trade-2120 BUY qty=5 price=846.30
trade paper-trade-2121 BUY qty=5 price=845.40
trade paper-trade-2122 BUY qty=5 price=845.10
trade paper-trade-2123 BUY qty=5 price=844.20
trade paper-trade-2124 SELL qty=35 price=845.30
trade paper-trade-2125 BUY qty=5 price=846.65
trade paper-trade-2126 BUY qty=5 price=845.40
trade paper-trade-2127 BUY qty=5 price=844.50
trade paper-trade-2128 BUY qty=5 price=842.60
trade paper-trade-2129 BUY qty=5 price=843.50
trade paper-trade-2130 BUY qty=5 price=841.50
trade paper-trade-2131 SELL qty=30 price=843.80
trade paper-trade-2132 BUY qty=5 price=850.30
trade paper-trade-2133 SELL qty=5 price=851.00
trade paper-trade-2134 BUY qty=5 price=852.00
trade paper-trade-2135 SELL qty=5 price=853.50
trade paper-trade-2136 BUY qty=5 price=852.95
trade paper-trade-2137 SELL qty=5 price=857.60
trade paper-trade-2138 BUY qty=5 price=857.15
trade paper-trade-2139 BUY qty=5 price=856.70
trade paper-trade-2140 SELL qty=10 price=858.60
trade paper-trade-2141 BUY qty=5 price=859.15
trade paper-trade-2142 BUY qty=5 price=857.65
trade paper-trade-2143 SELL qty=10 price=861.20
trade paper-trade-2144 BUY qty=5 price=863.40
trade paper-trade-2145 BUY qty=5 price=863.65
trade paper-trade-2146 SELL qty=10 price=866.25
trade paper-trade-2147 BUY qty=5 price=864.30
trade paper-trade-2148 BUY qty=5 price=863.10
trade paper-trade-2149 BUY qty=5 price=861.30
trade paper-trade-2150 SELL qty=15 price=862.00
trade paper-trade-2151 BUY qty=5 price=864.45
trade paper-trade-2152 SELL qty=5 price=888.60
trade paper-trade-2153 BUY qty=5 price=892.80
trade paper-trade-2154 SELL qty=5 price=894.35
trade paper-trade-2155 BUY qty=5 price=892.15
trade paper-trade-2156 BUY qty=5 price=891.75
trade paper-trade-2157 BUY qty=5 price=891.45
trade paper-trade-2158 BUY qty=5 price=891.00
trade paper-trade-2159 BUY qty=5 price=889.90
trade paper-trade-2160 BUY qty=5 price=889.00
trade paper-trade-2161 BUY qty=5 price=888.00
trade paper-trade-2162 BUY qty=5 price=887.80
trade paper-trade-2163 BUY qty=5 price=886.80
trade paper-trade-2164 BUY qty=5 price=886.15
trade paper-trade-2165 BUY qty=5 price=885.30
trade paper-trade-2166 SELL qty=55 price=886.50
trade paper-trade-2167 BUY qty=5 price=885.60
trade paper-trade-2168 BUY qty=5 price=884.90
trade paper-trade-2169 BUY qty=5 price=884.50
trade paper-trade-2170 BUY qty=5 price=884.15
trade paper-trade-2171 SELL qty=20 price=884.80
trade paper-trade-2172 BUY qty=5 price=883.20
trade paper-trade-2173 BUY qty=5 price=875.45
trade paper-trade-2174 BUY qty=5 price=871.20
trade paper-trade-2175 BUY qty=5 price=870.30
trade paper-trade-2176 BUY qty=5 price=870.00
trade paper-trade-2177 BUY qty=5 price=868.50
trade paper-trade-2178 BUY qty=5 price=868.15
trade paper-trade-2179 BUY qty=5 price=866.50
trade paper-trade-2180 BUY qty=5 price=866.15
trade paper-trade-2181 BUY qty=5 price=865.00
trade paper-trade-2182 BUY qty=5 price=864.50
trade paper-trade-2183 BUY qty=5 price=864.40
trade paper-trade-2184 SELL qty=60 price=865.40
trade paper-trade-2185 BUY qty=5 price=864.40
trade paper-trade-2186 SELL qty=5 price=865.50
trade paper-trade-2187 BUY qty=5 price=865.00
trade paper-trade-2188 BUY qty=5 price=864.50
trade paper-trade-2189 BUY qty=5 price=863.95
trade paper-trade-2190 SELL qty=15 price=865.00
trade paper-trade-2191 BUY qty=5 price=864.00
trade paper-trade-2192 SELL qty=5 price=865.60
trade paper-trade-2193 BUY qty=5 price=864.15
trade paper-trade-2194 BUY qty=5 price=863.40
trade paper-trade-2195 BUY qty=5 price=862.70
trade paper-trade-2196 BUY qty=5 price=862.75
trade paper-trade-2197 BUY qty=5 price=838.30
trade paper-trade-2198 BUY qty=5 price=831.30
trade paper-trade-2199 BUY qty=5 price=830.75
trade paper-trade-2200 BUY qty=5 price=827.90
trade paper-trade-2201 BUY qty=5 price=826.05
trade paper-trade-2202 BUY qty=5 price=825.00
trade paper-trade-2203 SELL qty=50 price=826.95
trade paper-trade-2204 BUY qty=5 price=826.70
trade paper-trade-2205 SELL qty=5 price=827.70
trade paper-trade-2206 BUY qty=5 price=826.55
trade paper-trade-2207 BUY qty=5 price=826.50
trade paper-trade-2208 BUY qty=5 price=825.80
trade paper-trade-2209 SELL qty=15 price=827.20
trade paper-trade-2210 BUY qty=5 price=825.00
trade paper-trade-2211 BUY qty=5 price=824.35
trade paper-trade-2212 BUY qty=5 price=824.15
trade paper-trade-2213 BUY qty=5 price=824.25
trade paper-trade-2214 BUY qty=5 price=824.00
trade paper-trade-2215 BUY qty=5 price=823.75
trade paper-trade-2216 BUY qty=5 price=823.00
trade paper-trade-2217 BUY qty=5 price=822.00
trade paper-trade-2218 BUY qty=5 price=821.60
trade paper-trade-2219 BUY qty=5 price=821.50
trade paper-trade-2220 SELL qty=50 price=823.70
trade paper-trade-2221 BUY qty=5 price=818.55
trade paper-trade-2222 BUY qty=5 price=821.15
trade paper-trade-2223 BUY qty=5 price=820.20
trade paper-trade-2224 BUY qty=5 price=820.20
trade paper-trade-2225 SELL qty=20 price=822.85
trade paper-trade-2226 BUY qty=5 price=821.60
trade paper-trade-2227 BUY qty=5 price=821.40
trade paper-trade-2228 BUY qty=5 price=820.90
trade paper-trade-2229 BUY qty=5 price=820.35
trade paper-trade-2230 BUY qty=5 price=819.30
trade paper-trade-2231 BUY qty=5 price=818.55
trade paper-trade-2232 BUY qty=5 price=817.55
trade paper-trade-2233 BUY qty=5 price=817.50
trade paper-trade-2234 BUY qty=5 price=817.20
trade paper-trade-2235 BUY qty=5 price=816.25
trade paper-trade-2236 BUY qty=5 price=814.25
trade paper-trade-2237 SELL qty=55 price=815.90
trade paper-trade-2238 BUY qty=5 price=818.60
trade paper-trade-2239 BUY qty=5 price=817.15
trade paper-trade-2240 BUY qty=5 price=816.65
trade paper-trade-2241 SELL qty=15 price=818.45
trade paper-trade-2242 BUY qty=5 price=816.90
trade paper-trade-2243 SELL qty=5 price=820.80
trade paper-trade-2244 BUY qty=5 price=820.65
trade paper-trade-2245 BUY qty=5 price=820.35
trade paper-trade-2246 SELL qty=10 price=822.90
trade paper-trade-2247 BUY qty=5 price=821.50
trade paper-trade-2248 BUY qty=5 price=820.85
trade paper-trade-2249 BUY qty=5 price=820.80
trade paper-trade-2250 BUY qty=5 price=820.60
trade paper-trade-2251 BUY qty=5 price=820.10
trade paper-trade-2252 BUY qty=5 price=820.10
trade paper-trade-2253 SELL qty=30 price=822.35
trade paper-trade-2254 BUY qty=5 price=820.10
trade paper-trade-2255 BUY qty=5 price=819.10
trade paper-trade-2256 BUY qty=5 price=818.55
trade paper-trade-2257 BUY qty=5 price=818.60
trade paper-trade-2258 SELL qty=20 price=819.80
trade paper-trade-2259 BUY qty=5 price=818.45
trade paper-trade-2260 BUY qty=5 price=818.05
trade paper-trade-2261 BUY qty=5 price=817.70
trade paper-trade-2262 BUY qty=5 price=817.45
trade paper-trade-2263 BUY qty=5 price=814.75
trade paper-trade-2264 SELL qty=25 price=817.80
trade paper-trade-2265 BUY qty=5 price=815.75
trade paper-trade-2266 BUY qty=5 price=815.55
trade paper-trade-2267 BUY qty=5 price=814.60
trade paper-trade-2268 BUY qty=5 price=815.50
trade paper-trade-2269 BUY qty=5 price=815.00
trade paper-trade-2270 BUY qty=5 price=814.55
trade paper-trade-2271 BUY qty=5 price=814.40
trade paper-trade-2272 BUY qty=5 price=813.90
trade paper-trade-2273 BUY qty=5 price=813.85
trade paper-trade-2274 SELL qty=45 price=814.75
trade paper-trade-2275 BUY qty=5 price=813.60
trade paper-trade-2276 SELL qty=5 price=814.40
trade paper-trade-2277 BUY qty=5 price=813.50
trade paper-trade-2278 BUY qty=5 price=812.25
trade paper-trade-2279 BUY qty=5 price=811.90
trade paper-trade-2280 BUY qty=5 price=811.95
trade paper-trade-2281 BUY qty=5 price=811.90
trade paper-trade-2282 BUY qty=5 price=810.75
trade paper-trade-2283 SELL qty=30 price=811.90
trade paper-trade-2284 BUY qty=5 price=809.90
trade paper-trade-2285 BUY qty=5 price=806.15
trade paper-trade-2286 SELL qty=10 price=807.80
trade paper-trade-2287 BUY qty=5 price=806.20
trade paper-trade-2288 BUY qty=5 price=806.15
trade paper-trade-2289 SELL qty=10 price=807.75
trade paper-trade-2290 BUY qty=5 price=806.30
trade paper-trade-2291 BUY qty=5 price=803.60
trade paper-trade-2292 BUY qty=5 price=802.60
trade paper-trade-2293 BUY qty=5 price=802.40
trade paper-trade-2294 BUY qty=5 price=801.75
trade paper-trade-2295 BUY qty=5 price=801.60
trade paper-trade-2296 BUY qty=5 price=801.40
trade paper-trade-2297 BUY qty=5 price=800.60
trade paper-trade-2298 SELL qty=40 price=801.75
trade paper-trade-2299 BUY qty=5 price=803.10
trade paper-trade-2300 BUY qty=5 price=802.90
trade paper-trade-2301 BUY qty=5 price=802.65
trade paper-trade-2302 SELL qty=15 price=804.50
trade paper-trade-2303 BUY qty=5 price=803.80
trade paper-trade-2304 SELL qty=5 price=805.65
trade paper-trade-2305 BUY qty=5 price=804.55
trade paper-trade-2306 BUY qty=5 price=804.45
trade paper-trade-2307 BUY qty=5 price=803.75
trade paper-trade-2308 SELL qty=15 price=804.90
trade paper-trade-2309 BUY qty=5 price=810.00
trade paper-trade-2310 SELL qty=5 price=811.90
trade paper-trade-2311 BUY qty=5 price=810.05
trade paper-trade-2312 SELL qty=5 price=813.00
trade paper-trade-2313 BUY qty=5 price=811.60
trade paper-trade-2314 BUY qty=5 price=807.30
trade paper-trade-2315 SELL qty=10 price=810.10
trade paper-trade-2316 BUY qty=5 price=815.25
trade paper-trade-2317 SELL qty=5 price=816.90
trade paper-trade-2318 BUY qty=5 price=816.90
trade paper-trade-2319 SELL qty=5 price=817.50
trade paper-trade-2320 BUY qty=5 price=817.25
trade paper-trade-2321 BUY qty=5 price=816.35
trade paper-trade-2322 BUY qty=5 price=813.60
trade paper-trade-2323 BUY qty=5 price=811.95
trade paper-trade-2324 BUY qty=5 price=810.75
trade paper-trade-2325 BUY qty=5 price=810.00
trade paper-trade-2326 BUY qty=5 price=809.90
trade paper-trade-2327 SELL qty=35 price=811.00
trade paper-trade-2328 BUY qty=5 price=809.75
trade paper-trade-2329 SELL qty=5 price=812.10
trade paper-trade-2330 BUY qty=5 price=810.00
trade paper-trade-2331 SELL qty=5 price=811.00
trade paper-trade-2332 BUY qty=5 price=809.05
trade paper-trade-2333 BUY qty=5 price=809.30
trade paper-trade-2334 BUY qty=5 price=808.80
trade paper-trade-2335 BUY qty=5 price=808.70
trade paper-trade-2336 SELL qty=20 price=809.65
trade paper-trade-2337 BUY qty=5 price=811.10
trade paper-trade-2338 SELL qty=5 price=812.05
trade paper-trade-2339 BUY qty=5 price=811.25
trade paper-trade-2340 BUY qty=5 price=810.40
trade paper-trade-2341 BUY qty=5 price=810.60
trade paper-trade-2342 SELL qty=15 price=812.50
trade paper-trade-2343 BUY qty=5 price=812.00
trade paper-trade-2344 BUY qty=5 price=812.25
trade paper-trade-2345 BUY qty=5 price=812.10
trade paper-trade-2346 BUY qty=5 price=811.90
trade paper-trade-2347 SELL qty=20 price=812.45
trade paper-trade-2348 BUY qty=5 price=811.15
trade paper-trade-2349 SELL qty=5 price=811.15
trade paper-trade-2350 BUY qty=5 price=809.70
trade paper-trade-2351 BUY qty=5 price=808.60
trade paper-trade-2352 BUY qty=5 price=800.00
trade paper-trade-2353 SELL qty=15 price=807.40
trade paper-trade-2354 BUY qty=5 price=808.40
trade paper-trade-2355 SELL qty=5 price=809.90
trade paper-trade-2356 BUY qty=5 price=808.05
trade paper-trade-2357 BUY qty=5 price=807.40
trade paper-trade-2358 BUY qty=5 price=806.40
trade paper-trade-2359 BUY qty=5 price=805.40
trade paper-trade-2360 BUY qty=5 price=804.60
trade paper-trade-2361 BUY qty=5 price=804.30
trade paper-trade-2362 BUY qty=5 price=803.85
trade paper-trade-2363 SELL qty=35 price=805.25
trade paper-trade-2364 BUY qty=5 price=805.00
trade paper-trade-2365 BUY qty=5 price=804.25
trade paper-trade-2366 BUY qty=5 price=803.50
trade paper-trade-2367 SELL qty=15 price=805.90
trade paper-trade-2368 BUY qty=5 price=809.40
trade paper-trade-2369 BUY qty=5 price=807.10
trade paper-trade-2370 SELL qty=10 price=809.20
trade paper-trade-2371 BUY qty=5 price=807.15
trade paper-trade-2372 BUY qty=5 price=807.10
trade paper-trade-2373 SELL qty=10 price=806.35
trade paper-trade-2374 BUY qty=5 price=805.90
trade paper-trade-2375 BUY qty=5 price=805.60
trade paper-trade-2376 BUY qty=5 price=804.20
trade paper-trade-2377 SELL qty=15 price=806.00
trade paper-trade-2378 BUY qty=5 price=805.00
trade paper-trade-2379 BUY qty=5 price=804.00
trade paper-trade-2380 BUY qty=5 price=803.00
trade paper-trade-2381 BUY qty=5 price=802.75
trade paper-trade-2382 BUY qty=5 price=802.60
trade paper-trade-2383 SELL qty=25 price=803.55
trade paper-trade-2384 BUY qty=5 price=803.55
trade paper-trade-2385 SELL qty=5 price=804.80
trade paper-trade-2386 BUY qty=5 price=803.70
trade paper-trade-2387 BUY qty=5 price=803.55
trade paper-trade-2388 BUY qty=5 price=802.75
trade paper-trade-2389 SELL qty=15 price=811.15
trade paper-trade-2390 BUY qty=5 price=822.70
trade paper-trade-2391 BUY qty=5 price=822.50
trade paper-trade-2392 BUY qty=5 price=821.95
trade paper-trade-2393 BUY qty=5 price=820.40
trade paper-trade-2394 BUY qty=5 price=819.90
trade paper-trade-2395 BUY qty=5 price=819.00
trade paper-trade-2396 BUY qty=5 price=818.90
trade paper-trade-2397 BUY qty=5 price=817.80
trade paper-trade-2398 BUY qty=5 price=817.40
trade paper-trade-2399 SELL qty=45 price=819.30
trade paper-trade-2400 BUY qty=5 price=817.40
trade paper-trade-2401 SELL qty=5 price=818.00
trade paper-trade-2402 BUY qty=5 price=818.10
trade paper-trade-2403 SELL qty=5 price=819.45
trade paper-trade-2404 BUY qty=5 price=818.10
trade paper-trade-2405 SELL qty=5 price=818.55
trade paper-trade-2406 BUY qty=5 price=820.95
trade paper-trade-2407 BUY qty=5 price=820.65
trade paper-trade-2408 BUY qty=5 price=815.55
trade paper-trade-2409 BUY qty=5 price=814.35
trade paper-trade-2410 BUY qty=5 price=813.80
trade paper-trade-2411 BUY qty=5 price=813.50
trade paper-trade-2412 SELL qty=30 price=815.70
trade paper-trade-2413 BUY qty=5 price=815.90
trade paper-trade-2414 BUY qty=5 price=814.75
trade paper-trade-2415 BUY qty=5 price=814.50
trade paper-trade-2416 SELL qty=15 price=816.55
trade paper-trade-2417 BUY qty=5 price=811.55
trade paper-trade-2418 BUY qty=5 price=809.90
trade paper-trade-2419 BUY qty=5 price=809.60
trade paper-trade-2420 BUY qty=5 price=807.75
trade paper-trade-2421 BUY qty=5 price=807.60
trade paper-trade-2422 BUY qty=5 price=806.55
trade paper-trade-2423 BUY qty=5 price=803.35
trade paper-trade-2424 SELL qty=35 price=806.50
trade paper-trade-2425 BUY qty=5 price=808.80
trade paper-trade-2426 SELL qty=5 price=811.50
trade paper-trade-2427 BUY qty=5 price=811.30
trade paper-trade-2428 BUY qty=5 price=809.20
trade paper-trade-2429 BUY qty=5 price=807.50
trade paper-trade-2430 BUY qty=5 price=806.40
trade paper-trade-2431 SELL qty=20 price=809.45
trade paper-trade-2432 BUY qty=5 price=805.95
trade paper-trade-2433 BUY qty=5 price=805.20
trade paper-trade-2434 BUY qty=5 price=803.30
trade paper-trade-2435 BUY qty=5 price=800.75
trade paper-trade-2436 BUY qty=5 price=799.10
trade paper-trade-2437 BUY qty=5 price=798.25
trade paper-trade-2438 BUY qty=5 price=798.50
trade paper-trade-2439 SELL qty=35 price=796.90
trade paper-trade-2440 BUY qty=5 price=796.75
trade paper-trade-2441 SELL qty=5 price=798.75
trade paper-trade-2442 BUY qty=5 price=798.15
trade paper-trade-2443 SELL qty=5 price=800.55
trade paper-trade-2444 BUY qty=5 price=800.10
trade paper-trade-2445 SELL qty=5 price=803.90
trade paper-trade-2446 BUY qty=5 price=800.75
trade paper-trade-2447 SELL qty=5 price=804.85
trade paper-trade-2448 BUY qty=5 price=804.05
trade paper-trade-2449 SELL qty=5 price=806.35
trade paper-trade-2450 BUY qty=5 price=806.60
trade paper-trade-2451 SELL qty=5 price=807.70
trade paper-trade-2452 BUY qty=5 price=809.20
trade paper-trade-2453 BUY qty=5 price=809.00
trade paper-trade-2454 BUY qty=5 price=808.90
trade paper-trade-2455 BUY qty=5 price=808.45
trade paper-trade-2456 SELL qty=20 price=810.00
trade paper-trade-2457 BUY qty=5 price=811.30
trade paper-trade-2458 BUY qty=5 price=810.60
trade paper-trade-2459 BUY qty=5 price=809.75
trade paper-trade-2460 BUY qty=5 price=808.90
trade paper-trade-2461 BUY qty=5 price=808.10
trade paper-trade-2462 BUY qty=5 price=807.20
trade paper-trade-2463 BUY qty=5 price=807.10
trade paper-trade-2464 BUY qty=5 price=801.80
trade paper-trade-2465 BUY qty=5 price=802.15
trade paper-trade-2466 BUY qty=5 price=800.60
trade paper-trade-2467 BUY qty=5 price=799.20
trade paper-trade-2468 BUY qty=5 price=799.05
trade paper-trade-2469 SELL qty=60 price=800.80
trade paper-trade-2470 BUY qty=5 price=802.30
trade paper-trade-2471 BUY qty=5 price=801.90
trade paper-trade-2472 BUY qty=5 price=801.55
trade paper-trade-2473 SELL qty=15 price=803.05
trade paper-trade-2474 BUY qty=5 price=808.95
trade paper-trade-2475 BUY qty=5 price=808.30
trade paper-trade-2476 BUY qty=5 price=807.60
trade paper-trade-2477 BUY qty=5 price=808.15
trade paper-trade-2478 SELL qty=20 price=810.20
trade paper-trade-2479 BUY qty=5 price=807.05
trade paper-trade-2480 SELL qty=5 price=809.50
trade paper-trade-2481 BUY qty=5 price=806.60
trade paper-trade-2482 SELL qty=5 price=809.05
trade paper-trade-2483 BUY qty=5 price=812.90
trade paper-trade-2484 SELL qty=5 price=814.50
trade paper-trade-2485 BUY qty=5 price=813.15
trade paper-trade-2486 BUY qty=5 price=808.20
trade paper-trade-2487 BUY qty=5 price=804.50
trade paper-trade-2488 BUY qty=5 price=803.90
trade paper-trade-2489 BUY qty=5 price=803.05
trade paper-trade-2490 BUY qty=5 price=803.25
trade paper-trade-2491 BUY qty=5 price=802.60
trade paper-trade-2492 BUY qty=5 price=800.90
trade paper-trade-2493 SELL qty=40 price=803.00
trade paper-trade-2494 BUY qty=5 price=801.75
trade paper-trade-2495 BUY qty=5 price=801.70
trade paper-trade-2496 BUY qty=5 price=800.50
trade paper-trade-2497 BUY qty=5 price=800.70
trade paper-trade-2498 SELL qty=20 price=802.70
trade paper-trade-2499 BUY qty=5 price=800.70
trade paper-trade-2500 BUY qty=5 price=801.20
trade paper-trade-2501 SELL qty=10 price=803.50
trade paper-trade-2502 BUY qty=5 price=809.40
trade paper-trade-2503 BUY qty=5 price=808.85
trade paper-trade-2504 SELL qty=10 price=810.60
trade paper-trade-2505 BUY qty=5 price=810.55
trade paper-trade-2506 BUY qty=5 price=809.95
trade paper-trade-2507 SELL qty=10 price=813.20
trade paper-trade-2508 BUY qty=5 price=815.00
trade paper-trade-2509 BUY qty=5 price=814.00
trade paper-trade-2510 BUY qty=5 price=811.50
trade paper-trade-2511 BUY qty=5 price=806.40
trade paper-trade-2512 SELL qty=20 price=808.60
trade paper-trade-2513 BUY qty=5 price=811.65
trade paper-trade-2514 BUY qty=5 price=811.50
trade paper-trade-2515 BUY qty=5 price=810.75
trade paper-trade-2516 BUY qty=5 price=810.35
trade paper-trade-2517 BUY qty=5 price=808.50
trade paper-trade-2518 BUY qty=5 price=808.25
trade paper-trade-2519 BUY qty=5 price=808.00
trade paper-trade-2520 BUY qty=5 price=807.75
trade paper-trade-2521 BUY qty=5 price=807.60
trade paper-trade-2522 BUY qty=5 price=807.15
trade paper-trade-2523 BUY qty=5 price=806.75
trade paper-trade-2524 BUY qty=5 price=806.50
trade paper-trade-2525 SELL qty=60 price=808.20
trade paper-trade-2526 BUY qty=5 price=806.90
trade paper-trade-2527 BUY qty=5 price=806.50
trade paper-trade-2528 BUY qty=5 price=805.80
trade paper-trade-2529 BUY qty=5 price=804.95
trade paper-trade-2530 SELL qty=20 price=807.00
trade paper-trade-2531 BUY qty=5 price=815.60
trade paper-trade-2532 SELL qty=5 price=817.00
trade paper-trade-2533 BUY qty=5 price=816.00
trade paper-trade-2534 BUY qty=5 price=816.00
trade paper-trade-2535 BUY qty=5 price=815.00
trade paper-trade-2536 SELL qty=15 price=816.35
trade paper-trade-2537 BUY qty=5 price=816.60
trade paper-trade-2538 BUY qty=5 price=815.80
trade paper-trade-2539 BUY qty=5 price=815.45
trade paper-trade-2540 BUY qty=5 price=815.00
trade paper-trade-2541 SELL qty=20 price=816.50
trade paper-trade-2542 BUY qty=5 price=817.15
trade paper-trade-2543 SELL qty=5 price=824.65
trade paper-trade-2544 BUY qty=5 price=828.25
trade paper-trade-2545 SELL qty=5 price=830.30
trade paper-trade-2546 BUY qty=5 price=832.95
trade paper-trade-2547 BUY qty=5 price=832.60
trade paper-trade-2548 BUY qty=5 price=832.00
trade paper-trade-2549 SELL qty=15 price=833.00
trade paper-trade-2550 BUY qty=5 price=831.90
trade paper-trade-2551 BUY qty=5 price=831.75
trade paper-trade-2552 BUY qty=5 price=831.50
trade paper-trade-2553 BUY qty=5 price=831.10
trade paper-trade-2554 BUY qty=5 price=829.50
trade paper-trade-2555 SELL qty=25 price=831.75
trade paper-trade-2556 BUY qty=5 price=828.90
trade paper-trade-2557 BUY qty=5 price=829.10
trade paper-trade-2558 SELL qty=10 price=830.75
trade paper-trade-2559 BUY qty=5 price=829.00
trade paper-trade-2560 BUY qty=5 price=818.10
trade paper-trade-2561 BUY qty=5 price=816.20
trade paper-trade-2562 BUY qty=5 price=814.80
trade paper-trade-2563 SELL qty=20 price=817.90
trade paper-trade-2564 BUY qty=5 price=815.15
trade paper-trade-2565 BUY qty=5 price=810.10
trade paper-trade-2566 BUY qty=5 price=809.65
trade paper-trade-2567 BUY qty=5 price=803.40
trade paper-trade-2568 BUY qty=5 price=801.40
trade paper-trade-2569 SELL qty=25 price=807.25
trade paper-trade-2570 BUY qty=5 price=805.60
trade paper-trade-2571 SELL qty=5 price=808.10
trade paper-trade-2572 BUY qty=5 price=805.50
trade paper-trade-2573 SELL qty=5 price=807.40
trade paper-trade-2574 BUY qty=5 price=808.80
trade paper-trade-2575 BUY qty=5 price=808.40
trade paper-trade-2576 BUY qty=5 price=807.70
trade paper-trade-2577 BUY qty=5 price=807.65
trade paper-trade-2578 BUY qty=5 price=806.50
trade paper-trade-2579 SELL qty=25 price=808.75
trade paper-trade-2580 BUY qty=5 price=810.15
trade paper-trade-2581 BUY qty=5 price=810.30
trade paper-trade-2582 BUY qty=5 price=809.75
trade paper-trade-2583 BUY qty=5 price=808.85
trade paper-trade-2584 BUY qty=5 price=808.40
trade paper-trade-2585 SELL qty=25 price=807.15
trade paper-trade-2586 BUY qty=5 price=804.40
trade paper-trade-2587 SELL qty=5 price=807.10
trade paper-trade-2588 BUY qty=5 price=805.20
trade paper-trade-2589 BUY qty=5 price=805.10
trade paper-trade-2590 SELL qty=10 price=806.80
trade paper-trade-2591 BUY qty=5 price=805.40
trade paper-trade-2592 BUY qty=5 price=805.35
trade paper-trade-2593 BUY qty=5 price=804.70
trade paper-trade-2594 BUY qty=5 price=804.10
trade paper-trade-2595 BUY qty=5 price=803.10
trade paper-trade-2596 BUY qty=5 price=801.80
trade paper-trade-2597 BUY qty=5 price=799.00
trade paper-trade-2598 BUY qty=5 price=798.00
trade paper-trade-2599 SELL qty=40 price=799.80
trade paper-trade-2600 BUY qty=5 price=804.85
trade paper-trade-2601 BUY qty=5 price=803.60
trade paper-trade-2602 BUY qty=5 price=802.55
trade paper-trade-2603 SELL qty=15 price=806.10
trade paper-trade-2604 BUY qty=5 price=810.40
trade paper-trade-2605 BUY qty=5 price=809.75
trade paper-trade-2606 BUY qty=5 price=808.90
trade paper-trade-2607 SELL qty=15 price=811.00
trade paper-trade-2608 BUY qty=5 price=810.00
trade paper-trade-2609 BUY qty=5 price=809.55
trade paper-trade-2610 SELL qty=10 price=811.90
trade paper-trade-2611 BUY qty=5 price=811.50
trade paper-trade-2612 SELL qty=5 price=814.90
trade paper-trade-2613 BUY qty=5 price=813.20
trade paper-trade-2614 BUY qty=5 price=812.00
trade paper-trade-2615 BUY qty=5 price=810.75
trade paper-trade-2616 SELL qty=15 price=813.25
trade paper-trade-2617 BUY qty=5 price=816.95
trade paper-trade-2618 SELL qty=5 price=819.90
trade paper-trade-2619 BUY qty=5 price=822.60
trade paper-trade-2620 BUY qty=5 price=821.80
trade paper-trade-2621 BUY qty=5 price=819.85
trade paper-trade-2622 SELL qty=15 price=823.00
trade paper-trade-2623 BUY qty=5 price=821.50
trade paper-trade-2624 BUY qty=5 price=820.95
trade paper-trade-2625 BUY qty=5 price=821.10
trade paper-trade-2626 BUY qty=5 price=820.00
trade paper-trade-2627 SELL qty=20 price=824.55
trade paper-trade-2628 BUY qty=5 price=827.70
trade paper-trade-2629 BUY qty=5 price=827.50
trade paper-trade-2630 SELL qty=10 price=829.10
trade paper-trade-2631 BUY qty=5 price=827.50
trade paper-trade-2632 BUY qty=5 price=826.70
trade paper-trade-2633 SELL qty=10 price=828.70
trade paper-trade-2634 BUY qty=5 price=828.90
trade paper-trade-2635 SELL qty=5 price=830.70
trade paper-trade-2636 BUY qty=5 price=829.50
trade paper-trade-2637 SELL qty=5 price=830.50
trade paper-trade-2638 BUY qty=5 price=829.90
trade paper-trade-2639 BUY qty=5 price=829.80
trade paper-trade-2640 BUY qty=5 price=829.40
trade paper-trade-2641 BUY qty=5 price=829.00
trade paper-trade-2642 BUY qty=5 price=827.20
trade paper-trade-2643 SELL qty=25 price=828.50
trade paper-trade-2644 BUY qty=5 price=827.25
trade paper-trade-2645 BUY qty=5 price=827.10
trade paper-trade-2646 BUY qty=5 price=826.00
trade paper-trade-2647 SELL qty=15 price=827.40
trade paper-trade-2648 BUY qty=5 price=827.45
trade paper-trade-2649 BUY qty=5 price=826.00
trade paper-trade-2650 BUY qty=5 price=825.50
trade paper-trade-2651 BUY qty=5 price=825.40
trade paper-trade-2652 BUY qty=5 price=824.00
trade paper-trade-2653 BUY qty=5 price=824.10
trade paper-trade-2654 BUY qty=5 price=823.90
trade paper-trade-2655 SELL qty=35 price=827.65
trade paper-trade-2656 BUY qty=5 price=824.30
trade paper-trade-2657 SELL qty=5 price=826.95
trade paper-trade-2658 BUY qty=5 price=834.75
trade paper-trade-2659 BUY qty=5 price=834.30
trade paper-trade-2660 BUY qty=5 price=833.75
trade paper-trade-2661 SELL qty=15 price=835.30
trade paper-trade-2662 BUY qty=5 price=835.30
trade paper-trade-2663 SELL qty=5 price=836.50
trade paper-trade-2664 BUY qty=5 price=835.70
trade paper-trade-2665 BUY qty=5 price=835.15
trade paper-trade-2666 BUY qty=5 price=833.05
trade paper-trade-2667 BUY qty=5 price=832.90
trade paper-trade-2668 BUY qty=5 price=832.10
trade paper-trade-2669 BUY qty=5 price=830.70
trade paper-trade-2670 BUY qty=5 price=830.15
trade paper-trade-2671 BUY qty=5 price=829.65
trade paper-trade-2672 BUY qty=5 price=811.50
trade paper-trade-2673 BUY qty=5 price=810.10
trade paper-trade-2674 SELL qty=50 price=811.70
trade paper-trade-2675 BUY qty=5 price=809.25
trade paper-trade-2676 BUY qty=5 price=809.15
trade paper-trade-2677 BUY qty=5 price=808.60
trade paper-trade-2678 BUY qty=5 price=807.25
trade paper-trade-2679 BUY qty=5 price=806.40
trade paper-trade-2680 BUY qty=5 price=803.70
trade paper-trade-2681 BUY qty=5 price=803.15
trade paper-trade-2682 BUY qty=5 price=802.85
trade paper-trade-2683 SELL qty=40 price=804.20
trade paper-trade-2684 BUY qty=5 price=804.40
trade paper-trade-2685 SELL qty=5 price=806.00
trade paper-trade-2686 BUY qty=5 price=805.70
trade paper-trade-2687 SELL qty=5 price=806.75
trade paper-trade-2688 BUY qty=5 price=806.25
trade paper-trade-2689 SELL qty=5 price=808.00
trade paper-trade-2690 BUY qty=5 price=807.00
trade paper-trade-2691 BUY qty=5 price=806.90
trade paper-trade-2692 BUY qty=5 price=806.55
trade paper-trade-2693 BUY qty=5 price=806.30
trade paper-trade-2694 BUY qty=5 price=805.70
trade paper-trade-2695 BUY qty=5 price=803.85
trade paper-trade-2696 SELL qty=30 price=805.00
trade paper-trade-2697 BUY qty=5 price=803.45
trade paper-trade-2698 BUY qty=5 price=802.70
trade paper-trade-2699 BUY qty=5 price=801.45
trade paper-trade-2700 BUY qty=5 price=801.30
trade paper-trade-2701 SELL qty=20 price=802.90
trade paper-trade-2702 BUY qty=5 price=804.00
trade paper-trade-2703 BUY qty=5 price=803.20
trade paper-trade-2704 BUY qty=5 price=803.00
trade paper-trade-2705 BUY qty=5 price=802.50
trade paper-trade-2706 SELL qty=20 price=803.20
trade paper-trade-2707 BUY qty=5 price=804.90
trade paper-trade-2708 BUY qty=5 price=804.75
trade paper-trade-2709 BUY qty=5 price=804.35
trade paper-trade-2710 BUY qty=5 price=803.95
trade paper-trade-2711 BUY qty=5 price=803.60
trade paper-trade-2712 BUY qty=5 price=802.75
trade paper-trade-2713 BUY qty=5 price=803.15
trade paper-trade-2714 BUY qty=5 price=802.80
trade paper-trade-2715 SELL qty=40 price=804.45
trade paper-trade-2716 BUY qty=5 price=809.25
trade paper-trade-2717 BUY qty=5 price=807.00
trade paper-trade-2718 SELL qty=10 price=809.00
trade paper-trade-2719 BUY qty=5 price=807.15
trade paper-trade-2720 SELL qty=5 price=808.00
trade paper-trade-2721 BUY qty=5 price=812.60
trade paper-trade-2722 SELL qty=5 price=814.65
trade paper-trade-2723 BUY qty=5 price=814.30
trade paper-trade-2724 BUY qty=5 price=813.70
trade paper-trade-2725 SELL qty=10 price=815.70
trade paper-trade-2726 BUY qty=5 price=814.30
trade paper-trade-2727 BUY qty=5 price=813.70
trade paper-trade-2728 BUY qty=5 price=813.00
trade paper-trade-2729 BUY qty=5 price=812.25
trade paper-trade-2730 BUY qty=5 price=812.00
trade paper-trade-2731 SELL qty=25 price=812.90
trade paper-trade-2732 BUY qty=5 price=814.55
trade paper-trade-2733 BUY qty=5 price=813.80
trade paper-trade-2734 BUY qty=5 price=813.40
trade paper-trade-2735 BUY qty=5 price=813.30
trade paper-trade-2736 BUY qty=5 price=813.05
trade paper-trade-2737 BUY qty=5 price=812.70
trade paper-trade-2738 BUY qty=5 price=812.10
trade paper-trade-2739 SELL qty=35 price=813.50
trade paper-trade-2740 BUY qty=5 price=813.40
trade paper-trade-2741 SELL qty=5 price=815.20
trade paper-trade-2742 BUY qty=5 price=818.90
trade paper-trade-2743 SELL qty=5 price=820.25
trade paper-trade-2744 BUY qty=5 price=822.15
trade paper-trade-2745 SELL qty=5 price=822.90
trade paper-trade-2746 BUY qty=5 price=821.90
trade paper-trade-2747 BUY qty=5 price=821.15
trade paper-trade-2748 BUY qty=5 price=820.70
trade paper-trade-2749 BUY qty=5 price=820.80
trade paper-trade-2750 BUY qty=5 price=820.60
trade paper-trade-2751 BUY qty=5 price=820.30
trade paper-trade-2752 BUY qty=5 price=819.60
trade paper-trade-2753 BUY qty=5 price=818.50
trade paper-trade-2754 BUY qty=5 price=817.65
trade paper-trade-2755 BUY qty=5 price=814.90
trade paper-trade-2756 BUY qty=5 price=812.05
trade paper-trade-2757 SELL qty=55 price=814.30
trade paper-trade-2758 BUY qty=5 price=813.30
trade paper-trade-2759 BUY qty=5 price=812.60
trade paper-trade-2760 BUY qty=5 price=811.10
trade paper-trade-2761 SELL qty=15 price=812.75
trade paper-trade-2762 BUY qty=5 price=811.75
trade paper-trade-2763 SELL qty=5 price=811.80
trade paper-trade-2764 BUY qty=5 price=810.55
trade paper-trade-2765 BUY qty=5 price=809.60
trade paper-trade-2766 BUY qty=5 price=809.10
trade paper-trade-2767 SELL qty=15 price=810.45
trade paper-trade-2768 BUY qty=5 price=816.00
trade paper-trade-2769 BUY qty=5 price=816.00
trade paper-trade-2770 BUY qty=5 price=815.50
trade paper-trade-2771 BUY qty=5 price=815.45
trade paper-trade-2772 BUY qty=5 price=815.20
trade paper-trade-2773 BUY qty=5 price=815.15
trade paper-trade-2774 SELL qty=30 price=816.25
trade paper-trade-2775 BUY qty=5 price=816.40
trade paper-trade-2776 BUY qty=5 price=815.75
trade paper-trade-2777 SELL qty=10 price=816.90
trade paper-trade-2778 BUY qty=5 price=817.10
trade paper-trade-2779 BUY qty=5 price=817.00
trade paper-trade-2780 BUY qty=5 price=816.80
trade paper-trade-2781 BUY qty=5 price=816.50
trade paper-trade-2782 BUY qty=5 price=816.30
trade paper-trade-2783 BUY qty=5 price=815.60
trade paper-trade-2784 BUY qty=5 price=815.40
trade paper-trade-2785 BUY qty=5 price=815.10
trade paper-trade-2786 BUY qty=5 price=813.15
trade paper-trade-2787 SELL qty=45 price=814.80
trade paper-trade-2788 BUY qty=5 price=814.10
trade paper-trade-2789 BUY qty=5 price=813.75
trade paper-trade-2790 SELL qty=10 price=814.75
trade paper-trade-2791 BUY qty=5 price=814.80
trade paper-trade-2792 BUY qty=5 price=814.40
trade paper-trade-2793 BUY qty=5 price=813.90
trade paper-trade-2794 BUY qty=5 price=813.90
trade paper-trade-2795 BUY qty=5 price=813.40
trade paper-trade-2796 BUY qty=5 price=813.25
trade paper-trade-2797 BUY qty=5 price=812.10
trade paper-trade-2798 BUY qty=5 price=812.00
trade paper-trade-2799 SELL qty=40 price=813.70
trade paper-trade-2800 BUY qty=5 price=813.00
trade paper-trade-2801 BUY qty=5 price=812.70
trade paper-trade-2802 BUY qty=5 price=812.00
trade paper-trade-2803 SELL qty=15 price=818.40
trade paper-trade-2804 BUY qty=5 price=822.30
trade paper-trade-2805 BUY qty=5 price=822.10
trade paper-trade-2806 BUY qty=5 price=821.65
trade paper-trade-2807 SELL qty=15 price=821.80
trade paper-trade-2808 BUY qty=5 price=821.15
trade paper-trade-2809 BUY qty=5 price=821.00
trade paper-trade-2810 BUY qty=5 price=820.90
trade paper-trade-2811 SELL qty=15 price=821.25
trade paper-trade-2812 BUY qty=5 price=822.10
trade paper-trade-2813 BUY qty=5 price=821.35
trade paper-trade-2814 BUY qty=5 price=821.40
trade paper-trade-2815 BUY qty=5 price=820.80
trade paper-trade-2816 BUY qty=5 price=820.40
trade paper-trade-2817 BUY qty=5 price=819.55
trade paper-trade-2818 BUY qty=5 price=818.95
trade paper-trade-2819 BUY qty=5 price=818.75
trade paper-trade-2820 BUY qty=5 price=818.05
trade paper-trade-2821 BUY qty=5 price=816.30
trade paper-trade-2822 SELL qty=50 price=818.50
trade paper-trade-2823 BUY qty=5 price=817.75
trade paper-trade-2824 SELL qty=5 price=821.50
trade paper-trade-2825 BUY qty=5 price=821.80
trade paper-trade-2826 BUY qty=5 price=821.60
trade paper-trade-2827 BUY qty=5 price=821.00
trade paper-trade-2828 BUY qty=5 price=820.65
trade paper-trade-2829 BUY qty=5 price=819.75
trade paper-trade-2830 BUY qty=5 price=819.75
trade paper-trade-2831 BUY qty=5 price=819.30
trade paper-trade-2832 BUY qty=5 price=818.60
trade paper-trade-2833 BUY qty=5 price=819.05
trade paper-trade-2834 BUY qty=5 price=818.80
trade paper-trade-2835 BUY qty=5 price=818.40
trade paper-trade-2836 BUY qty=5 price=818.50
trade paper-trade-2837 BUY qty=5 price=817.60
trade paper-trade-2838 BUY qty=5 price=818.15
trade paper-trade-2839 BUY qty=5 price=817.90
trade paper-trade-2840 BUY qty=5 price=817.90
trade paper-trade-2841 BUY qty=5 price=817.70
trade paper-trade-2842 SELL qty=85 price=819.50
trade paper-trade-2843 BUY qty=5 price=818.15
trade paper-trade-2844 BUY qty=5 price=815.50
trade paper-trade-2845 SELL qty=10 price=816.75
trade paper-trade-2846 BUY qty=5 price=817.95
trade paper-trade-2847 BUY qty=5 price=817.65
trade paper-trade-2848 BUY qty=5 price=817.15
trade paper-trade-2849 SELL qty=15 price=818.25
trade paper-trade-2850 BUY qty=5 price=817.10
trade paper-trade-2851 BUY qty=5 price=816.90
trade paper-trade-2852 SELL qty=10 price=817.80
trade paper-trade-2853 BUY qty=5 price=818.10
trade paper-trade-2854 BUY qty=5 price=817.85
trade paper-trade-2855 SELL qty=10 price=818.90
trade paper-trade-2856 BUY qty=5 price=819.50
trade paper-trade-2857 BUY qty=5 price=819.10
trade paper-trade-2858 BUY qty=5 price=818.35
trade paper-trade-2859 BUY qty=5 price=817.10
trade paper-trade-2860 BUY qty=5 price=817.00
trade paper-trade-2861 SELL qty=25 price=818.65
trade paper-trade-2862 BUY qty=5 price=817.90
trade paper-trade-2863 BUY qty=5 price=816.90
trade paper-trade-2864 BUY qty=5 price=817.30
trade paper-trade-2865 BUY qty=5 price=816.90
trade paper-trade-2866 BUY qty=5 price=816.80
trade paper-trade-2867 BUY qty=5 price=816.60
trade paper-trade-2868 BUY qty=5 price=816.60
trade paper-trade-2869 BUY qty=5 price=816.30
trade paper-trade-2870 BUY qty=5 price=816.00
trade paper-trade-2871 BUY qty=5 price=815.80
trade paper-trade-2872 SELL qty=50 price=817.45
trade paper-trade-2873 BUY qty=5 price=817.80
trade paper-trade-2874 BUY qty=5 price=817.60
trade paper-trade-2875 SELL qty=10 price=819.25
trade paper-trade-2876 BUY qty=5 price=819.40
trade paper-trade-2877 BUY qty=5 price=818.50
trade paper-trade-2878 BUY qty=5 price=817.50
trade paper-trade-2879 SELL qty=15 price=818.50
trade paper-trade-2880 BUY qty=5 price=823.60
trade paper-trade-2881 BUY qty=5 price=823.10
trade paper-trade-2882 BUY qty=5 price=822.50
trade paper-trade-2883 BUY qty=5 price=822.50
trade paper-trade-2884 BUY qty=5 price=822.10
trade paper-trade-2885 BUY qty=5 price=821.40
trade paper-trade-2886 BUY qty=5 price=821.70
trade paper-trade-2887 BUY qty=5 price=821.00
trade paper-trade-2888 BUY qty=5 price=820.40
trade paper-trade-2889 SELL qty=45 price=820.65
trade paper-trade-2890 BUY qty=5 price=823.15
trade paper-trade-2891 BUY qty=5 price=822.55
trade paper-trade-2892 BUY qty=5 price=820.70
trade paper-trade-2893 BUY qty=5 price=820.20
trade paper-trade-2894 BUY qty=5 price=820.05
trade paper-trade-2895 SELL qty=25 price=823.75
trade paper-trade-2896 BUY qty=5 price=816.60
trade paper-trade-2897 BUY qty=5 price=813.50
trade paper-trade-2898 SELL qty=10 price=820.00
trade paper-trade-2899 BUY qty=5 price=818.75
trade paper-trade-2900 BUY qty=5 price=818.50
trade paper-trade-2901 BUY qty=5 price=817.20
trade paper-trade-2902 BUY qty=5 price=816.95
trade paper-trade-2903 BUY qty=5 price=816.70
trade paper-trade-2904 BUY qty=5 price=816.25
trade paper-trade-2905 SELL qty=30 price=817.10
trade paper-trade-2906 BUY qty=5 price=817.65
trade paper-trade-2907 BUY qty=5 price=817.50
trade paper-trade-2908 BUY qty=5 price=815.50
trade paper-trade-2909 BUY qty=5 price=814.50
trade paper-trade-2910 BUY qty=5 price=814.20
trade paper-trade-2911 BUY qty=5 price=813.80
trade paper-trade-2912 BUY qty=5 price=813.65
trade paper-trade-2913 BUY qty=5 price=812.50
trade paper-trade-2914 SELL qty=40 price=813.50
trade paper-trade-2915 BUY qty=5 price=813.15
trade paper-trade-2916 BUY qty=5 price=812.90
trade paper-trade-2917 BUY qty=5 price=812.65
trade paper-trade-2918 SELL qty=15 price=814.15
trade paper-trade-2919 BUY qty=5 price=813.70
trade paper-trade-2920 BUY qty=5 price=813.45
trade paper-trade-2921 BUY qty=5 price=812.55
trade paper-trade-2922 SELL qty=15 price=814.25
trade paper-trade-2923 BUY qty=5 price=814.40
trade paper-trade-2924 BUY qty=5 price=814.00
trade paper-trade-2925 SELL qty=10 price=815.45
trade paper-trade-2926 BUY qty=5 price=814.65
trade paper-trade-2927 SELL qty=5 price=815.90
trade paper-trade-2928 BUY qty=5 price=814.60
trade paper-trade-2929 BUY qty=5 price=814.70
trade paper-trade-2930 BUY qty=5 price=814.40
trade paper-trade-2931 BUY qty=5 price=813.90
trade paper-trade-2932 BUY qty=5 price=812.85
trade paper-trade-2933 SELL qty=25 price=814.50
trade paper-trade-2934 BUY qty=5 price=814.10
trade paper-trade-2935 SELL qty=5 price=815.30
trade paper-trade-2936 BUY qty=5 price=814.15
trade paper-trade-2937 BUY qty=5 price=812.70
trade paper-trade-2938 SELL qty=10 price=814.40
trade paper-trade-2939 BUY qty=5 price=817.40
trade paper-trade-2940 BUY qty=5 price=817.00
trade paper-trade-2941 SELL qty=10 price=818.00
trade paper-trade-2942 BUY qty=5 price=820.20
trade paper-trade-2943 BUY qty=5 price=820.10
trade paper-trade-2944 SELL qty=10 price=821.25
trade paper-trade-2945 BUY qty=5 price=820.60
trade paper-trade-2946 BUY qty=5 price=820.40
trade paper-trade-2947 BUY qty=5 price=819.95
trade paper-trade-2948 BUY qty=5 price=819.50
trade paper-trade-2949 SELL qty=20 price=820.05
trade paper-trade-2950 BUY qty=5 price=819.65
trade paper-trade-2951 SELL qty=5 price=820.30
trade paper-trade-2952 BUY qty=5 price=818.90
trade paper-trade-2953 BUY qty=5 price=818.95
trade paper-trade-2954 SELL qty=10 price=820.25
trade paper-trade-2955 BUY qty=5 price=819.50
trade paper-trade-2956 SELL qty=5 price=821.50
trade paper-trade-2957 BUY qty=5 price=823.00
trade paper-trade-2958 BUY qty=5 price=821.80
trade paper-trade-2959 BUY qty=5 price=821.25
trade paper-trade-2960 BUY qty=5 price=821.40
trade paper-trade-2961 BUY qty=5 price=821.10
trade paper-trade-2962 SELL qty=25 price=821.95
trade paper-trade-2963 BUY qty=5 price=821.40
trade paper-trade-2964 BUY qty=5 price=821.40
trade paper-trade-2965 BUY qty=5 price=821.20
trade paper-trade-2966 SELL qty=15 price=821.75
trade paper-trade-2967 BUY qty=5 price=821.35
trade paper-trade-2968 BUY qty=5 price=819.90
trade paper-trade-2969 SELL qty=10 price=822.10
trade paper-trade-2970 BUY qty=5 price=819.80
trade paper-trade-2971 BUY qty=5 price=819.80
trade paper-trade-2972 BUY qty=5 price=818.40
trade paper-trade-2973 BUY qty=5 price=817.25
trade paper-trade-2974 SELL qty=20 price=820.80
trade paper-trade-2975 BUY qty=5 price=819.90
trade paper-trade-2976 SELL qty=5 price=820.90
trade paper-trade-2977 BUY qty=5 price=820.70
trade paper-trade-2978 BUY qty=5 price=820.50
trade paper-trade-2979 SELL qty=10 price=821.00
trade paper-trade-2980 BUY qty=5 price=820.10
trade paper-trade-2981 BUY qty=5 price=819.65
trade paper-trade-2982 BUY qty=5 price=819.50
trade paper-trade-2983 BUY qty=5 price=819.35
trade paper-trade-2984 BUY qty=5 price=817.60
trade paper-trade-2985 SELL qty=25 price=819.60
trade paper-trade-2986 BUY qty=5 price=817.30
trade paper-trade-2987 BUY qty=5 price=816.35
trade paper-trade-2988 SELL qty=10 price=819.50
trade paper-trade-2989 BUY qty=5 price=818.40
trade paper-trade-2990 SELL qty=5 price=820.45
trade paper-trade-2991 BUY qty=5 price=821.10
trade paper-trade-2992 BUY qty=5 price=820.90
trade paper-trade-2993 SELL qty=10 price=822.10
trade paper-trade-2994 BUY qty=5 price=821.40
trade paper-trade-2995 BUY qty=5 price=820.65
trade paper-trade-2996 BUY qty=5 price=819.40
trade paper-trade-2997 BUY qty=5 price=818.65
trade paper-trade-2998 BUY qty=5 price=817.95
trade paper-trade-2999 BUY qty=5 price=817.85
trade paper-trade-3000 SELL qty=30 price=818.75
trade paper-trade-3001 BUY qty=5 price=818.50
trade paper-trade-3002 SELL qty=5 price=819.85
trade paper-trade-3003 BUY qty=5 price=820.10
trade paper-trade-3004 BUY qty=5 price=819.25
trade paper-trade-3005 SELL qty=10 price=822.00
trade paper-trade-3006 BUY qty=5 price=823.05
trade paper-trade-3007 BUY qty=5 price=823.15
trade paper-trade-3008 SELL qty=10 price=824.90
trade paper-trade-3009 BUY qty=5 price=823.75
trade paper-trade-3010 BUY qty=5 price=823.60
trade paper-trade-3011 SELL qty=10 price=825.25
trade paper-trade-3012 BUY qty=5 price=824.00
trade paper-trade-3013 BUY qty=5 price=823.50
trade paper-trade-3014 SELL qty=10 price=825.30
trade paper-trade-3015 BUY qty=5 price=823.95
trade paper-trade-3016 SELL qty=5 price=825.80
trade paper-trade-3017 BUY qty=5 price=824.10
trade paper-trade-3018 SELL qty=5 price=823.35
trade paper-trade-3019 BUY qty=5 price=824.10
trade paper-trade-3020 BUY qty=5 price=824.15
trade paper-trade-3021 BUY qty=5 price=824.00
trade paper-trade-3022 SELL qty=15 price=825.25
trade paper-trade-3023 BUY qty=5 price=823.85
trade paper-trade-3024 BUY qty=5 price=823.80
trade paper-trade-3025 BUY qty=5 price=822.85
trade paper-trade-3026 BUY qty=5 price=823.00
trade paper-trade-3027 SELL qty=20 price=824.35
trade paper-trade-3028 BUY qty=5 price=823.00
trade paper-trade-3029 BUY qty=5 price=821.90
trade paper-trade-3030 SELL qty=10 price=823.00
trade paper-trade-3031 BUY qty=5 price=821.75
trade paper-trade-3032 BUY qty=5 price=821.35
trade paper-trade-3033 BUY qty=5 price=819.80
trade paper-trade-3034 SELL qty=15 price=825.00
trade paper-trade-3035 BUY qty=5 price=827.00
trade paper-trade-3036 BUY qty=5 price=826.80
trade paper-trade-3037 BUY qty=5 price=826.80
trade paper-trade-3038 BUY qty=5 price=826.30
trade paper-trade-3039 BUY qty=5 price=825.90
trade paper-trade-3040 SELL qty=25 price=827.70
trade paper-trade-3041 BUY qty=5 price=825.50
trade paper-trade-3042 BUY qty=5 price=824.90
trade paper-trade-3043 BUY qty=5 price=825.00
trade paper-trade-3044 BUY qty=5 price=824.50
trade paper-trade-3045 BUY qty=5 price=824.20
trade paper-trade-3046 SELL qty=25 price=826.30
trade paper-trade-3047 BUY qty=5 price=832.20
trade paper-trade-3048 BUY qty=5 price=831.05
trade paper-trade-3049 BUY qty=5 price=830.10
trade paper-trade-3050 SELL qty=15 price=831.10
trade paper-trade-3051 BUY qty=5 price=830.35
trade paper-trade-3052 SELL qty=5 price=831.65
trade paper-trade-3053 BUY qty=5 price=831.60
trade paper-trade-3054 BUY qty=5 price=831.50
trade paper-trade-3055 SELL qty=10 price=833.25
trade paper-trade-3056 BUY qty=5 price=829.95
trade paper-trade-3057 BUY qty=5 price=829.30
trade paper-trade-3058 BUY qty=5 price=829.00
trade paper-trade-3059 SELL qty=15 price=830.30
trade paper-trade-3060 BUY qty=5 price=834.90
trade paper-trade-3061 SELL qty=5 price=835.00
trade paper-trade-3062 BUY qty=5 price=834.80
trade paper-trade-3063 BUY qty=5 price=834.25
trade paper-trade-3064 SELL qty=10 price=835.00
trade paper-trade-3065 BUY qty=5 price=837.40
trade paper-trade-3066 BUY qty=5 price=837.15
trade paper-trade-3067 BUY qty=5 price=836.70
trade paper-trade-3068 BUY qty=5 price=836.30
trade paper-trade-3069 BUY qty=5 price=836.10
trade paper-trade-3070 BUY qty=5 price=836.15
trade paper-trade-3071 BUY qty=5 price=835.60
trade paper-trade-3072 BUY qty=5 price=835.10
trade paper-trade-3073 BUY qty=5 price=835.10
trade paper-trade-3074 SELL qty=45 price=836.35
trade paper-trade-3075 BUY qty=5 price=833.80
trade paper-trade-3076 BUY qty=5 price=833.40
trade paper-trade-3077 SELL qty=10 price=834.80
trade paper-trade-3078 BUY qty=5 price=833.60
trade paper-trade-3079 BUY qty=5 price=832.50
trade paper-trade-3080 SELL qty=10 price=833.55
trade paper-trade-3081 BUY qty=5 price=832.30
trade paper-trade-3082 SELL qty=5 price=833.40
trade paper-trade-3083 BUY qty=5 price=832.65
trade paper-trade-3084 SELL qty=5 price=833.50
trade paper-trade-3085 BUY qty=5 price=832.60
trade paper-trade-3086 SELL qty=5 price=833.60
trade paper-trade-3087 BUY qty=5 price=834.70
trade paper-trade-3088 BUY qty=5 price=834.60
trade paper-trade-3089 BUY qty=5 price=834.35
trade paper-trade-3090 BUY qty=5 price=834.20
trade paper-trade-3091 BUY qty=5 price=833.70
trade paper-trade-3092 BUY qty=5 price=833.60
trade paper-trade-3093 BUY qty=5 price=833.60
trade paper-trade-3094 BUY qty=5 price=833.45
trade paper-trade-3095 BUY qty=5 price=834.05
trade paper-trade-3096 SELL qty=45 price=836.65
trade paper-trade-3097 BUY qty=5 price=846.20
trade paper-trade-3098 SELL qty=5 price=848.70
trade paper-trade-3099 BUY qty=5 price=847.60
trade paper-trade-3100 BUY qty=5 price=847.30
trade paper-trade-3101 SELL qty=10 price=848.10
trade paper-trade-3102 BUY qty=5 price=847.30
trade paper-trade-3103 BUY qty=5 price=845.50
trade paper-trade-3104 BUY qty=5 price=844.15
trade paper-trade-3105 BUY qty=5 price=843.90
trade paper-trade-3106 BUY qty=5 price=843.90
trade paper-trade-3107 BUY qty=5 price=843.25
trade paper-trade-3108 SELL qty=30 price=845.00
trade paper-trade-3109 BUY qty=5 price=845.65
trade paper-trade-3110 SELL qty=5 price=854.50
trade paper-trade-3111 BUY qty=5 price=855.15
trade paper-trade-3112 SELL qty=5 price=856.00
trade paper-trade-3113 BUY qty=5 price=857.50
trade paper-trade-3114 BUY qty=5 price=857.20
trade paper-trade-3115 BUY qty=5 price=856.40
trade paper-trade-3116 BUY qty=5 price=855.60
trade paper-trade-3117 BUY qty=5 price=854.90
trade paper-trade-3118 BUY qty=5 price=854.30
trade paper-trade-3119 SELL qty=30 price=857.20
trade paper-trade-3120 BUY qty=5 price=855.75
trade paper-trade-3121 BUY qty=5 price=855.50
trade paper-trade-3122 BUY qty=5 price=854.95
trade paper-trade-3123 BUY qty=5 price=854.10
trade paper-trade-3124 SELL qty=20 price=855.55
trade paper-trade-3125 BUY qty=5 price=854.75
trade paper-trade-3126 BUY qty=5 price=853.80
trade paper-trade-3127 BUY qty=5 price=853.60
trade paper-trade-3128 SELL qty=15 price=855.00
trade paper-trade-3129 BUY qty=5 price=853.40
trade paper-trade-3130 SELL qty=5 price=857.35
trade paper-trade-3131 BUY qty=5 price=861.00
trade paper-trade-3132 SELL qty=5 price=863.30
trade paper-trade-3133 BUY qty=5 price=869.00
trade paper-trade-3134 SELL qty=5 price=868.20
trade paper-trade-3135 BUY qty=5 price=866.30
trade paper-trade-3136 SELL qty=5 price=869.00
trade paper-trade-3137 BUY qty=5 price=867.30
trade paper-trade-3138 SELL qty=5 price=872.50
trade paper-trade-3139 BUY qty=5 price=876.75
trade paper-trade-3140 BUY qty=5 price=876.25
trade paper-trade-3141 SELL qty=10 price=878.00
trade paper-trade-3142 BUY qty=5 price=878.50
trade paper-trade-3143 SELL qty=5 price=879.75
trade paper-trade-3144 BUY qty=5 price=878.80
trade paper-trade-3145 BUY qty=5 price=878.45
trade paper-trade-3146 BUY qty=5 price=877.20
trade paper-trade-3147 BUY qty=5 price=877.10
trade paper-trade-3148 SELL qty=20 price=878.35
trade paper-trade-3149 BUY qty=5 price=881.10
trade paper-trade-3150 BUY qty=5 price=880.10
trade paper-trade-3151 BUY qty=5 price=879.70
trade paper-trade-3152 BUY qty=5 price=877.80
trade paper-trade-3153 SELL qty=20 price=881.50
trade paper-trade-3154 BUY qty=5 price=886.50
trade paper-trade-3155 SELL qty=5 price=886.90
trade paper-trade-3156 BUY qty=5 price=884.50
trade paper-trade-3157 BUY qty=5 price=884.40
trade paper-trade-3158 BUY qty=5 price=883.10
trade paper-trade-3159 BUY qty=5 price=881.30
trade paper-trade-3160 BUY qty=5 price=880.80
trade paper-trade-3161 SELL qty=25 price=882.50
trade paper-trade-3162 BUY qty=5 price=885.40
trade paper-trade-3163 BUY qty=5 price=884.20
trade paper-trade-3164 SELL qty=10 price=886.20
trade paper-trade-3165 BUY qty=5 price=882.90
trade paper-trade-3166 SELL qty=5 price=885.30
trade paper-trade-3167 BUY qty=5 price=883.50
trade paper-trade-3168 SELL qty=5 price=886.45
trade paper-trade-3169 BUY qty=5 price=891.60
trade paper-trade-3170 BUY qty=5 price=891.50
trade paper-trade-3171 BUY qty=5 price=891.50
trade paper-trade-3172 BUY qty=5 price=889.75
trade paper-trade-3173 BUY qty=5 price=889.60
trade paper-trade-3174 BUY qty=5 price=889.00
trade paper-trade-3175 SELL qty=30 price=890.25
trade paper-trade-3176 BUY qty=5 price=889.20
trade paper-trade-3177 SELL qty=5 price=891.00
trade paper-trade-3178 BUY qty=5 price=890.50
trade paper-trade-3179 BUY qty=5 price=890.00
trade paper-trade-3180 BUY qty=5 price=889.65
trade paper-trade-3181 BUY qty=5 price=889.40
trade paper-trade-3182 SELL qty=20 price=889.20
trade paper-trade-3183 BUY qty=5 price=887.40
trade paper-trade-3184 BUY qty=5 price=885.90
trade paper-trade-3185 BUY qty=5 price=886.05
trade paper-trade-3186 SELL qty=15 price=886.00
trade paper-trade-3187 BUY qty=5 price=889.90
trade paper-trade-3188 SELL qty=5 price=888.40
trade paper-trade-3189 BUY qty=5 price=888.00
trade paper-trade-3190 BUY qty=5 price=886.75
trade paper-trade-3191 SELL qty=10 price=888.80
trade paper-trade-3192 BUY qty=5 price=890.80
trade paper-trade-3193 BUY qty=5 price=890.30
trade paper-trade-3194 BUY qty=5 price=885.40
trade paper-trade-3195 SELL qty=15 price=887.75
trade paper-trade-3196 BUY qty=5 price=885.00
trade paper-trade-3197 SELL qty=5 price=887.10
trade paper-trade-3198 BUY qty=5 price=886.00
trade paper-trade-3199 BUY qty=5 price=885.55
trade paper-trade-3200 BUY qty=5 price=885.10
trade paper-trade-3201 BUY qty=5 price=881.60
trade paper-trade-3202 BUY qty=5 price=881.45
trade paper-trade-3203 BUY qty=5 price=881.15
trade paper-trade-3204 BUY qty=5 price=880.65
trade paper-trade-3205 SELL qty=35 price=882.20
trade paper-trade-3206 BUY qty=5 price=881.60
trade paper-trade-3207 BUY qty=5 price=881.00
trade paper-trade-3208 BUY qty=5 price=879.70
trade paper-trade-3209 BUY qty=5 price=879.90
trade paper-trade-3210 BUY qty=5 price=879.40
trade paper-trade-3211 BUY qty=5 price=878.45
trade paper-trade-3212 BUY qty=5 price=877.50
trade paper-trade-3213 BUY qty=5 price=877.05
trade paper-trade-3214 SELL qty=40 price=879.70
trade paper-trade-3215 BUY qty=5 price=878.00
trade paper-trade-3216 BUY qty=5 price=877.50
trade paper-trade-3217 BUY qty=5 price=876.70
trade paper-trade-3218 BUY qty=5 price=875.25
trade paper-trade-3219 BUY qty=5 price=875.00
trade paper-trade-3220 BUY qty=5 price=874.10
trade paper-trade-3221 BUY qty=5 price=873.35
trade paper-trade-3222 BUY qty=5 price=872.80
trade paper-trade-3223 BUY qty=5 price=872.60
trade paper-trade-3224 BUY qty=5 price=867.65
trade paper-trade-3225 SELL qty=50 price=870.35
trade paper-trade-3226 BUY qty=5 price=867.20
trade paper-trade-3227 BUY qty=5 price=866.45
trade paper-trade-3228 BUY qty=5 price=866.05
trade paper-trade-3229 BUY qty=5 price=865.40
trade paper-trade-3230 BUY qty=5 price=864.55
trade paper-trade-3231 BUY qty=5 price=863.55
trade paper-trade-3232 SELL qty=30 price=865.10
trade paper-trade-3233 BUY qty=5 price=863.05
trade paper-trade-3234 BUY qty=5 price=862.70
trade paper-trade-3235 BUY qty=5 price=862.30
trade paper-trade-3236 SELL qty=15 price=863.30
trade paper-trade-3237 BUY qty=5 price=865.35
trade paper-trade-3238 SELL qty=5 price=866.80
trade paper-trade-3239 BUY qty=5 price=865.70
trade paper-trade-3240 BUY qty=5 price=864.00
trade paper-trade-3241 BUY qty=5 price=863.50
trade paper-trade-3242 BUY qty=5 price=862.40
trade paper-trade-3243 SELL qty=20 price=864.50
trade paper-trade-3244 BUY qty=5 price=862.10
trade paper-trade-3245 BUY qty=5 price=862.10
trade paper-trade-3246 BUY qty=5 price=861.85
trade paper-trade-3247 SELL qty=15 price=863.10
trade paper-trade-3248 BUY qty=5 price=862.10
trade paper-trade-3249 SELL qty=5 price=863.20
trade paper-trade-3250 BUY qty=5 price=861.60
trade paper-trade-3251 BUY qty=5 price=861.50
trade paper-trade-3252 BUY qty=5 price=861.10
trade paper-trade-3253 BUY qty=5 price=860.80
trade paper-trade-3254 BUY qty=5 price=861.15
trade paper-trade-3255 SELL qty=25 price=862.45
trade paper-trade-3256 BUY qty=5 price=861.75
trade paper-trade-3257 BUY qty=5 price=861.35
trade paper-trade-3258 BUY qty=5 price=860.30
trade paper-trade-3259 SELL qty=15 price=861.75
trade paper-trade-3260 BUY qty=5 price=860.15
trade paper-trade-3261 BUY qty=5 price=857.80
trade paper-trade-3262 BUY qty=5 price=852.75
trade paper-trade-3263 BUY qty=5 price=852.40
trade paper-trade-3264 BUY qty=5 price=851.25
trade paper-trade-3265 BUY qty=5 price=851.10
trade paper-trade-3266 SELL qty=30 price=853.70
trade paper-trade-3267 BUY qty=5 price=854.30
trade paper-trade-3268 BUY qty=5 price=853.45
trade paper-trade-3269 BUY qty=5 price=852.00
trade paper-trade-3270 BUY qty=5 price=851.60
trade paper-trade-3271 SELL qty=20 price=853.80
trade paper-trade-3272 BUY qty=5 price=853.00
trade paper-trade-3273 BUY qty=5 price=852.70
trade paper-trade-3274 BUY qty=5 price=852.25
trade paper-trade-3275 BUY qty=5 price=849.65
trade paper-trade-3276 SELL qty=20 price=850.90
trade paper-trade-3277 BUY qty=5 price=849.00
trade paper-trade-3278 BUY qty=5 price=845.80
trade paper-trade-3279 BUY qty=5 price=844.40
trade paper-trade-3280 BUY qty=5 price=844.60
trade paper-trade-3281 BUY qty=5 price=842.85
trade paper-trade-3282 BUY qty=5 price=842.15
trade paper-trade-3283 BUY qty=5 price=841.50
trade paper-trade-3284 BUY qty=5 price=840.40
trade paper-trade-3285 BUY qty=5 price=839.70
trade paper-trade-3286 BUY qty=5 price=839.65
trade paper-trade-3287 BUY qty=5 price=838.75
trade paper-trade-3288 SELL qty=55 price=840.90
trade paper-trade-3289 BUY qty=5 price=840.15
trade paper-trade-3290 BUY qty=5 price=837.70
trade paper-trade-3291 BUY qty=5 price=837.65
trade paper-trade-3292 SELL qty=15 price=841.80
trade paper-trade-3293 BUY qty=5 price=837.20
trade paper-trade-3294 BUY qty=5 price=836.30
trade paper-trade-3295 SELL qty=10 price=840.70
trade paper-trade-3296 BUY qty=5 price=835.50
trade paper-trade-3297 BUY qty=5 price=834.80
trade paper-trade-3298 BUY qty=5 price=833.80
trade paper-trade-3299 SELL qty=15 price=837.30
trade paper-trade-3300 BUY qty=5 price=842.20
trade paper-trade-3301 BUY qty=5 price=841.25
trade paper-trade-3302 BUY qty=5 price=841.50
trade paper-trade-3303 BUY qty=5 price=841.40
trade paper-trade-3304 BUY qty=5 price=841.10
trade paper-trade-3305 BUY qty=5 price=838.30
trade paper-trade-3306 BUY qty=5 price=833.60
trade paper-trade-3307 BUY qty=5 price=832.50
trade paper-trade-3308 BUY qty=5 price=831.55
trade paper-trade-3309 BUY qty=5 price=829.05
trade paper-trade-3310 BUY qty=5 price=829.00
trade paper-trade-3311 BUY qty=5 price=828.95
trade paper-trade-3312 SELL qty=60 price=831.60
trade paper-trade-3313 BUY qty=5 price=831.30
trade paper-trade-3314 SELL qty=5 price=829.65
trade paper-trade-3315 BUY qty=5 price=827.00
trade paper-trade-3316 BUY qty=5 price=825.65
trade paper-trade-3317 BUY qty=5 price=821.00
trade paper-trade-3318 SELL qty=15 price=825.00
trade paper-trade-3319 BUY qty=5 price=823.80
trade paper-trade-3320 BUY qty=5 price=824.00
trade paper-trade-3321 BUY qty=5 price=822.85
trade paper-trade-3322 BUY qty=5 price=822.75
trade paper-trade-3323 BUY qty=5 price=822.00
trade paper-trade-3324 BUY qty=5 price=821.60
trade paper-trade-3325 SELL qty=30 price=824.00
trade paper-trade-3326 BUY qty=5 price=821.80
trade paper-trade-3327 BUY qty=5 price=820.80
trade paper-trade-3328 BUY qty=5 price=819.75
trade paper-trade-3329 BUY qty=5 price=815.45
trade paper-trade-3330 BUY qty=5 price=814.25
trade paper-trade-3331 BUY qty=5 price=813.40
trade paper-trade-3332 SELL qty=30 price=814.40
trade paper-trade-3333 BUY qty=5 price=814.15
trade paper-trade-3334 BUY qty=5 price=808.10
trade paper-trade-3335 SELL qty=10 price=812.50
trade paper-trade-3336 BUY qty=5 price=819.10
trade paper-trade-3337 SELL qty=5 price=822.30
trade paper-trade-3338 BUY qty=5 price=823.40
trade paper-trade-3339 SELL qty=5 price=824.50
trade paper-trade-3340 BUY qty=5 price=824.60
trade paper-trade-3341 BUY qty=5 price=824.35
trade paper-trade-3342 BUY qty=5 price=824.20
trade paper-trade-3343 BUY qty=5 price=824.00
trade paper-trade-3344 SELL qty=20 price=825.45
trade paper-trade-3345 BUY qty=5 price=824.50
trade paper-trade-3346 BUY qty=5 price=824.20
trade paper-trade-3347 BUY qty=5 price=823.90
trade paper-trade-3348 SELL qty=15 price=825.40
trade paper-trade-3349 BUY qty=5 price=825.80
trade paper-trade-3350 BUY qty=5 price=825.55
trade paper-trade-3351 BUY qty=5 price=824.85
trade paper-trade-3352 SELL qty=15 price=826.50
trade paper-trade-3353 BUY qty=5 price=824.60
trade paper-trade-3354 BUY qty=5 price=819.05
trade paper-trade-3355 SELL qty=10 price=821.45
trade paper-trade-3356 BUY qty=5 price=822.00
trade paper-trade-3357 BUY qty=5 price=821.10
trade paper-trade-3358 SELL qty=10 price=823.90
trade paper-trade-3359 BUY qty=5 price=823.50
trade paper-trade-3360 BUY qty=5 price=822.90
trade paper-trade-3361 BUY qty=5 price=822.50
trade paper-trade-3362 BUY qty=5 price=820.90
trade paper-trade-3363 BUY qty=5 price=819.50
trade paper-trade-3364 BUY qty=5 price=819.00
trade paper-trade-3365 BUY qty=5 price=818.50
trade paper-trade-3366 BUY qty=5 price=817.80
trade paper-trade-3367 BUY qty=5 price=817.25
trade paper-trade-3368 BUY qty=5 price=816.80
trade paper-trade-3369 SELL qty=50 price=817.85
trade paper-trade-3370 BUY qty=5 price=818.75
trade paper-trade-3371 SELL qty=5 price=819.00
trade paper-trade-3372 BUY qty=5 price=817.60
trade paper-trade-3373 BUY qty=5 price=816.90
trade paper-trade-3374 BUY qty=5 price=816.50
trade paper-trade-3375 BUY qty=5 price=815.70
trade paper-trade-3376 SELL qty=20 price=817.75
trade paper-trade-3377 BUY qty=5 price=817.30
trade paper-trade-3378 SELL qty=5 price=820.00
trade paper-trade-3379 BUY qty=5 price=818.70
trade paper-trade-3380 SELL qty=5 price=820.40
trade paper-trade-3381 BUY qty=5 price=823.40
trade paper-trade-3382 SELL qty=5 price=825.50
trade paper-trade-3383 BUY qty=5 price=829.80
trade paper-trade-3384 BUY qty=5 price=827.25
trade paper-trade-3385 SELL qty=10 price=829.40
trade paper-trade-3386 BUY qty=5 price=827.15
trade paper-trade-3387 BUY qty=5 price=826.90
trade paper-trade-3388 BUY qty=5 price=825.20
trade paper-trade-3389 BUY qty=5 price=824.25
trade paper-trade-3390 BUY qty=5 price=823.20
trade paper-trade-3391 BUY qty=5 price=822.65
trade paper-trade-3392 BUY qty=5 price=822.50
trade paper-trade-3393 BUY qty=5 price=821.70
trade paper-trade-3394 SELL qty=40 price=823.65
trade paper-trade-3395 BUY qty=5 price=825.65
trade paper-trade-3396 BUY qty=5 price=824.90
trade paper-trade-3397 BUY qty=5 price=824.50
trade paper-trade-3398 BUY qty=5 price=824.10
trade paper-trade-3399 SELL qty=20 price=825.70
trade paper-trade-3400 BUY qty=5 price=837.90
trade paper-trade-3401 SELL qty=5 price=839.90
trade paper-trade-3402 BUY qty=5 price=840.30
trade paper-trade-3403 SELL qty=5 price=842.60
trade paper-trade-3404 BUY qty=5 price=842.00
trade paper-trade-3405 BUY qty=5 price=841.55
trade paper-trade-3406 BUY qty=5 price=841.15
trade paper-trade-3407 BUY qty=5 price=840.50
trade paper-trade-3408 SELL qty=20 price=841.70
trade paper-trade-3409 BUY qty=5 price=842.75
trade paper-trade-3410 SELL qty=5 price=843.85
trade paper-trade-3411 BUY qty=5 price=842.65
trade paper-trade-3412 SELL qty=5 price=844.60
trade paper-trade-3413 BUY qty=5 price=843.00
trade paper-trade-3414 BUY qty=5 price=842.70
trade paper-trade-3415 BUY qty=5 price=840.75
trade paper-trade-3416 BUY qty=5 price=840.30
trade paper-trade-3417 BUY qty=5 price=840.00
trade paper-trade-3418 SELL qty=25 price=843.60
trade paper-trade-3419 BUY qty=5 price=841.55
trade paper-trade-3420 BUY qty=5 price=839.80
trade paper-trade-3421 BUY qty=5 price=840.15
trade paper-trade-3422 BUY qty=5 price=840.05
trade paper-trade-3423 BUY qty=5 price=840.00
trade paper-trade-3424 BUY qty=5 price=839.00
trade paper-trade-3425 SELL qty=30 price=839.75
trade paper-trade-3426 BUY qty=5 price=839.95
trade paper-trade-3427 BUY qty=5 price=839.80
trade paper-trade-3428 BUY qty=5 price=839.60
trade paper-trade-3429 SELL qty=15 price=840.90
trade paper-trade-3430 BUY qty=5 price=841.05
trade paper-trade-3431 BUY qty=5 price=840.50
trade paper-trade-3432 BUY qty=5 price=840.25
trade paper-trade-3433 SELL qty=15 price=842.00
trade paper-trade-3434 BUY qty=5 price=841.50
trade paper-trade-3435 BUY qty=5 price=840.50
trade paper-trade-3436 SELL qty=10 price=843.20
trade paper-trade-3437 BUY qty=5 price=840.30
trade paper-trade-3438 SELL qty=5 price=843.50
trade paper-trade-3439 BUY qty=5 price=849.45
trade paper-trade-3440 BUY qty=5 price=849.20
trade paper-trade-3441 SELL qty=10 price=852.15
trade paper-trade-3442 BUY qty=5 price=851.65
trade paper-trade-3443 BUY qty=5 price=851.20
trade paper-trade-3444 BUY qty=5 price=850.00
trade paper-trade-3445 BUY qty=5 price=850.90
trade paper-trade-3446 SELL qty=20 price=851.90
trade paper-trade-3447 BUY qty=5 price=851.65
trade paper-trade-3448 SELL qty=5 price=852.30
trade paper-trade-3449 BUY qty=5 price=851.60
trade paper-trade-3450 BUY qty=5 price=850.15
trade paper-trade-3451 BUY qty=5 price=849.65
trade paper-trade-3452 BUY qty=5 price=848.90
trade paper-trade-3453 SELL qty=20 price=850.50
trade paper-trade-3454 BUY qty=5 price=848.40
trade paper-trade-3455 SELL qty=5 price=850.50
trade paper-trade-3456 BUY qty=5 price=846.25
trade paper-trade-3457 BUY qty=5 price=844.00
trade paper-trade-3458 BUY qty=5 price=843.00
trade paper-trade-3459 BUY qty=5 price=841.30
trade paper-trade-3460 BUY qty=5 price=840.40
trade paper-trade-3461 BUY qty=5 price=837.70
trade paper-trade-3462 BUY qty=5 price=836.90
trade paper-trade-3463 SELL qty=35 price=839.10
trade paper-trade-3464 BUY qty=5 price=837.10
trade paper-trade-3465 BUY qty=5 price=834.65
trade paper-trade-3466 SELL qty=10 price=836.00
trade paper-trade-3467 BUY qty=5 price=835.60
trade paper-trade-3468 SELL qty=5 price=836.90
trade paper-trade-3469 BUY qty=5 price=835.60
trade paper-trade-3470 BUY qty=5 price=835.50
trade paper-trade-3471 BUY qty=5 price=834.10
trade paper-trade-3472 BUY qty=5 price=833.65
trade paper-trade-3473 BUY qty=5 price=832.65
trade paper-trade-3474 SELL qty=25 price=834.45
trade paper-trade-3475 BUY qty=5 price=834.00
trade paper-trade-3476 SELL qty=5 price=835.25
trade paper-trade-3477 BUY qty=5 price=830.10
trade paper-trade-3478 SELL qty=5 price=833.00
trade paper-trade-3479 BUY qty=5 price=833.00
trade paper-trade-3480 BUY qty=5 price=832.65
trade paper-trade-3481 BUY qty=5 price=832.10
trade paper-trade-3482 SELL qty=15 price=833.95
trade paper-trade-3483 BUY qty=5 price=834.85
trade paper-trade-3484 BUY qty=5 price=834.50
trade paper-trade-3485 BUY qty=5 price=834.35
trade paper-trade-3486 SELL qty=15 price=836.00
trade paper-trade-3487 BUY qty=5 price=836.40
trade paper-trade-3488 SELL qty=5 price=838.00
trade paper-trade-3489 BUY qty=5 price=843.30
trade paper-trade-3490 BUY qty=5 price=842.90
trade paper-trade-3491 BUY qty=5 price=842.10
trade paper-trade-3492 BUY qty=5 price=840.45
trade paper-trade-3493 BUY qty=5 price=839.65
trade paper-trade-3494 SELL qty=25 price=842.40
trade paper-trade-3495 BUY qty=5 price=861.80
trade paper-trade-3496 SELL qty=5 price=866.30
trade paper-trade-3497 BUY qty=5 price=866.80
trade paper-trade-3498 SELL qty=5 price=869.90
trade paper-trade-3499 BUY qty=5 price=870.40
trade paper-trade-3500 BUY qty=5 price=866.60
trade paper-trade-3501 BUY qty=5 price=866.80
trade paper-trade-3502 SELL qty=15 price=868.60
trade paper-trade-3503 BUY qty=5 price=868.10
trade paper-trade-3504 BUY qty=5 price=866.50
trade paper-trade-3505 SELL qty=10 price=868.50
trade paper-trade-3506 BUY qty=5 price=867.50
trade paper-trade-3507 BUY qty=5 price=866.65
trade paper-trade-3508 BUY qty=5 price=866.80
trade paper-trade-3509 BUY qty=5 price=864.85
trade paper-trade-3510 BUY qty=5 price=864.15
trade paper-trade-3511 BUY qty=5 price=863.45
trade paper-trade-3512 BUY qty=5 price=863.50
trade paper-trade-3513 BUY qty=5 price=862.00
trade paper-trade-3514 SELL qty=40 price=867.20
trade paper-trade-3515 BUY qty=5 price=867.30
trade paper-trade-3516 BUY qty=5 price=864.90
trade paper-trade-3517 BUY qty=5 price=861.80
trade paper-trade-3518 BUY qty=5 price=861.20
trade paper-trade-3519 BUY qty=5 price=860.85
trade paper-trade-3520 BUY qty=5 price=859.90
trade paper-trade-3521 BUY qty=5 price=859.20
trade paper-trade-3522 SELL qty=35 price=859.70
trade paper-trade-3523 BUY qty=5 price=857.30
trade paper-trade-3524 SELL qty=5 price=860.40
trade paper-trade-3525 BUY qty=5 price=861.55
trade paper-trade-3526 BUY qty=5 price=860.75
trade paper-trade-3527 BUY qty=5 price=860.50
trade paper-trade-3528 SELL qty=15 price=859.30
trade paper-trade-3529 BUY qty=5 price=868.50
trade paper-trade-3530 BUY qty=5 price=868.05
trade paper-trade-3531 SELL qty=10 price=870.35
trade paper-trade-3532 BUY qty=5 price=870.65
trade paper-trade-3533 SELL qty=5 price=869.30
trade paper-trade-3534 BUY qty=5 price=868.65
trade paper-trade-3535 SELL qty=5 price=870.00
trade paper-trade-3536 BUY qty=5 price=869.00
trade paper-trade-3537 BUY qty=5 price=868.30
trade paper-trade-3538 BUY qty=5 price=867.45
trade paper-trade-3539 BUY qty=5 price=866.90
trade paper-trade-3540 SELL qty=20 price=868.60
trade paper-trade-3541 BUY qty=5 price=867.25
trade paper-trade-3542 BUY qty=5 price=866.55
trade paper-trade-3543 SELL qty=10 price=876.45
trade paper-trade-3544 BUY qty=5 price=876.30
trade paper-trade-3545 BUY qty=5 price=875.75
trade paper-trade-3546 BUY qty=5 price=874.55
trade paper-trade-3547 SELL qty=15 price=878.00
trade paper-trade-3548 BUY qty=5 price=880.80
trade paper-trade-3549 BUY qty=5 price=880.45
trade paper-trade-3550 SELL qty=10 price=881.95
trade paper-trade-3551 BUY qty=5 price=882.00
trade paper-trade-3552 BUY qty=5 price=881.10
trade paper-trade-3553 BUY qty=5 price=880.80
trade paper-trade-3554 BUY qty=5 price=879.60
trade paper-trade-3555 BUY qty=5 price=878.90
trade paper-trade-3556 BUY qty=5 price=878.65
trade paper-trade-3557 SELL qty=30 price=879.90
trade paper-trade-3558 BUY qty=5 price=878.55
trade paper-trade-3559 BUY qty=5 price=875.55
trade paper-trade-3560 BUY qty=5 price=875.30
trade paper-trade-3561 BUY qty=5 price=874.80
trade paper-trade-3562 BUY qty=5 price=874.10
trade paper-trade-3563 BUY qty=5 price=874.05
trade paper-trade-3564 BUY qty=5 price=873.40
trade paper-trade-3565 SELL qty=35 price=875.95
trade paper-trade-3566 BUY qty=5 price=871.60
trade paper-trade-3567 SELL qty=5 price=874.80
trade paper-trade-3568 BUY qty=5 price=871.40
trade paper-trade-3569 BUY qty=5 price=869.50
trade paper-trade-3570 BUY qty=5 price=867.50
trade paper-trade-3571 SELL qty=15 price=869.20
trade paper-trade-3572 BUY qty=5 price=868.80
trade paper-trade-3573 SELL qty=5 price=872.00
trade paper-trade-3574 BUY qty=5 price=870.40
trade paper-trade-3575 BUY qty=5 price=869.60
trade paper-trade-3576 BUY qty=5 price=869.00
trade paper-trade-3577 BUY qty=5 price=868.90
trade paper-trade-3578 BUY qty=5 price=868.90
trade paper-trade-3579 BUY qty=5 price=867.90
trade paper-trade-3580 BUY qty=5 price=867.60
trade paper-trade-3581 SELL qty=35 price=869.75
trade paper-trade-3582 BUY qty=5 price=869.10
trade paper-trade-3583 BUY qty=5 price=868.60
trade paper-trade-3584 BUY qty=5 price=868.50
trade paper-trade-3585 BUY qty=5 price=868.30
trade paper-trade-3586 BUY qty=5 price=867.90
trade paper-trade-3587 BUY qty=5 price=867.80
trade paper-trade-3588 SELL qty=30 price=868.10
trade paper-trade-3589 BUY qty=5 price=870.10
trade paper-trade-3590 SELL qty=5 price=873.15
trade paper-trade-3591 BUY qty=5 price=871.70
trade paper-trade-3592 BUY qty=5 price=871.30
trade paper-trade-3593 SELL qty=10 price=873.90
trade paper-trade-3594 BUY qty=5 price=871.30
trade paper-trade-3595 BUY qty=5 price=870.50
trade paper-trade-3596 BUY qty=5 price=870.10
trade paper-trade-3597 BUY qty=5 price=869.15
trade paper-trade-3598 BUY qty=5 price=867.60
trade paper-trade-3599 BUY qty=5 price=867.00
trade paper-trade-3600 BUY qty=5 price=866.50
trade paper-trade-3601 BUY qty=5 price=865.30
trade paper-trade-3602 SELL qty=40 price=867.45
trade paper-trade-3603 BUY qty=5 price=868.30
trade paper-trade-3604 BUY qty=5 price=866.50
trade paper-trade-3605 SELL qty=10 price=868.05
trade paper-trade-3606 BUY qty=5 price=866.50
trade paper-trade-3607 BUY qty=5 price=866.50
trade paper-trade-3608 SELL qty=10 price=868.00
trade paper-trade-3609 BUY qty=5 price=867.00
trade paper-trade-3610 BUY qty=5 price=866.15
trade paper-trade-3611 SELL qty=10 price=868.35
trade paper-trade-3612 BUY qty=5 price=865.00
trade paper-trade-3613 BUY qty=5 price=864.10
trade paper-trade-3614 SELL qty=10 price=868.00
trade paper-trade-3615 BUY qty=5 price=867.60
trade paper-trade-3616 BUY qty=5 price=867.50
trade paper-trade-3617 BUY qty=5 price=867.15
trade paper-trade-3618 BUY qty=5 price=866.50
trade paper-trade-3619 BUY qty=5 price=866.30
trade paper-trade-3620 BUY qty=5 price=865.30
trade paper-trade-3621 BUY qty=5 price=864.90
trade paper-trade-3622 SELL qty=35 price=868.20
trade paper-trade-3623 BUY qty=5 price=871.00
trade paper-trade-3624 SELL qty=5 price=873.10
trade paper-trade-3625 BUY qty=5 price=878.50
trade paper-trade-3626 BUY qty=5 price=878.30
trade paper-trade-3627 BUY qty=5 price=877.65
trade paper-trade-3628 BUY qty=5 price=877.20
trade paper-trade-3629 BUY qty=5 price=876.85
trade paper-trade-3630 BUY qty=5 price=875.85
trade paper-trade-3631 BUY qty=5 price=874.10
trade paper-trade-3632 SELL qty=35 price=877.10
trade paper-trade-3633 BUY qty=5 price=872.80
trade paper-trade-3634 BUY qty=5 price=872.20
trade paper-trade-3635 BUY qty=5 price=871.15
trade paper-trade-3636 SELL qty=15 price=871.90
trade paper-trade-3637 BUY qty=5 price=869.40
trade paper-trade-3638 SELL qty=5 price=871.10
trade paper-trade-3639 BUY qty=5 price=870.65
trade paper-trade-3640 BUY qty=5 price=869.25
trade paper-trade-3641 BUY qty=5 price=866.80
trade paper-trade-3642 BUY qty=5 price=866.65
trade paper-trade-3643 BUY qty=5 price=864.10
trade paper-trade-3644 BUY qty=5 price=863.10
trade paper-trade-3645 BUY qty=5 price=862.40
trade paper-trade-3646 SELL qty=35 price=864.60
trade paper-trade-3647 BUY qty=5 price=866.75
trade paper-trade-3648 SELL qty=5 price=864.70
trade paper-trade-3649 BUY qty=5 price=866.15
trade paper-trade-3650 BUY qty=5 price=865.70
trade paper-trade-3651 BUY qty=5 price=865.30
trade paper-trade-3652 BUY qty=5 price=865.15
trade paper-trade-3653 SELL qty=20 price=866.40
trade paper-trade-3654 BUY qty=5 price=864.65
trade paper-trade-3655 BUY qty=5 price=862.35
trade paper-trade-3656 SELL qty=10 price=862.30
trade paper-trade-3657 BUY qty=5 price=861.45
trade paper-trade-3658 SELL qty=5 price=862.90
trade paper-trade-3659 BUY qty=5 price=862.65
trade paper-trade-3660 SELL qty=5 price=864.75
trade paper-trade-3661 BUY qty=5 price=868.60
trade paper-trade-3662 BUY qty=5 price=868.00
trade paper-trade-3663 BUY qty=5 price=866.15
trade paper-trade-3664 SELL qty=15 price=866.70
trade paper-trade-3665 BUY qty=5 price=867.80
trade paper-trade-3666 BUY qty=5 price=866.90
trade paper-trade-3667 BUY qty=5 price=866.20
trade paper-trade-3668 BUY qty=5 price=862.65
trade paper-trade-3669 SELL qty=20 price=863.75
trade paper-trade-3670 BUY qty=5 price=862.65
trade paper-trade-3671 BUY qty=5 price=861.95
trade paper-trade-3672 BUY qty=5 price=861.65
trade paper-trade-3673 BUY qty=5 price=861.30
trade paper-trade-3674 BUY qty=5 price=859.70
trade paper-trade-3675 BUY qty=5 price=859.00
trade paper-trade-3676 SELL qty=30 price=858.70
trade paper-trade-3677 BUY qty=5 price=857.45
trade paper-trade-3678 BUY qty=5 price=856.30
trade paper-trade-3679 SELL qty=10 price=858.30
trade paper-trade-3680 BUY qty=5 price=853.45
trade paper-trade-3681 SELL qty=5 price=854.85
trade paper-trade-3682 BUY qty=5 price=856.65
trade paper-trade-3683 BUY qty=5 price=856.50
trade paper-trade-3684 SELL qty=10 price=859.65
trade paper-trade-3685 BUY qty=5 price=856.40
trade paper-trade-3686 BUY qty=5 price=855.95
trade paper-trade-3687 BUY qty=5 price=855.35
trade paper-trade-3688 BUY qty=5 price=854.65
trade paper-trade-3689 SELL qty=20 price=857.50
trade paper-trade-3690 BUY qty=5 price=877.50
trade paper-trade-3691 BUY qty=5 price=876.50
trade paper-trade-3692 SELL qty=10 price=883.15
trade paper-trade-3693 BUY qty=5 price=876.80
trade paper-trade-3694 BUY qty=5 price=876.00
trade paper-trade-3695 BUY qty=5 price=875.70
trade paper-trade-3696 BUY qty=5 price=874.60
trade paper-trade-3697 BUY qty=5 price=874.30
trade paper-trade-3698 BUY qty=5 price=873.80
trade paper-trade-3699 SELL qty=30 price=876.20
trade paper-trade-3700 BUY qty=5 price=873.50
trade paper-trade-3701 BUY qty=5 price=873.40
trade paper-trade-3702 SELL qty=10 price=875.65
trade paper-trade-3703 BUY qty=5 price=874.30
trade paper-trade-3704 BUY qty=5 price=874.35
trade paper-trade-3705 SELL qty=10 price=875.90
trade paper-trade-3706 BUY qty=5 price=876.30
trade paper-trade-3707 BUY qty=5 price=875.50
trade paper-trade-3708 BUY qty=5 price=875.30
trade paper-trade-3709 SELL qty=15 price=876.80
trade paper-trade-3710 BUY qty=5 price=877.05
trade paper-trade-3711 SELL qty=5 price=879.35
trade paper-trade-3712 BUY qty=5 price=875.80
trade paper-trade-3713 BUY qty=5 price=874.60
trade paper-trade-3714 BUY qty=5 price=872.00
trade paper-trade-3715 SELL qty=15 price=872.25
trade paper-trade-3716 BUY qty=5 price=874.15
trade paper-trade-3717 BUY qty=5 price=873.75
trade paper-trade-3718 BUY qty=5 price=873.30
trade paper-trade-3719 BUY qty=5 price=871.40
trade paper-trade-3720 BUY qty=5 price=871.05
trade paper-trade-3721 BUY qty=5 price=870.90
trade paper-trade-3722 BUY qty=5 price=870.60
trade paper-trade-3723 SELL qty=35 price=871.30
trade paper-trade-3724 BUY qty=5 price=871.00
trade paper-trade-3725 SELL qty=5 price=871.90
trade paper-trade-3726 BUY qty=5 price=871.50
trade paper-trade-3727 BUY qty=5 price=871.00
trade paper-trade-3728 SELL qty=10 price=872.60
trade paper-trade-3729 BUY qty=5 price=872.70
trade paper-trade-3730 BUY qty=5 price=872.20
trade paper-trade-3731 SELL qty=10 price=874.90
trade paper-trade-3732 BUY qty=5 price=874.90
trade paper-trade-3733 SELL qty=5 price=877.40
trade paper-trade-3734 BUY qty=5 price=876.20
trade paper-trade-3735 SELL qty=5 price=876.90
trade paper-trade-3736 BUY qty=5 price=876.55
trade paper-trade-3737 SELL qty=5 price=877.35
trade paper-trade-3738 BUY qty=5 price=878.80
trade paper-trade-3739 BUY qty=5 price=878.35
trade paper-trade-3740 BUY qty=5 price=878.00
trade paper-trade-3741 BUY qty=5 price=877.10
trade paper-trade-3742 BUY qty=5 price=876.90
trade paper-trade-3743 BUY qty=5 price=875.80
trade paper-trade-3744 SELL qty=30 price=879.20
trade paper-trade-3745 BUY qty=5 price=877.55
trade paper-trade-3746 SELL qty=5 price=880.75
trade paper-trade-3747 BUY qty=5 price=889.50
trade paper-trade-3748 BUY qty=5 price=889.40
trade paper-trade-3749 BUY qty=5 price=888.35
trade paper-trade-3750 BUY qty=5 price=887.05
trade paper-trade-3751 BUY qty=5 price=886.95
trade paper-trade-3752 BUY qty=5 price=886.50
trade paper-trade-3753 BUY qty=5 price=884.50
trade paper-trade-3754 SELL qty=35 price=887.00
trade paper-trade-3755 BUY qty=5 price=884.80
trade paper-trade-3756 BUY qty=5 price=884.50
trade paper-trade-3757 BUY qty=5 price=883.60
trade paper-trade-3758 SELL qty=15 price=884.90
trade paper-trade-3759 BUY qty=5 price=885.60
trade paper-trade-3760 BUY qty=5 price=880.65
trade paper-trade-3761 BUY qty=5 price=878.40
trade paper-trade-3762 BUY qty=5 price=873.25
trade paper-trade-3763 SELL qty=20 price=876.50
trade paper-trade-3764 BUY qty=5 price=872.65
trade paper-trade-3765 BUY qty=5 price=869.50
trade paper-trade-3766 SELL qty=10 price=870.75
trade paper-trade-3767 BUY qty=5 price=869.70
trade paper-trade-3768 BUY qty=5 price=868.40
trade paper-trade-3769 BUY qty=5 price=867.85
trade paper-trade-3770 BUY qty=5 price=861.50
trade paper-trade-3771 BUY qty=5 price=860.05
trade paper-trade-3772 SELL qty=25 price=861.60
trade paper-trade-3773 BUY qty=5 price=860.15
trade paper-trade-3774 BUY qty=5 price=859.40
trade paper-trade-3775 BUY qty=5 price=856.80
trade paper-trade-3776 BUY qty=5 price=856.50
trade paper-trade-3777 SELL qty=20 price=859.75
trade paper-trade-3778 BUY qty=5 price=860.65
trade paper-trade-3779 BUY qty=5 price=860.10
trade paper-trade-3780 BUY qty=5 price=860.00
trade paper-trade-3781 BUY qty=5 price=856.90
trade paper-trade-3782 SELL qty=20 price=857.90
trade paper-trade-3783 BUY qty=5 price=855.95
trade paper-trade-3784 SELL qty=5 price=858.10
trade paper-trade-3785 BUY qty=5 price=854.80
trade paper-trade-3786 BUY qty=5 price=852.60
trade paper-trade-3787 SELL qty=10 price=854.40
trade paper-trade-3788 BUY qty=5 price=852.60
trade paper-trade-3789 SELL qty=5 price=853.40
trade paper-trade-3790 BUY qty=5 price=852.70
trade paper-trade-3791 BUY qty=5 price=852.00
trade paper-trade-3792 BUY qty=5 price=851.75
trade paper-trade-3793 BUY qty=5 price=851.50
trade paper-trade-3794 BUY qty=5 price=850.90
trade paper-trade-3795 SELL qty=25 price=852.65
trade paper-trade-3796 BUY qty=5 price=852.15
trade paper-trade-3797 BUY qty=5 price=851.75
trade paper-trade-3798 BUY qty=5 price=850.40
trade paper-trade-3799 BUY qty=5 price=850.00
trade paper-trade-3800 BUY qty=5 price=845.00
trade paper-trade-3801 BUY qty=5 price=843.10
trade paper-trade-3802 BUY qty=5 price=842.10
trade paper-trade-3803 BUY qty=5 price=841.90
trade paper-trade-3804 BUY qty=5 price=841.20
trade paper-trade-3805 SELL qty=45 price=841.80
trade paper-trade-3806 BUY qty=5 price=839.25
trade paper-trade-3807 SELL qty=5 price=851.10
trade paper-trade-3808 BUY qty=5 price=847.65
trade paper-trade-3809 BUY qty=5 price=847.30
trade paper-trade-3810 BUY qty=5 price=846.50
trade paper-trade-3811 BUY qty=5 price=846.50
trade paper-trade-3812 BUY qty=5 price=843.95
trade paper-trade-3813 BUY qty=5 price=841.80
trade paper-trade-3814 BUY qty=5 price=841.20
trade paper-trade-3815 SELL qty=35 price=844.25
trade paper-trade-3816 BUY qty=5 price=849.10
trade paper-trade-3817 SELL qty=5 price=851.80
trade paper-trade-3818 BUY qty=5 price=849.70
trade paper-trade-3819 BUY qty=5 price=849.30
trade paper-trade-3820 BUY qty=5 price=848.65
trade paper-trade-3821 SELL qty=15 price=850.15
trade paper-trade-3822 BUY qty=5 price=848.65
trade paper-trade-3823 BUY qty=5 price=848.15
trade paper-trade-3824 BUY qty=5 price=847.60
trade paper-trade-3825 BUY qty=5 price=846.10
trade paper-trade-3826 BUY qty=5 price=846.20
trade paper-trade-3827 BUY qty=5 price=845.50
trade paper-trade-3828 SELL qty=30 price=850.00
trade paper-trade-3829 BUY qty=5 price=856.30
trade paper-trade-3830 BUY qty=5 price=856.70
trade paper-trade-3831 BUY qty=5 price=855.05
trade paper-trade-3832 BUY qty=5 price=855.15
trade paper-trade-3833 BUY qty=5 price=854.70
trade paper-trade-3834 SELL qty=25 price=855.75
trade paper-trade-3835 BUY qty=5 price=855.90
trade paper-trade-3836 BUY qty=5 price=854.90
trade paper-trade-3837 BUY qty=5 price=854.90
trade paper-trade-3838 BUY qty=5 price=854.10
trade paper-trade-3839 BUY qty=5 price=853.90
trade paper-trade-3840 BUY qty=5 price=853.00
trade paper-trade-3841 BUY qty=5 price=852.65
trade paper-trade-3842 BUY qty=5 price=851.90
trade paper-trade-3843 SELL qty=40 price=854.35
trade paper-trade-3844 BUY qty=5 price=871.40
trade paper-trade-3845 SELL qty=5 price=873.00
trade paper-trade-3846 BUY qty=5 price=875.10
trade paper-trade-3847 BUY qty=5 price=874.35
trade paper-trade-3848 BUY qty=5 price=873.60
trade paper-trade-3849 BUY qty=5 price=873.25
trade paper-trade-3850 BUY qty=5 price=870.75
trade paper-trade-3851 BUY qty=5 price=869.00
trade paper-trade-3852 SELL qty=30 price=871.00
trade paper-trade-3853 BUY qty=5 price=869.60
trade paper-trade-3854 BUY qty=5 price=868.90
trade paper-trade-3855 SELL qty=10 price=875.40
trade paper-trade-3856 BUY qty=5 price=870.15
trade paper-trade-3857 BUY qty=5 price=869.95
trade paper-trade-3858 BUY qty=5 price=870.20
trade paper-trade-3859 BUY qty=5 price=870.00
trade paper-trade-3860 SELL qty=20 price=869.45
trade paper-trade-3861 BUY qty=5 price=873.30
trade paper-trade-3862 SELL qty=5 price=874.60
trade paper-trade-3863 BUY qty=5 price=873.60
trade paper-trade-3864 BUY qty=5 price=873.00
trade paper-trade-3865 SELL qty=10 price=872.60
trade paper-trade-3866 BUY qty=5 price=872.00
trade paper-trade-3867 BUY qty=5 price=871.50
trade paper-trade-3868 BUY qty=5 price=870.90
trade paper-trade-3869 BUY qty=5 price=870.00
trade paper-trade-3870 SELL qty=20 price=871.50
trade paper-trade-3871 BUY qty=5 price=872.80
trade paper-trade-3872 BUY qty=5 price=872.00
trade paper-trade-3873 BUY qty=5 price=871.00
trade paper-trade-3874 BUY qty=5 price=870.75
trade paper-trade-3875 BUY qty=5 price=869.00
trade paper-trade-3876 BUY qty=5 price=868.50
trade paper-trade-3877 BUY qty=5 price=867.40
trade paper-trade-3878 BUY qty=5 price=867.10
trade paper-trade-3879 SELL qty=40 price=868.70
trade paper-trade-3880 BUY qty=5 price=865.90
trade paper-trade-3881 BUY qty=5 price=865.70
trade paper-trade-3882 SELL qty=10 price=867.80
trade paper-trade-3883 BUY qty=5 price=869.50
trade paper-trade-3884 SELL qty=5 price=871.20
trade paper-trade-3885 BUY qty=5 price=871.10
trade paper-trade-3886 SELL qty=5 price=873.50
trade paper-trade-3887 BUY qty=5 price=871.60
trade paper-trade-3888 BUY qty=5 price=870.95
trade paper-trade-3889 SELL qty=10 price=887.50
trade paper-trade-3890 BUY qty=5 price=883.90
trade paper-trade-3891 BUY qty=5 price=882.90
trade paper-trade-3892 SELL qty=10 price=887.40
trade paper-trade-3893 BUY qty=5 price=890.50
trade paper-trade-3894 BUY qty=5 price=889.70
trade paper-trade-3895 BUY qty=5 price=889.00
trade paper-trade-3896 BUY qty=5 price=887.10
trade paper-trade-3897 BUY qty=5 price=886.20
trade paper-trade-3898 BUY qty=5 price=884.15
trade paper-trade-3899 BUY qty=5 price=884.10
trade paper-trade-3900 BUY qty=5 price=883.60
trade paper-trade-3901 SELL qty=40 price=886.85
trade paper-trade-3902 BUY qty=5 price=891.15
trade paper-trade-3903 BUY qty=5 price=890.50
trade paper-trade-3904 BUY qty=5 price=889.15
trade paper-trade-3905 BUY qty=5 price=888.50
trade paper-trade-3906 BUY qty=5 price=887.35
trade paper-trade-3907 BUY qty=5 price=886.70
trade paper-trade-3908 BUY qty=5 price=887.10
trade paper-trade-3909 BUY qty=5 price=886.65
trade paper-trade-3910 BUY qty=5 price=886.50
trade paper-trade-3911 SELL qty=45 price=888.00
trade paper-trade-3912 BUY qty=5 price=888.85
trade paper-trade-3913 BUY qty=5 price=888.60
trade paper-trade-3914 SELL qty=10 price=889.80
trade paper-trade-3915 BUY qty=5 price=894.30
trade paper-trade-3916 SELL qty=5 price=895.85
trade paper-trade-3917 BUY qty=5 price=895.00
trade paper-trade-3918 BUY qty=5 price=894.30
trade paper-trade-3919 BUY qty=5 price=893.90
trade paper-trade-3920 SELL qty=15 price=896.10
trade paper-trade-3921 BUY qty=5 price=898.50
trade paper-trade-3922 SELL qty=5 price=899.50
trade paper-trade-3923 BUY qty=5 price=915.30
trade paper-trade-3924 BUY qty=5 price=913.60
trade paper-trade-3925 BUY qty=5 price=913.00
trade paper-trade-3926 BUY qty=5 price=903.00
trade paper-trade-3927 SELL qty=20 price=907.40
trade paper-trade-3928 BUY qty=5 price=902.35
trade paper-trade-3929 BUY qty=5 price=901.30
trade paper-trade-3930 SELL qty=10 price=903.40
trade paper-trade-3931 BUY qty=5 price=900.40
trade paper-trade-3932 SELL qty=5 price=903.10
trade paper-trade-3933 BUY qty=5 price=900.10
trade paper-trade-3934 BUY qty=5 price=900.20
trade paper-trade-3935 SELL qty=10 price=902.30
trade paper-trade-3936 BUY qty=5 price=900.90
trade paper-trade-3937 BUY qty=5 price=897.90
trade paper-trade-3938 SELL qty=10 price=898.10
trade paper-trade-3939 BUY qty=5 price=895.30
trade paper-trade-3940 SELL qty=5 price=897.60
trade paper-trade-3941 BUY qty=5 price=898.50
trade paper-trade-3942 BUY qty=5 price=892.15
trade paper-trade-3943 SELL qty=10 price=897.20
trade paper-trade-3944 BUY qty=5 price=896.90
trade paper-trade-3945 BUY qty=5 price=896.95
trade paper-trade-3946 BUY qty=5 price=896.60
trade paper-trade-3947 BUY qty=5 price=896.40
trade paper-trade-3948 BUY qty=5 price=896.00
trade paper-trade-3949 BUY qty=5 price=895.55
trade paper-trade-3950 BUY qty=5 price=894.80
trade paper-trade-3951 BUY qty=5 price=893.70
trade paper-trade-3952 SELL qty=40 price=895.50
trade paper-trade-3953 BUY qty=5 price=893.50
trade paper-trade-3954 SELL qty=5 price=895.10
trade paper-trade-3955 BUY qty=5 price=893.15
trade paper-trade-3956 SELL qty=5 price=894.60
trade paper-trade-3957 BUY qty=5 price=893.20
trade paper-trade-3958 BUY qty=5 price=893.40
trade paper-trade-3959 SELL qty=10 price=894.70
trade paper-trade-3960 BUY qty=5 price=893.20
trade paper-trade-3961 SELL qty=5 price=894.30
trade paper-trade-3962 BUY qty=5 price=895.60
trade paper-trade-3963 BUY qty=5 price=888.85
trade paper-trade-3964 BUY qty=5 price=888.90
trade paper-trade-3965 SELL qty=15 price=892.10
trade paper-trade-3966 BUY qty=5 price=890.00
trade paper-trade-3967 BUY qty=5 price=889.50
trade paper-trade-3968 SELL qty=10 price=890.90
trade paper-trade-3969 BUY qty=5 price=889.80
trade paper-trade-3970 BUY qty=5 price=889.50
trade paper-trade-3971 BUY qty=5 price=889.00
trade paper-trade-3972 SELL qty=15 price=890.40
trade paper-trade-3973 BUY qty=5 price=893.75
trade paper-trade-3974 BUY qty=5 price=893.45
trade paper-trade-3975 SELL qty=10 price=895.40
trade paper-trade-3976 BUY qty=5 price=901.25
trade paper-trade-3977 SELL qty=5 price=912.10
trade paper-trade-3978 BUY qty=5 price=909.60
trade paper-trade-3979 BUY qty=5 price=909.50
trade paper-trade-3980 SELL qty=10 price=913.20
trade paper-trade-3981 BUY qty=5 price=915.60
trade paper-trade-3982 BUY qty=5 price=916.70
trade paper-trade-3983 BUY qty=5 price=916.15
trade paper-trade-3984 BUY qty=5 price=914.50
trade paper-trade-3985 BUY qty=5 price=914.15
trade paper-trade-3986 BUY qty=5 price=913.95
trade paper-trade-3987 BUY qty=5 price=913.50
trade paper-trade-3988 BUY qty=5 price=913.20
trade paper-trade-3989 BUY qty=5 price=912.60
trade paper-trade-3990 BUY qty=5 price=912.05
trade paper-trade-3991 BUY qty=5 price=912.30
trade paper-trade-3992 SELL qty=55 price=913.50
trade paper-trade-3993 BUY qty=5 price=914.30
trade paper-trade-3994 BUY qty=5 price=914.20
trade paper-trade-3995 BUY qty=5 price=914.10
trade paper-trade-3996 BUY qty=5 price=913.50
trade paper-trade-3997 BUY qty=5 price=912.20
trade paper-trade-3998 SELL qty=25 price=914.15
trade paper-trade-3999 BUY qty=5 price=928.30
trade paper-trade-4000 SELL qty=5 price=928.60
trade paper-trade-4001 BUY qty=5 price=927.60
trade paper-trade-4002 SELL qty=5 price=930.00
trade paper-trade-4003 BUY qty=5 price=930.00
trade paper-trade-4004 SELL qty=5 price=931.70
trade paper-trade-4005 BUY qty=5 price=929.00
trade paper-trade-4006 BUY qty=5 price=928.40
trade paper-trade-4007 BUY qty=5 price=926.55
trade paper-trade-4008 BUY qty=5 price=926.15
trade paper-trade-4009 BUY qty=5 price=924.55
trade paper-trade-4010 BUY qty=5 price=924.25
trade paper-trade-4011 BUY qty=5 price=922.15
trade paper-trade-4012 BUY qty=5 price=920.60
trade paper-trade-4013 BUY qty=5 price=920.10
trade paper-trade-4014 BUY qty=5 price=918.50
trade paper-trade-4015 SELL qty=50 price=921.65
trade paper-trade-4016 BUY qty=5 price=935.15
trade paper-trade-4017 BUY qty=5 price=929.75
trade paper-trade-4018 BUY qty=5 price=927.10
trade paper-trade-4019 BUY qty=5 price=926.80
trade paper-trade-4020 BUY qty=5 price=924.30
trade paper-trade-4021 BUY qty=5 price=923.55
trade paper-trade-4022 SELL qty=30 price=929.50
trade paper-trade-4023 BUY qty=5 price=929.65
trade paper-trade-4024 BUY qty=5 price=928.60
trade paper-trade-4025 BUY qty=5 price=928.40
trade paper-trade-4026 BUY qty=5 price=927.60
trade paper-trade-4027 SELL qty=20 price=929.90
trade paper-trade-4028 BUY qty=5 price=928.10
trade paper-trade-4029 SELL qty=5 price=929.85
trade paper-trade-4030 BUY qty=5 price=928.40
trade paper-trade-4031 BUY qty=5 price=927.70
trade paper-trade-4032 BUY qty=5 price=927.30
trade paper-trade-4033 BUY qty=5 price=927.20
trade paper-trade-4034 BUY qty=5 price=927.00
trade paper-trade-4035 BUY qty=5 price=926.60
trade paper-trade-4036 SELL qty=30 price=927.60
trade paper-trade-4037 BUY qty=5 price=938.60
trade paper-trade-4038 BUY qty=5 price=937.90
trade paper-trade-4039 BUY qty=5 price=937.35
trade paper-trade-4040 BUY qty=5 price=937.00
trade paper-trade-4041 BUY qty=5 price=936.80
trade paper-trade-4042 BUY qty=5 price=935.25
trade paper-trade-4043 BUY qty=5 price=934.80
trade paper-trade-4044 BUY qty=5 price=933.80
trade paper-trade-4045 BUY qty=5 price=932.80
trade paper-trade-4046 SELL qty=45 price=936.70
trade paper-trade-4047 BUY qty=5 price=935.20
trade paper-trade-4048 BUY qty=5 price=933.60
trade paper-trade-4049 BUY qty=5 price=933.00
trade paper-trade-4050 SELL qty=15 price=935.00
trade paper-trade-4051 BUY qty=5 price=934.45
trade paper-trade-4052 BUY qty=5 price=934.40
trade paper-trade-4053 BUY qty=5 price=933.60
trade paper-trade-4054 BUY qty=5 price=931.90
trade paper-trade-4055 BUY qty=5 price=931.50
trade paper-trade-4056 BUY qty=5 price=931.50
trade paper-trade-4057 BUY qty=5 price=930.55
trade paper-trade-4058 BUY qty=5 price=930.90
trade paper-trade-4059 BUY qty=5 price=930.65
trade paper-trade-4060 BUY qty=5 price=930.30
trade paper-trade-4061 SELL qty=50 price=931.75
trade paper-trade-4062 BUY qty=5 price=932.90
trade paper-trade-4063 BUY qty=5 price=929.50
trade paper-trade-4064 SELL qty=10 price=932.15
trade paper-trade-4065 BUY qty=5 price=928.50
trade paper-trade-4066 SELL qty=5 price=932.50
trade paper-trade-4067 BUY qty=5 price=931.30
trade paper-trade-4068 SELL qty=5 price=933.15
trade paper-trade-4069 BUY qty=5 price=932.60
trade paper-trade-4070 BUY qty=5 price=932.00
trade paper-trade-4071 BUY qty=5 price=930.80
trade paper-trade-4072 SELL qty=15 price=933.20
trade paper-trade-4073 BUY qty=5 price=931.65
trade paper-trade-4074 SELL qty=5 price=933.15
trade paper-trade-4075 BUY qty=5 price=932.70
trade paper-trade-4076 SELL qty=5 price=933.95
trade paper-trade-4077 BUY qty=5 price=932.00
trade paper-trade-4078 BUY qty=5 price=931.45
trade paper-trade-4079 BUY qty=5 price=930.90
trade paper-trade-4080 SELL qty=15 price=932.50
trade paper-trade-4081 BUY qty=5 price=929.00
trade paper-trade-4082 SELL qty=5 price=932.50
trade paper-trade-4083 BUY qty=5 price=931.40
trade paper-trade-4084 BUY qty=5 price=929.30
trade paper-trade-4085 BUY qty=5 price=928.75
trade paper-trade-4086 SELL qty=15 price=931.15
trade paper-trade-4087 BUY qty=5 price=930.00
trade paper-trade-4088 BUY qty=5 price=929.40
trade paper-trade-4089 BUY qty=5 price=928.65
trade paper-trade-4090 BUY qty=5 price=927.30
trade paper-trade-4091 BUY qty=5 price=927.15
trade paper-trade-4092 SELL qty=25 price=928.20
trade paper-trade-4093 BUY qty=5 price=928.05
trade paper-trade-4094 SELL qty=5 price=929.80
trade paper-trade-4095 BUY qty=5 price=929.00
trade paper-trade-4096 BUY qty=5 price=927.50
trade paper-trade-4097 BUY qty=5 price=924.15
trade paper-trade-4098 BUY qty=5 price=923.20
trade paper-trade-4099 BUY qty=5 price=922.50
trade paper-trade-4100 BUY qty=5 price=921.50
trade paper-trade-4101 BUY qty=5 price=915.25
trade paper-trade-4102 SELL qty=35 price=919.40
trade paper-trade-4103 BUY qty=5 price=932.00
trade paper-trade-4104 SELL qty=5 price=935.85
trade paper-trade-4105 BUY qty=5 price=933.50
trade paper-trade-4106 BUY qty=5 price=932.90
trade paper-trade-4107 SELL qty=10 price=934.80
trade paper-trade-4108 BUY qty=5 price=931.85
trade paper-trade-4109 BUY qty=5 price=931.30
trade paper-trade-4110 SELL qty=10 price=933.90
trade paper-trade-4111 BUY qty=5 price=932.15
trade paper-trade-4112 SELL qty=5 price=934.30
trade paper-trade-4113 BUY qty=5 price=931.70
trade paper-trade-4114 BUY qty=5 price=931.50
trade paper-trade-4115 BUY qty=5 price=931.10
trade paper-trade-4116 BUY qty=5 price=929.55
trade paper-trade-4117 BUY qty=5 price=928.60
trade paper-trade-4118 SELL qty=25 price=929.95
trade paper-trade-4119 BUY qty=5 price=928.20
trade paper-trade-4120 SELL qty=5 price=930.25
trade paper-trade-4121 BUY qty=5 price=931.45
trade paper-trade-4122 SELL qty=5 price=932.85
trade paper-trade-4123 BUY qty=5 price=932.00
trade paper-trade-4124 BUY qty=5 price=931.60
trade paper-trade-4125 BUY qty=5 price=928.15
trade paper-trade-4126 BUY qty=5 price=927.15
trade paper-trade-4127 BUY qty=5 price=925.00
trade paper-trade-4128 SELL qty=25 price=925.00
trade paper-trade-4129 BUY qty=5 price=922.60
trade paper-trade-4130 BUY qty=5 price=921.40
trade paper-trade-4131 BUY qty=5 price=920.50
trade paper-trade-4132 SELL qty=15 price=925.00
trade paper-trade-4133 BUY qty=5 price=921.15
trade paper-trade-4134 BUY qty=5 price=920.60
trade paper-trade-4135 BUY qty=5 price=919.00
trade paper-trade-4136 BUY qty=5 price=918.75
trade paper-trade-4137 BUY qty=5 price=917.80
trade paper-trade-4138 BUY qty=5 price=917.25
trade paper-trade-4139 SELL qty=30 price=920.65
trade paper-trade-4140 BUY qty=5 price=919.00
trade paper-trade-4141 BUY qty=5 price=918.10
trade paper-trade-4142 BUY qty=5 price=917.60
trade paper-trade-4143 BUY qty=5 price=917.40
trade paper-trade-4144 BUY qty=5 price=918.15
trade paper-trade-4145 BUY qty=5 price=916.30
trade paper-trade-4146 BUY qty=5 price=914.95
trade paper-trade-4147 BUY qty=5 price=914.95
trade paper-trade-4148 BUY qty=5 price=913.60
trade paper-trade-4149 SELL qty=45 price=916.75
trade paper-trade-4150 BUY qty=5 price=913.90
trade paper-trade-4151 BUY qty=5 price=909.65
trade paper-trade-4152 BUY qty=5 price=907.90
trade paper-trade-4153 BUY qty=5 price=907.30
trade paper-trade-4154 SELL qty=20 price=910.00
trade paper-trade-4155 BUY qty=5 price=907.90
trade paper-trade-4156 BUY qty=5 price=905.80
trade paper-trade-4157 BUY qty=5 price=905.05
trade paper-trade-4158 SELL qty=15 price=907.60
trade paper-trade-4159 BUY qty=5 price=905.90
trade paper-trade-4160 SELL qty=5 price=907.25
trade paper-trade-4161 BUY qty=5 price=908.40
trade paper-trade-4162 BUY qty=5 price=907.65
trade paper-trade-4163 BUY qty=5 price=906.45
trade paper-trade-4164 BUY qty=5 price=905.60
trade paper-trade-4165 BUY qty=5 price=905.85
trade paper-trade-4166 BUY qty=5 price=905.25
trade paper-trade-4167 BUY qty=5 price=904.65
trade paper-trade-4168 BUY qty=5 price=895.55
trade paper-trade-4169 BUY qty=5 price=894.60
trade paper-trade-4170 BUY qty=5 price=892.85
trade paper-trade-4171 BUY qty=5 price=890.20
trade paper-trade-4172 SELL qty=55 price=896.00
trade paper-trade-4173 BUY qty=5 price=893.40
trade paper-trade-4174 BUY qty=5 price=892.80
trade paper-trade-4175 SELL qty=10 price=895.25
trade paper-trade-4176 BUY qty=5 price=893.50
trade paper-trade-4177 SELL qty=5 price=894.70
trade paper-trade-4178 BUY qty=5 price=896.30
trade paper-trade-4179 BUY qty=5 price=896.00
trade paper-trade-4180 BUY qty=5 price=895.90
trade paper-trade-4181 SELL qty=15 price=896.95
trade paper-trade-4182 BUY qty=5 price=895.75
trade paper-trade-4183 BUY qty=5 price=896.15
trade paper-trade-4184 BUY qty=5 price=896.00
trade paper-trade-4185 BUY qty=5 price=895.65
trade paper-trade-4186 BUY qty=5 price=895.20
trade paper-trade-4187 BUY qty=5 price=892.30
trade paper-trade-4188 SELL qty=30 price=896.00
trade paper-trade-4189 BUY qty=5 price=892.30
trade paper-trade-4190 BUY qty=5 price=889.25
trade paper-trade-4191 SELL qty=10 price=892.25
trade paper-trade-4192 BUY qty=5 price=893.65
trade paper-trade-4193 SELL qty=5 price=896.50
trade paper-trade-4194 BUY qty=5 price=894.65
trade paper-trade-4195 BUY qty=5 price=894.75
trade paper-trade-4196 BUY qty=5 price=893.40
trade paper-trade-4197 BUY qty=5 price=893.10
trade paper-trade-4198 SELL qty=20 price=895.90
trade paper-trade-4199 BUY qty=5 price=895.40
trade paper-trade-4200 BUY qty=5 price=891.10
trade paper-trade-4201 BUY qty=5 price=890.90
trade paper-trade-4202 BUY qty=5 price=890.15
trade paper-trade-4203 BUY qty=5 price=890.00
trade paper-trade-4204 BUY qty=5 price=889.50
trade paper-trade-4205 BUY qty=5 price=888.90
trade paper-trade-4206 BUY qty=5 price=887.25
trade paper-trade-4207 BUY qty=5 price=883.95
trade paper-trade-4208 SELL qty=45 price=888.45
trade paper-trade-4209 BUY qty=5 price=900.90
trade paper-trade-4210 BUY qty=5 price=899.55
trade paper-trade-4211 SELL qty=10 price=901.35
trade paper-trade-4212 BUY qty=5 price=900.50
trade paper-trade-4213 BUY qty=5 price=900.00
trade paper-trade-4214 BUY qty=5 price=899.60
trade paper-trade-4215 BUY qty=5 price=898.65
trade paper-trade-4216 BUY qty=5 price=898.70
trade paper-trade-4217 BUY qty=5 price=896.65
trade paper-trade-4218 BUY qty=5 price=896.30
trade paper-trade-4219 BUY qty=5 price=896.10
trade paper-trade-4220 SELL qty=40 price=897.40
trade paper-trade-4221 BUY qty=5 price=898.40
trade paper-trade-4222 BUY qty=5 price=897.30
trade paper-trade-4223 BUY qty=5 price=896.80
trade paper-trade-4224 SELL qty=15 price=897.40
trade paper-trade-4225 BUY qty=5 price=898.15
trade paper-trade-4226 BUY qty=5 price=897.25
trade paper-trade-4227 SELL qty=10 price=898.80
trade paper-trade-4228 BUY qty=5 price=898.75
trade paper-trade-4229 SELL qty=5 price=900.30
trade paper-trade-4230 BUY qty=5 price=899.80
trade paper-trade-4231 BUY qty=5 price=899.70
trade paper-trade-4232 BUY qty=5 price=899.40
trade paper-trade-4233 SELL qty=15 price=900.50
trade paper-trade-4234 BUY qty=5 price=899.40
trade paper-trade-4235 BUY qty=5 price=898.10
trade paper-trade-4236 BUY qty=5 price=898.00
trade paper-trade-4237 SELL qty=15 price=899.90
trade paper-trade-4238 BUY qty=5 price=899.50
trade paper-trade-4239 BUY qty=5 price=899.30
trade paper-trade-4240 BUY qty=5 price=897.95
trade paper-trade-4241 SELL qty=15 price=903.70
trade paper-trade-4242 BUY qty=5 price=900.85
trade paper-trade-4243 BUY qty=5 price=900.80
trade paper-trade-4244 BUY qty=5 price=900.10
trade paper-trade-4245 BUY qty=5 price=899.65
trade paper-trade-4246 BUY qty=5 price=899.20
trade paper-trade-4247 BUY qty=5 price=897.95
trade paper-trade-4248 SELL qty=30 price=900.40
trade paper-trade-4249 BUY qty=5 price=898.00
trade paper-trade-4250 BUY qty=5 price=897.00
trade paper-trade-4251 BUY qty=5 price=896.25
trade paper-trade-4252 SELL qty=15 price=897.85
trade paper-trade-4253 BUY qty=5 price=897.10
trade paper-trade-4254 BUY qty=5 price=896.35
trade paper-trade-4255 BUY qty=5 price=895.45
trade paper-trade-4256 BUY qty=5 price=894.60
trade paper-trade-4257 SELL qty=20 price=896.15
trade paper-trade-4258 BUY qty=5 price=894.80
trade paper-trade-4259 SELL qty=5 price=896.00
trade paper-trade-4260 BUY qty=5 price=892.35
trade paper-trade-4261 SELL qty=5 price=896.50
trade paper-trade-4262 BUY qty=5 price=895.70
trade paper-trade-4263 BUY qty=5 price=894.60
trade paper-trade-4264 SELL qty=10 price=896.70
trade paper-trade-4265 BUY qty=5 price=898.60
trade paper-trade-4266 SELL qty=5 price=899.70
trade paper-trade-4267 BUY qty=5 price=898.55
trade paper-trade-4268 BUY qty=5 price=897.85
trade paper-trade-4269 BUY qty=5 price=896.90
trade paper-trade-4270 BUY qty=5 price=896.20
trade paper-trade-4271 BUY qty=5 price=895.50
trade paper-trade-4272 BUY qty=5 price=895.40
trade paper-trade-4273 SELL qty=30 price=896.55
trade paper-trade-4274 BUY qty=5 price=895.10
trade paper-trade-4275 BUY qty=5 price=894.80
trade paper-trade-4276 SELL qty=10 price=896.20
trade paper-trade-4277 BUY qty=5 price=897.90
trade paper-trade-4278 SELL qty=5 price=900.40
trade paper-trade-4279 BUY qty=5 price=894.00
trade paper-trade-4280 BUY qty=5 price=895.45
trade paper-trade-4281 SELL qty=10 price=898.00
trade paper-trade-4282 BUY qty=5 price=897.90
trade paper-trade-4283 BUY qty=5 price=897.00
trade paper-trade-4284 SELL qty=10 price=899.30
trade paper-trade-4285 BUY qty=5 price=903.70
trade paper-trade-4286 BUY qty=5 price=898.15
trade paper-trade-4287 BUY qty=5 price=896.30
trade paper-trade-4288 BUY qty=5 price=896.10
trade paper-trade-4289 BUY qty=5 price=887.60
trade paper-trade-4290 BUY qty=5 price=887.05
trade paper-trade-4291 BUY qty=5 price=886.85
trade paper-trade-4292 SELL qty=35 price=889.05
trade paper-trade-4293 BUY qty=5 price=886.25
trade paper-trade-4294 SELL qty=5 price=890.30
order_failed rule_1 timestamp=1704085380000 error=NoPosition
order_failed rule_1 timestamp=1704085740000 error=NoPosition
order_failed rule_1 timestamp=1704086340000 error=NoPosition
order_failed rule_1 timestamp=1704086460000 error=NoPosition
order_failed rule_1 timestamp=1704087600000 error=NoPosition
order_failed rule_1 timestamp=1704093480000 error=NoPosition
order_failed rule_1 timestamp=1704099240000 error=NoPosition
order_failed rule_1 timestamp=1704168540000 error=NoPosition
order_failed rule_1 timestamp=1704172440000 error=NoPosition
order_failed rule_1 timestamp=1704172740000 error=NoPosition
order_failed rule_1 timestamp=1704174420000 error=NoPosition
order_failed rule_1 timestamp=1704177540000 error=NoPosition
order_failed rule_1 timestamp=1704178020000 error=NoPosition
order_failed rule_1 timestamp=1704187860000 error=NoPosition
order_failed rule_1 timestamp=1704260580000 error=NoPosition
order_failed rule_1 timestamp=1704267960000 error=NoPosition
order_failed rule_1 timestamp=1704269100000 error=NoPosition
order_failed rule_1 timestamp=1704270840000 error=NoPosition
order_failed rule_1 timestamp=1704271080000 error=NoPosition
order_failed rule_1 timestamp=1704339960000 error=NoPosition
order_failed rule_1 timestamp=1704340800000 error=NoPosition
order_failed rule_1 timestamp=1704341220000 error=NoPosition
order_failed rule_1 timestamp=1704341520000 error=NoPosition
order_failed rule_1 timestamp=1704342840000 error=NoPosition
order_failed rule_1 timestamp=1704343440000 error=NoPosition
order_failed rule_1 timestamp=1704343680000 error=NoPosition
order_failed rule_1 timestamp=1704346200000 error=NoPosition
order_failed rule_1 timestamp=1704346980000 error=NoPosition
order_failed rule_1 timestamp=1704347100000 error=NoPosition
order_failed rule_1 timestamp=1704352680000 error=NoPosition
order_failed rule_1 timestamp=1704354240000 error=NoPosition
order_failed rule_1 timestamp=1704358740000 error=NoPosition
order_failed rule_1 timestamp=1704359280000 error=NoPosition
order_failed rule_1 timestamp=1704359520000 error=NoPosition
order_failed rule_1 timestamp=1704360600000 error=NoPosition
order_failed rule_1 timestamp=1704361140000 error=NoPosition
order_failed rule_1 timestamp=1704362100000 error=NoPosition
order_failed rule_1 timestamp=1704426300000 error=NoPosition
order_failed rule_1 timestamp=1704443280000 error=NoPosition
order_failed rule_1 timestamp=1704444180000 error=NoPosition
order_failed rule_1 timestamp=1704444780000 error=NoPosition
order_failed rule_1 timestamp=1704445680000 error=NoPosition
order_failed rule_1 timestamp=1704446700000 error=NoPosition
order_failed rule_1 timestamp=1704447120000 error=NoPosition
order_failed rule_1 timestamp=1704447240000 error=NoPosition
order_failed rule_1 timestamp=1704775620000 error=NoPosition
order_failed rule_1 timestamp=1704776280000 error=NoPosition
order_failed rule_1 timestamp=1704776400000 error=NoPosition
order_failed rule_1 timestamp=1704778080000 error=NoPosition
order_failed rule_1 timestamp=1704778740000 error=NoPosition
order_failed rule_1 timestamp=1704781080000 error=NoPosition
order_failed rule_1 timestamp=1704860940000 error=NoPosition
order_failed rule_1 timestamp=1704862020000 error=NoPosition
order_failed rule_1 timestamp=1704866940000 error=NoPosition
order_failed rule_1 timestamp=1704867060000 error=NoPosition
order_failed rule_1 timestamp=1704872340000 error=NoPosition
order_failed rule_1 timestamp=1704873600000 error=NoPosition
order_failed rule_1 timestamp=1704875400000 error=NoPosition
order_failed rule_1 timestamp=1704876540000 error=NoPosition
order_failed rule_1 timestamp=1704880560000 error=NoPosition
order_failed rule_1 timestamp=1704944700000 error=NoPosition
order_failed rule_1 timestamp=1704950040000 error=NoPosition
order_failed rule_1 timestamp=1704950160000 error=NoPosition
order_failed rule_1 timestamp=1704950280000 error=NoPosition
order_failed rule_1 timestamp=1704952920000 error=NoPosition
order_failed rule_1 timestamp=1704953700000 error=NoPosition
order_failed rule_1 timestamp=1704954360000 error=NoPosition
order_failed rule_1 timestamp=1704954600000 error=NoPosition
order_failed rule_1 timestamp=1704965280000 error=NoPosition
order_failed rule_1 timestamp=1704966900000 error=NoPosition
order_failed rule_1 timestamp=1705031100000 error=NoPosition
order_failed rule_1 timestamp=1705031400000 error=NoPosition
order_failed rule_1 timestamp=1705044660000 error=NoPosition
order_failed rule_1 timestamp=1705046460000 error=NoPosition
order_failed rule_1 timestamp=1705046880000 error=NoPosition
order_failed rule_1 timestamp=1705047600000 error=NoPosition
order_failed rule_1 timestamp=1705047720000 error=NoPosition
order_failed rule_1 timestamp=1705048140000 error=NoPosition
order_failed rule_1 timestamp=1705291200000 error=NoPosition
order_failed rule_1 timestamp=1705291620000 error=NoPosition
order_failed rule_1 timestamp=1705291980000 error=NoPosition
order_failed rule_1 timestamp=1705292100000 error=NoPosition
order_failed rule_1 timestamp=1705293660000 error=NoPosition
order_failed rule_1 timestamp=1705294860000 error=NoPosition
order_failed rule_1 timestamp=1705297320000 error=NoPosition
order_failed rule_1 timestamp=1705301160000 error=NoPosition
order_failed rule_1 timestamp=1705301640000 error=NoPosition
order_failed rule_1 timestamp=1705311660000 error=NoPosition
order_failed rule_1 timestamp=1705311900000 error=NoPosition
order_failed rule_1 timestamp=1705312500000 error=NoPosition
order_failed rule_1 timestamp=1705380240000 error=NoPosition
order_failed rule_1 timestamp=1705381560000 error=NoPosition
order_failed rule_1 timestamp=1705384860000 error=NoPosition
order_failed rule_1 timestamp=1705390080000 error=NoPosition
order_failed rule_1 timestamp=1705390260000 error=NoPosition
order_failed rule_1 timestamp=1705390500000 error=NoPosition
order_failed rule_1 timestamp=1705394340000 error=NoPosition
order_failed rule_1 timestamp=1705394700000 error=NoPosition
order_failed rule_1 timestamp=1705395060000 error=NoPosition
order_failed rule_1 timestamp=1705396680000 error=NoPosition
order_failed rule_1 timestamp=1705397100000 error=NoPosition
order_failed rule_1 timestamp=1705469940000 error=NoPosition
order_failed rule_1 timestamp=1705476840000 error=NoPosition
order_failed rule_1 timestamp=1705554000000 error=NoPosition
order_failed rule_1 timestamp=1705554540000 error=NoPosition
order_failed rule_1 timestamp=1705559640000 error=NoPosition
order_failed rule_1 timestamp=1705571940000 error=NoPosition
order_failed rule_1 timestamp=1705636140000 error=NoPosition
order_failed rule_1 timestamp=1705640460000 error=NoPosition
order_failed rule_1 timestamp=1705640760000 error=NoPosition
order_failed rule_1 timestamp=1705644480000 error=NoPosition
order_failed rule_1 timestamp=1705658340000 error=NoPosition
order_failed rule_1 timestamp=1705722660000 error=NoPosition
order_failed rule_1 timestamp=1705722900000 error=NoPosition
order_failed rule_1 timestamp=1705727040000 error=NoPosition
order_failed rule_1 timestamp=1705728600000 error=NoPosition
order_failed rule_1 timestamp=1705729080000 error=NoPosition
order_failed rule_1 timestamp=1705732860000 error=NoPosition
order_failed rule_1 timestamp=1705739460000 error=NoPosition
order_failed rule_1 timestamp=1705992960000 error=NoPosition
order_failed rule_1 timestamp=1705993080000 error=NoPosition
order_failed rule_1 timestamp=1705994400000 error=NoPosition
order_failed rule_1 timestamp=1705997100000 error=NoPosition
order_failed rule_1 timestamp=1705997640000 error=NoPosition
order_failed rule_1 timestamp=1705998780000 error=NoPosition
order_failed rule_1 timestamp=1706069820000 error=NoPosition
order_failed rule_1 timestamp=1706070420000 error=NoPosition
order_failed rule_1 timestamp=1706070600000 error=NoPosition
order_failed rule_1 timestamp=1706071560000 error=NoPosition
order_failed rule_1 timestamp=1706071800000 error=NoPosition
order_failed rule_1 timestamp=1706072220000 error=NoPosition
order_failed rule_1 timestamp=1706072580000 error=NoPosition
order_failed rule_1 timestamp=1706080920000 error=NoPosition
order_failed rule_1 timestamp=1706081400000 error=NoPosition
order_failed rule_1 timestamp=1706081580000 error=NoPosition
order_failed rule_1 timestamp=1706087100000 error=NoPosition
order_failed rule_1 timestamp=1706088060000 error=NoPosition
order_failed rule_1 timestamp=1706088540000 error=NoPosition
order_failed rule_1 timestamp=1706089560000 error=NoPosition
order_failed rule_1 timestamp=1706171160000 error=NoPosition
order_failed rule_1 timestamp=1706171340000 error=NoPosition
order_failed rule_1 timestamp=1706174700000 error=NoPosition
order_failed rule_1 timestamp=1706175000000 error=NoPosition
order_failed rule_1 timestamp=1706175300000 error=NoPosition
order_failed rule_1 timestamp=1706175660000 error=NoPosition
order_failed rule_1 timestamp=1706499900000 error=NoPosition
order_failed rule_1 timestamp=1706509440000 error=NoPosition
order_failed rule_1 timestamp=1706510460000 error=NoPosition
order_failed rule_1 timestamp=1706513400000 error=NoPosition
order_failed rule_1 timestamp=1706521440000 error=NoPosition
order_failed rule_1 timestamp=1706521740000 error=NoPosition
order_failed rule_1 timestamp=1706586360000 error=NoPosition
order_failed rule_1 timestamp=1706596080000 error=NoPosition
order_failed rule_1 timestamp=1706600160000 error=NoPosition
order_failed rule_1 timestamp=1706600580000 error=NoPosition
order_failed rule_1 timestamp=1706600760000 error=NoPosition
order_failed rule_1 timestamp=1706608260000 error=NoPosition
order_failed rule_1 timestamp=1706674260000 error=NoPosition
order_failed rule_1 timestamp=1706674380000 error=NoPosition
order_failed rule_1 timestamp=1706675700000 error=NoPosition
order_failed rule_1 timestamp=1706676420000 error=NoPosition
order_failed rule_1 timestamp=1706677380000 error=NoPosition
order_failed rule_1 timestamp=1706677560000 error=NoPosition
order_failed rule_1 timestamp=1706682180000 error=NoPosition
order_failed rule_1 timestamp=1706682540000 error=NoPosition
order_failed rule_1 timestamp=1706682660000 error=NoPosition
order_failed rule_1 timestamp=1706686620000 error=NoPosition
order_failed rule_1 timestamp=1706686920000 error=NoPosition
order_failed rule_1 timestamp=1706689500000 error=NoPosition
order_failed rule_1 timestamp=1706692620000 error=NoPosition
order_failed rule_1 timestamp=1706759400000 error=NoPosition
order_failed rule_1 timestamp=1706762280000 error=NoPosition
order_failed rule_1 timestamp=1706762580000 error=NoPosition
order_failed rule_1 timestamp=1706762880000 error=NoPosition
order_failed rule_1 timestamp=1706763540000 error=NoPosition
order_failed rule_1 timestamp=1706763840000 error=NoPosition
order_failed rule_1 timestamp=1706764860000 error=NoPosition
order_failed rule_1 timestamp=1706765520000 error=NoPosition
order_failed rule_1 timestamp=1706771820000 error=NoPosition
order_failed rule_1 timestamp=1706779560000 error=NoPosition
order_failed rule_1 timestamp=1706845500000 error=NoPosition
order_failed rule_1 timestamp=1706853660000 error=NoPosition
order_failed rule_1 timestamp=1706853960000 error=NoPosition
order_failed rule_1 timestamp=1706854080000 error=NoPosition
order_failed rule_1 timestamp=1706863140000 error=NoPosition
order_failed rule_1 timestamp=1707107280000 error=NoPosition
order_failed rule_1 timestamp=1707110700000 error=NoPosition
order_failed rule_1 timestamp=1707111060000 error=NoPosition
order_failed rule_1 timestamp=1707111300000 error=NoPosition
order_failed rule_1 timestamp=1707112860000 error=NoPosition
order_failed rule_1 timestamp=1707113340000 error=NoPosition
order_failed rule_1 timestamp=1707115500000 error=NoPosition
order_failed rule_1 timestamp=1707117120000 error=NoPosition
order_failed rule_1 timestamp=1707117300000 error=NoPosition
order_failed rule_1 timestamp=1707117420000 error=NoPosition
order_failed rule_1 timestamp=1707118560000 error=NoPosition
order_failed rule_1 timestamp=1707118860000 error=NoPosition
order_failed rule_1 timestamp=1707121560000 error=NoPosition
order_failed rule_1 timestamp=1707121800000 error=NoPosition
order_failed rule_1 timestamp=1707121920000 error=NoPosition
order_failed rule_1 timestamp=1707125940000 error=NoPosition
order_failed rule_1 timestamp=1707200580000 error=NoPosition
order_failed rule_1 timestamp=1707202080000 error=NoPosition
order_failed rule_1 timestamp=1707202320000 error=NoPosition
order_failed rule_1 timestamp=1707202500000 error=NoPosition
order_failed rule_1 timestamp=1707203100000 error=NoPosition
order_failed rule_1 timestamp=1707206040000 error=NoPosition
order_failed rule_1 timestamp=1707206400000 error=NoPosition
order_failed rule_1 timestamp=1707206580000 error=NoPosition
order_failed rule_1 timestamp=1707207660000 error=NoPosition
order_failed rule_1 timestamp=1707364200000 error=NoPosition
order_failed rule_1 timestamp=1707364620000 error=NoPosition
order_failed rule_1 timestamp=1707366720000 error=NoPosition
order_failed rule_1 timestamp=1707386340000 error=NoPosition
order_failed rule_1 timestamp=1707452040000 error=NoPosition
order_failed rule_1 timestamp=1707453840000 error=NoPosition
order_failed rule_1 timestamp=1707455820000 error=NoPosition
order_failed rule_1 timestamp=1707468480000 error=NoPosition
order_failed rule_1 timestamp=1707468720000 error=NoPosition
order_failed rule_1 timestamp=1707469260000 error=NoPosition
order_failed rule_1 timestamp=1707469620000 error=NoPosition
order_failed rule_1 timestamp=1707472440000 error=NoPosition
order_failed rule_1 timestamp=1707709680000 error=NoPosition
order_failed rule_1 timestamp=1707709860000 error=NoPosition
order_failed rule_1 timestamp=1707725280000 error=NoPosition
order_failed rule_1 timestamp=1707727800000 error=NoPosition
order_failed rule_1 timestamp=1707731640000 error=NoPosition
order_failed rule_1 timestamp=1707798300000 error=NoPosition
order_failed rule_1 timestamp=1707799140000 error=NoPosition
order_failed rule_1 timestamp=1707800880000 error=NoPosition
order_failed rule_1 timestamp=1707802440000 error=NoPosition
order_failed rule_1 timestamp=1707811080000 error=NoPosition
order_failed rule_1 timestamp=1707811440000 error=NoPosition
order_failed rule_1 timestamp=1707811920000 error=NoPosition
order_failed rule_1 timestamp=1707812100000 error=NoPosition
order_failed rule_1 timestamp=1707813300000 error=NoPosition
order_failed rule_1 timestamp=1707814620000 error=NoPosition
order_failed rule_1 timestamp=1707888060000 error=NoPosition
order_failed rule_1 timestamp=1707888360000 error=NoPosition
order_failed rule_1 timestamp=1707891840000 error=NoPosition
order_failed rule_1 timestamp=1707894120000 error=NoPosition
order_failed rule_1 timestamp=1707900720000 error=NoPosition
order_failed rule_1 timestamp=1707900960000 error=NoPosition
order_failed rule_1 timestamp=1707901320000 error=NoPosition
order_failed rule_1 timestamp=1707902760000 error=NoPosition
order_failed rule_1 timestamp=1707903000000 error=NoPosition
order_failed rule_1 timestamp=1707971820000 error=NoPosition
order_failed rule_1 timestamp=1707971940000 error=NoPosition
order_failed rule_1 timestamp=1707972420000 error=NoPosition
order_failed rule_1 timestamp=1707972600000 error=NoPosition
order_failed rule_1 timestamp=1707972720000 error=NoPosition
order_failed rule_1 timestamp=1707972960000 error=NoPosition
order_failed rule_1 timestamp=1707973140000 error=NoPosition
order_failed rule_1 timestamp=1707973260000 error=NoPosition
order_failed rule_1 timestamp=1707976140000 error=NoPosition
order_failed rule_1 timestamp=1707984480000 error=NoPosition
order_failed rule_1 timestamp=1707985320000 error=NoPosition
order_failed rule_1 timestamp=1707985680000 error=NoPosition
order_failed rule_1 timestamp=1707986400000 error=NoPosition
order_failed rule_1 timestamp=1707986760000 error=NoPosition
order_failed rule_1 timestamp=1708055100000 error=NoPosition
order_failed rule_1 timestamp=1708070280000 error=NoPosition
order_failed rule_1 timestamp=1708071600000 error=NoPosition
order_failed rule_1 timestamp=1708072560000 error=NoPosition
order_failed rule_1 timestamp=1708318500000 error=NoPosition
order_failed rule_1 timestamp=1708321500000 error=NoPosition
order_failed rule_1 timestamp=1708321680000 error=NoPosition
order_failed rule_1 timestamp=1708328520000 error=NoPosition
order_failed rule_1 timestamp=1708400940000 error=NoPosition
order_failed rule_1 timestamp=1708402020000 error=NoPosition
order_failed rule_1 timestamp=1708402260000 error=NoPosition
order_failed rule_1 timestamp=1708403220000 error=NoPosition
order_failed rule_1 timestamp=1708403880000 error=NoPosition
order_failed rule_1 timestamp=1708404900000 error=NoPosition
order_failed rule_1 timestamp=1708405200000 error=NoPosition
order_failed rule_1 timestamp=1708407840000 error=NoPosition
order_failed rule_1 timestamp=1708408020000 error=NoPosition
order_failed rule_1 timestamp=1708408860000 error=NoPosition
order_failed rule_1 timestamp=1708410660000 error=NoPosition
order_failed rule_1 timestamp=1708418820000 error=NoPosition
order_failed rule_1 timestamp=1708419840000 error=NoPosition
order_failed rule_1 timestamp=1708420560000 error=NoPosition
order_failed rule_1 timestamp=1708421220000 error=NoPosition
order_failed rule_1 timestamp=1708421520000 error=NoPosition
order_failed rule_1 timestamp=1708495860000 error=NoPosition
order_failed rule_1 timestamp=1708499040000 error=NoPosition
order_failed rule_1 timestamp=1708499940000 error=NoPosition
order_failed rule_1 timestamp=1708500240000 error=NoPosition
order_failed rule_1 timestamp=1708500360000 error=NoPosition
order_failed rule_1 timestamp=1708589340000 error=NoPosition
order_failed rule_1 timestamp=1708589820000 error=NoPosition
order_failed rule_1 timestamp=1708590180000 error=NoPosition
order_failed rule_1 timestamp=1708590660000 error=NoPosition
order_failed rule_1 timestamp=1708595100000 error=NoPosition
order_failed rule_1 timestamp=1708595820000 error=NoPosition
order_failed rule_1 timestamp=1708661460000 error=NoPosition
order_failed rule_1 timestamp=1708663440000 error=NoPosition
order_failed rule_1 timestamp=1708666320000 error=NoPosition
order_failed rule_1 timestamp=1708671300000 error=NoPosition
order_failed rule_1 timestamp=1708672920000 error=NoPosition
order_failed rule_1 timestamp=1708919580000 error=NoPosition
order_failed rule_1 timestamp=1708920840000 error=NoPosition
order_failed rule_1 timestamp=1708926420000 error=NoPosition
order_failed rule_1 timestamp=1708927020000 error=NoPosition
order_failed rule_1 timestamp=1708927680000 error=NoPosition
order_failed rule_1 timestamp=1708928100000 error=NoPosition
order_failed rule_1 timestamp=1708931040000 error=NoPosition
order_failed rule_1 timestamp=1708931400000 error=NoPosition
order_failed rule_1 timestamp=1708932480000 error=NoPosition
order_failed rule_1 timestamp=1708933080000 error=NoPosition
order_failed rule_1 timestamp=1708933500000 error=NoPosition
order_failed rule_1 timestamp=1709010240000 error=NoPosition
order_failed rule_1 timestamp=1709010480000 error=NoPosition
order_failed rule_1 timestamp=1709010720000 error=NoPosition
order_failed rule_1 timestamp=1709013180000 error=NoPosition
order_failed rule_1 timestamp=1709017380000 error=NoPosition
order_failed rule_1 timestamp=1709018280000 error=NoPosition
order_failed rule_1 timestamp=1709018580000 error=NoPosition
order_failed rule_1 timestamp=1709018820000 error=NoPosition
order_failed rule_1 timestamp=1709019900000 error=NoPosition
order_failed rule_1 timestamp=1709020920000 error=NoPosition
order_failed rule_1 timestamp=1709021460000 error=NoPosition
order_failed rule_1 timestamp=1709023440000 error=NoPosition
order_failed rule_1 timestamp=1709093040000 error=NoPosition
order_failed rule_1 timestamp=1709095200000 error=NoPosition
order_failed rule_1 timestamp=1709095920000 error=NoPosition
order_failed rule_1 timestamp=1709096160000 error=NoPosition
order_failed rule_1 timestamp=1709099880000 error=NoPosition
order_failed rule_1 timestamp=1709102280000 error=NoPosition
order_failed rule_1 timestamp=1709103180000 error=NoPosition
order_failed rule_1 timestamp=1709107140000 error=NoPosition
order_failed rule_1 timestamp=1709107560000 error=NoPosition
order_failed rule_1 timestamp=1709181180000 error=NoPosition
order_failed rule_1 timestamp=1709185440000 error=NoPosition
order_failed rule_1 timestamp=1709192040000 error=NoPosition
order_failed rule_1 timestamp=1709192280000 error=NoPosition
order_failed rule_1 timestamp=1709196960000 error=NoPosition
order_failed rule_1 timestamp=1709200560000 error=NoPosition
order_failed rule_1 timestamp=1709269560000 error=NoPosition
order_failed rule_1 timestamp=1709270400000 error=NoPosition
order_failed rule_1 timestamp=1709272680000 error=NoPosition
order_failed rule_1 timestamp=1709273280000 error=NoPosition
order_failed rule_1 timestamp=1709276940000 error=NoPosition
order_failed rule_1 timestamp=1709277060000 error=NoPosition
order_failed rule_1 timestamp=1709281020000 error=NoPosition
order_failed rule_1 timestamp=1709281140000 error=NoPosition
order_failed rule_1 timestamp=1709281320000 error=NoPosition
order_failed rule_1 timestamp=1709281560000 error=NoPosition
order_failed rule_1 timestamp=1709282760000 error=NoPosition
order_failed rule_1 timestamp=1709283720000 error=NoPosition
order_failed rule_1 timestamp=1709284920000 error=NoPosition
order_failed rule_1 timestamp=1709285400000 error=NoPosition
order_failed rule_1 timestamp=1709286120000 error=NoPosition
order_failed rule_1 timestamp=1709352120000 error=NoPosition
order_failed rule_1 timestamp=1709525640000 error=NoPosition
order_failed rule_1 timestamp=1709528340000 error=NoPosition
order_failed rule_1 timestamp=1709528700000 error=NoPosition
order_failed rule_1 timestamp=1709528820000 error=NoPosition
order_failed rule_1 timestamp=1709532000000 error=NoPosition
order_failed rule_1 timestamp=1709537880000 error=NoPosition
order_failed rule_1 timestamp=1709538000000 error=NoPosition
order_failed rule_1 timestamp=1709538480000 error=NoPosition
order_failed rule_1 timestamp=1709544480000 error=NoPosition
order_failed rule_1 timestamp=1709614080000 error=NoPosition
order_failed rule_1 timestamp=1709615880000 error=NoPosition
order_failed rule_1 timestamp=1709617020000 error=NoPosition
order_failed rule_1 timestamp=1709618400000 error=NoPosition
order_failed rule_1 timestamp=1709619780000 error=NoPosition
order_failed rule_1 timestamp=1709623140000 error=NoPosition
order_failed rule_1 timestamp=1709625960000 error=NoPosition
order_failed rule_1 timestamp=1709628780000 error=NoPosition
order_failed rule_1 timestamp=1709631600000 error=NoPosition
order_failed rule_1 timestamp=1709631720000 error=NoPosition
order_failed rule_1 timestamp=1709699880000 error=NoPosition
order_failed rule_1 timestamp=1709700060000 error=NoPosition
order_failed rule_1 timestamp=1709700480000 error=NoPosition
order_failed rule_1 timestamp=1709709060000 error=NoPosition
order_failed rule_1 timestamp=1709796900000 error=NoPosition
order_failed rule_1 timestamp=1709797140000 error=NoPosition
order_failed rule_1 timestamp=1709798580000 error=NoPosition
order_failed rule_1 timestamp=1709799360000 error=NoPosition
order_failed rule_1 timestamp=1709802000000 error=NoPosition
order_failed rule_1 timestamp=1710135840000 error=NoPosition
order_failed rule_1 timestamp=1710140880000 error=NoPosition
order_failed rule_1 timestamp=1710145500000 error=NoPosition
order_failed rule_1 timestamp=1710148740000 error=NoPosition
order_failed rule_1 timestamp=1710215760000 error=NoPosition
order_failed rule_1 timestamp=1710215940000 error=NoPosition
order_failed rule_1 timestamp=1710216180000 error=NoPosition
order_failed rule_1 timestamp=1710217440000 error=NoPosition
order_failed rule_1 timestamp=1710219180000 error=NoPosition
order_failed rule_1 timestamp=1710224640000 error=NoPosition
order_failed rule_1 timestamp=1710224820000 error=NoPosition
order_failed rule_1 timestamp=1710229320000 error=NoPosition
order_failed rule_1 timestamp=1710230520000 error=NoPosition
order_failed rule_1 timestamp=1710232440000 error=NoPosition
order_failed rule_1 timestamp=1710233220000 error=NoPosition
order_failed rule_1 timestamp=1710301500000 error=NoPosition
order_failed rule_1 timestamp=1710301920000 error=NoPosition
order_failed rule_1 timestamp=1710303000000 error=NoPosition
order_failed rule_1 timestamp=1710303180000 error=NoPosition
order_failed rule_1 timestamp=1710305580000 error=NoPosition
order_failed rule_1 timestamp=1710306960000 error=NoPosition
order_failed rule_1 timestamp=1710308820000 error=NoPosition
order_failed rule_1 timestamp=1710316320000 error=NoPosition
order_failed rule_1 timestamp=1710317520000 error=NoPosition
order_failed rule_1 timestamp=1710321720000 error=NoPosition
order_failed rule_1 timestamp=1710322320000 error=NoPosition
order_failed rule_1 timestamp=1710322500000 error=NoPosition
order_failed rule_1 timestamp=1710322800000 error=NoPosition
order_failed rule_1 timestamp=1710390360000 error=NoPosition
order_failed rule_1 timestamp=1710395340000 error=NoPosition
order_failed rule_1 timestamp=1710396180000 error=NoPosition
order_failed rule_1 timestamp=1710396480000 error=NoPosition
order_failed rule_1 timestamp=1710396720000 error=NoPosition
order_failed rule_1 timestamp=1710396840000 error=NoPosition
order_failed rule_1 timestamp=1710397200000 error=NoPosition
order_failed rule_1 timestamp=1710397500000 error=NoPosition
order_failed rule_1 timestamp=1710397980000 error=NoPosition
order_failed rule_1 timestamp=1710398220000 error=NoPosition
order_failed rule_1 timestamp=1710398640000 error=NoPosition
order_failed rule_1 timestamp=1710398820000 error=NoPosition
order_failed rule_1 timestamp=1710399000000 error=NoPosition
order_failed rule_1 timestamp=1710399480000 error=NoPosition
order_failed rule_1 timestamp=1710401580000 error=NoPosition
order_failed rule_1 timestamp=1710409920000 error=NoPosition
order_failed rule_1 timestamp=1710479520000 error=NoPosition
order_failed rule_1 timestamp=1710479640000 error=NoPosition
order_failed rule_1 timestamp=1710479820000 error=NoPosition
order_failed rule_1 timestamp=1710487920000 error=NoPosition
order_failed rule_1 timestamp=1710488400000 error=NoPosition
order_failed rule_1 timestamp=1710490500000 error=NoPosition
order_failed rule_1 timestamp=1710492420000 error=NoPosition
order_failed rule_1 timestamp=1710496020000 error=NoPosition
order_failed rule_1 timestamp=1710496560000 error=NoPosition
order_failed rule_1 timestamp=1710743520000 error=NoPosition
order_failed rule_1 timestamp=1710743880000 error=NoPosition
order_failed rule_1 timestamp=1710744900000 error=NoPosition
order_failed rule_1 timestamp=1710745140000 error=NoPosition
order_failed rule_1 timestamp=1710750420000 error=NoPosition
order_failed rule_1 timestamp=1710752220000 error=NoPosition
order_failed rule_1 timestamp=1710752640000 error=NoPosition
order_failed rule_1 timestamp=1710821640000 error=NoPosition
order_failed rule_1 timestamp=1710826620000 error=NoPosition
order_failed rule_1 timestamp=1710826920000 error=NoPosition
order_failed rule_1 timestamp=1710827040000 error=NoPosition
order_failed rule_1 timestamp=1710827280000 error=NoPosition
order_failed rule_1 timestamp=1710830820000 error=NoPosition
order_failed rule_1 timestamp=1710840720000 error=NoPosition
order_failed rule_1 timestamp=1710841620000 error=NoPosition
order_failed rule_1 timestamp=1710914820000 error=NoPosition
order_failed rule_1 timestamp=1710915060000 error=NoPosition
order_failed rule_1 timestamp=1710915600000 error=NoPosition
order_failed rule_1 timestamp=1710917160000 error=NoPosition
order_failed rule_1 timestamp=1710917400000 error=NoPosition
order_failed rule_1 timestamp=1710918660000 error=NoPosition
order_failed rule_1 timestamp=1710920640000 error=NoPosition
order_failed rule_1 timestamp=1710921060000 error=NoPosition
order_failed rule_1 timestamp=1710921240000 error=NoPosition
order_failed rule_1 timestamp=1710992820000 error=NoPosition
order_failed rule_1 timestamp=1710993480000 error=NoPosition
order_failed rule_1 timestamp=1710995760000 error=NoPosition
order_failed rule_1 timestamp=1710996000000 error=NoPosition
order_failed rule_1 timestamp=1710996180000 error=NoPosition
order_failed rule_1 timestamp=1710999660000 error=NoPosition
order_failed rule_1 timestamp=1710999900000 error=NoPosition
order_failed rule_1 timestamp=1711006260000 error=NoPosition
order_failed rule_1 timestamp=1711007580000 error=NoPosition
order_failed rule_1 timestamp=1711007700000 error=NoPosition
order_failed rule_1 timestamp=1711008480000 error=NoPosition
order_failed rule_1 timestamp=1711010040000 error=NoPosition
order_failed rule_1 timestamp=1711083660000 error=NoPosition
order_failed rule_1 timestamp=1711085820000 error=NoPosition
order_failed rule_1 timestamp=1711087620000 error=NoPosition
order_failed rule_1 timestamp=1711088220000 error=NoPosition
order_failed rule_1 timestamp=1711098720000 error=NoPosition
order_failed rule_1 timestamp=1711098900000 error=NoPosition
order_failed rule_1 timestamp=1711435980000 error=NoPosition
order_failed rule_1 timestamp=1711436160000 error=NoPosition
order_failed rule_1 timestamp=1711441680000 error=NoPosition
order_failed rule_1 timestamp=1711442040000 error=NoPosition
order_failed rule_1 timestamp=1711442400000 error=NoPosition
order_failed rule_1 timestamp=1711512240000 error=NoPosition
order_failed rule_1 timestamp=1711512780000 error=NoPosition
order_failed rule_1 timestamp=1711513980000 error=NoPosition
order_failed rule_1 timestamp=1711514520000 error=NoPosition
order_failed rule_1 timestamp=1711515300000 error=NoPosition
order_failed rule_1 timestamp=1711520400000 error=NoPosition
order_failed rule_1 timestamp=1711523520000 error=NoPosition
order_failed rule_1 timestamp=1711524420000 error=NoPosition
order_failed rule_1 timestamp=1711526520000 error=NoPosition
order_failed rule_1 timestamp=1711528620000 error=NoPosition
order_failed rule_1 timestamp=1711529040000 error=NoPosition
order_failed rule_1 timestamp=1711529460000 error=NoPosition
order_failed rule_1 timestamp=1711529580000 error=NoPosition
order_failed rule_1 timestamp=1711532460000 error=NoPosition
order_failed rule_1 timestamp=1711597920000 error=NoPosition
order_failed rule_1 timestamp=1711599300000 error=NoPosition
order_failed rule_1 timestamp=1711599420000 error=NoPosition
order_failed rule_1 timestamp=1711600980000 error=NoPosition
order_failed rule_1 timestamp=1711602420000 error=NoPosition
order_failed rule_1 timestamp=1711603800000 error=NoPosition
order_failed rule_1 timestamp=1711608780000 error=NoPosition
order_failed rule_1 timestamp=1711609560000 error=NoPosition
order_failed rule_1 timestamp=1711609920000 error=NoPosition
order_failed rule_1 timestamp=1711943640000 error=NoPosition
order_failed rule_1 timestamp=1711951680000 error=NoPosition
order_failed rule_1 timestamp=1711952460000 error=NoPosition
order_failed rule_1 timestamp=1711961700000 error=NoPosition
order_failed rule_1 timestamp=1711963980000 error=NoPosition
order_failed rule_1 timestamp=1711964220000 error=NoPosition
order_failed rule_1 timestamp=1711964640000 error=NoPosition
order_failed rule_1 timestamp=1711965000000 error=NoPosition
order_failed rule_1 timestamp=1712030520000 error=NoPosition
order_failed rule_1 timestamp=1712040480000 error=NoPosition
order_failed rule_1 timestamp=1712041740000 error=NoPosition
order_failed rule_1 timestamp=1712042580000 error=NoPosition
order_failed rule_1 timestamp=1712118660000 error=NoPosition
order_failed rule_1 timestamp=1712119320000 error=NoPosition
order_failed rule_1 timestamp=1712122680000 error=NoPosition
order_failed rule_1 timestamp=1712123160000 error=NoPosition
order_failed rule_1 timestamp=1712123640000 error=NoPosition
order_failed rule_1 timestamp=1712125200000 error=NoPosition
order_failed rule_1 timestamp=1712125560000 error=NoPosition
order_failed rule_1 timestamp=1712136540000 error=NoPosition
order_failed rule_1 timestamp=1712138100000 error=NoPosition
order_failed rule_1 timestamp=1712138220000 error=NoPosition
order_failed rule_1 timestamp=1712202300000 error=NoPosition
order_failed rule_1 timestamp=1712209980000 error=NoPosition
order_failed rule_1 timestamp=1712210160000 error=NoPosition
order_failed rule_1 timestamp=1712215740000 error=NoPosition
order_failed rule_1 timestamp=1712216220000 error=NoPosition
order_failed rule_1 timestamp=1712216400000 error=NoPosition
order_failed rule_1 timestamp=1712216580000 error=NoPosition
order_failed rule_1 timestamp=1712217300000 error=NoPosition
order_failed rule_1 timestamp=1712221080000 error=NoPosition
order_failed rule_1 timestamp=1712221320000 error=NoPosition
order_failed rule_1 timestamp=1712221740000 error=NoPosition
order_failed rule_1 timestamp=1712288700000 error=NoPosition
order_failed rule_1 timestamp=1712289060000 error=NoPosition
order_failed rule_1 timestamp=1712290680000 error=NoPosition
order_failed rule_1 timestamp=1712292900000 error=NoPosition
order_failed rule_1 timestamp=1712293320000 error=NoPosition
order_failed rule_1 timestamp=1712293620000 error=NoPosition
order_failed rule_1 timestamp=1712293740000 error=NoPosition
order_failed rule_1 timestamp=1712295180000 error=NoPosition
order_failed rule_1 timestamp=1712295360000 error=NoPosition
order_failed rule_1 timestamp=1712295540000 error=NoPosition
order_failed rule_1 timestamp=1712296080000 error=NoPosition
order_failed rule_1 timestamp=1712296620000 error=NoPosition
order_failed rule_1 timestamp=1712299140000 error=NoPosition
order_failed rule_1 timestamp=1712309280000 error=NoPosition
order_failed rule_1 timestamp=1712558880000 error=NoPosition
order_failed rule_1 timestamp=1712560680000 error=NoPosition
order_failed rule_1 timestamp=1712635560000 error=NoPosition
order_failed rule_1 timestamp=1712636040000 error=NoPosition
order_failed rule_1 timestamp=1712637120000 error=NoPosition
order_failed rule_1 timestamp=1712637300000 error=NoPosition
order_failed rule_1 timestamp=1712648880000 error=NoPosition
order_failed rule_1 timestamp=1712653380000 error=NoPosition
order_failed rule_1 timestamp=1712730900000 error=NoPosition
order_failed rule_1 timestamp=1712737980000 error=NoPosition
order_failed rule_1 timestamp=1712900820000 error=NoPosition
order_failed rule_1 timestamp=1712900940000 error=NoPosition
order_failed rule_1 timestamp=1712901240000 error=NoPosition
order_failed rule_1 timestamp=1712902440000 error=NoPosition
order_failed rule_1 timestamp=1712902560000 error=NoPosition
order_failed rule_1 timestamp=1712903040000 error=NoPosition
order_failed rule_1 timestamp=1713155700000 error=NoPosition
order_failed rule_1 timestamp=1713156600000 error=NoPosition
order_failed rule_1 timestamp=1713157800000 error=NoPosition
order_failed rule_1 timestamp=1713158280000 error=NoPosition
order_failed rule_1 timestamp=1713159000000 error=NoPosition
order_failed rule_1 timestamp=1713162720000 error=NoPosition
order_failed rule_1 timestamp=1713241320000 error=NoPosition
order_failed rule_1 timestamp=1713241920000 error=NoPosition
order_failed rule_1 timestamp=1713242220000 error=NoPosition
order_failed rule_1 timestamp=1713246000000 error=NoPosition
order_failed rule_1 timestamp=1713246180000 error=NoPosition
order_failed rule_1 timestamp=1713249360000 error=NoPosition
order_failed rule_1 timestamp=1713250260000 error=NoPosition
order_failed rule_1 timestamp=1713256440000 error=NoPosition
order_failed rule_1 timestamp=1713256860000 error=NoPosition
order_failed rule_1 timestamp=1713258000000 error=NoPosition
order_failed rule_1 timestamp=1713259200000 error=NoPosition
order_failed rule_1 timestamp=1713259680000 error=NoPosition
order_failed rule_1 timestamp=1713259860000 error=NoPosition
order_failed rule_1 timestamp=1713260220000 error=NoPosition
order_failed rule_1 timestamp=1713261540000 error=NoPosition
order_failed rule_1 timestamp=1713412500000 error=NoPosition
order_failed rule_1 timestamp=1713418380000 error=NoPosition
order_failed rule_1 timestamp=1713423960000 error=NoPosition
order_failed rule_1 timestamp=1713424380000 error=NoPosition
order_failed rule_1 timestamp=1713434160000 error=NoPosition
order_failed rule_1 timestamp=1713500220000 error=NoPosition
order_failed rule_1 timestamp=1713500340000 error=NoPosition
order_failed rule_1 timestamp=1713500460000 error=NoPosition
order_failed rule_1 timestamp=1713501060000 error=NoPosition
order_failed rule_1 timestamp=1713501180000 error=NoPosition
order_failed rule_1 timestamp=1713504600000 error=NoPosition
order_failed rule_1 timestamp=1713505140000 error=NoPosition
order_failed rule_1 timestamp=1713506100000 error=NoPosition
order_failed rule_1 timestamp=1713510540000 error=NoPosition
order_failed rule_1 timestamp=1713511200000 error=NoPosition
order_failed rule_1 timestamp=1713511500000 error=NoPosition
order_failed rule_1 timestamp=1713511740000 error=NoPosition
order_failed rule_1 timestamp=1713513240000 error=NoPosition
order_failed rule_1 timestamp=1713513360000 error=NoPosition
order_failed rule_1 timestamp=1713513480000 error=NoPosition
order_failed rule_1 timestamp=1713513780000 error=NoPosition
order_failed rule_1 timestamp=1713514920000 error=NoPosition
order_failed rule_1 timestamp=1713515940000 error=NoPosition
order_failed rule_1 timestamp=1713518760000 error=NoPosition
order_failed rule_1 timestamp=1713518940000 error=NoPosition
order_failed rule_1 timestamp=1713519360000 error=NoPosition
order_failed rule_1 timestamp=1713519540000 error=NoPosition
order_failed rule_1 timestamp=1713519960000 error=NoPosition
order_failed rule_1 timestamp=1713763260000 error=NoPosition
order_failed rule_1 timestamp=1713763620000 error=NoPosition
order_failed rule_1 timestamp=1713769800000 error=NoPosition
order_failed rule_1 timestamp=1713779640000 error=NoPosition
order_failed rule_1 timestamp=1713843900000 error=NoPosition
order_failed rule_1 timestamp=1713847800000 error=NoPosition
order_failed rule_1 timestamp=1713854460000 error=NoPosition
order_failed rule_1 timestamp=1713863700000 error=NoPosition
order_failed rule_1 timestamp=1713864420000 error=NoPosition
order_failed rule_1 timestamp=1713864720000 error=NoPosition
order_failed rule_1 timestamp=1713930300000 error=NoPosition
order_failed rule_1 timestamp=1713930720000 error=NoPosition
order_failed rule_1 timestamp=1713931200000 error=NoPosition
order_failed rule_1 timestamp=1713932220000 error=NoPosition
order_failed rule_1 timestamp=1713932880000 error=NoPosition
order_failed rule_1 timestamp=1713933000000 error=NoPosition
order_failed rule_1 timestamp=1713933600000 error=NoPosition
order_failed rule_1 timestamp=1713934260000 error=NoPosition
order_failed rule_1 timestamp=1713934920000 error=NoPosition
order_failed rule_1 timestamp=1713939480000 error=NoPosition
order_failed rule_1 timestamp=1713944820000 error=NoPosition
order_failed rule_1 timestamp=1713945060000 error=NoPosition
order_failed rule_1 timestamp=1714016700000 error=NoPosition
order_failed rule_1 timestamp=1714020360000 error=NoPosition
order_failed rule_1 timestamp=1714033380000 error=NoPosition
order_failed rule_1 timestamp=1714034160000 error=NoPosition
order_failed rule_1 timestamp=1714035000000 error=NoPosition
order_failed rule_1 timestamp=1714103460000 error=NoPosition
order_failed rule_1 timestamp=1714104180000 error=NoPosition
order_failed rule_1 timestamp=1714104300000 error=NoPosition
order_failed rule_1 timestamp=1714104480000 error=NoPosition
order_failed rule_1 timestamp=1714111920000 error=NoPosition
order_failed rule_1 timestamp=1714117260000 error=NoPosition
order_failed rule_1 timestamp=1714366020000 error=NoPosition
order_failed rule_1 timestamp=1714366140000 error=NoPosition
order_failed rule_1 timestamp=1714366320000 error=NoPosition
order_failed rule_1 timestamp=1714366860000 error=NoPosition
order_failed rule_1 timestamp=1714369620000 error=NoPosition
order_failed rule_1 timestamp=1714370040000 error=NoPosition
order_failed rule_1 timestamp=1714377540000 error=NoPosition
order_failed rule_1 timestamp=1714377720000 error=NoPosition
order_failed rule_1 timestamp=1714377960000 error=NoPosition
order_failed rule_1 timestamp=1714378200000 error=NoPosition
order_failed rule_1 timestamp=1714450980000 error=NoPosition
order_failed rule_1 timestamp=1714451220000 error=NoPosition
order_failed rule_1 timestamp=1714451580000 error=NoPosition
order_failed rule_1 timestamp=1714453080000 error=NoPosition
order_failed rule_1 timestamp=1714454640000 error=NoPosition
order_failed rule_1 timestamp=1714462560000 error=NoPosition
order_failed rule_1 timestamp=1714622460000 error=NoPosition
order_failed rule_1 timestamp=1714623120000 error=NoPosition
order_failed rule_1 timestamp=1714624320000 error=NoPosition
order_failed rule_1 timestamp=1714629720000 error=NoPosition
order_failed rule_1 timestamp=1714634100000 error=NoPosition
order_failed rule_1 timestamp=1714636860000 error=NoPosition
order_failed rule_1 timestamp=1714643280000 error=NoPosition
order_failed rule_1 timestamp=1714707900000 error=NoPosition
order_failed rule_1 timestamp=1714708320000 error=NoPosition
order_failed rule_1 timestamp=1714708500000 error=NoPosition
order_failed rule_1 timestamp=1714717800000 error=NoPosition
order_failed rule_1 timestamp=1714717980000 error=NoPosition
order_failed rule_1 timestamp=1714718100000 error=NoPosition
order_failed rule_1 timestamp=1714718700000 error=NoPosition
order_failed rule_1 timestamp=1714720200000 error=NoPosition
order_failed rule_1 timestamp=1714724160000 error=NoPosition
order_failed rule_1 timestamp=1714724700000 error=NoPosition
order_failed rule_1 timestamp=1714728480000 error=NoPosition
order_failed rule_1 timestamp=1714728840000 error=NoPosition
order_failed rule_1 timestamp=1714729380000 error=NoPosition
order_failed rule_1 timestamp=1714970700000 error=NoPosition
order_failed rule_1 timestamp=1714971480000 error=NoPosition
order_failed rule_1 timestamp=1715060880000 error=NoPosition
order_failed rule_1 timestamp=1715063460000 error=NoPosition
order_failed rule_1 timestamp=1715147340000 error=NoPosition
order_failed rule_1 timestamp=1715147580000 error=NoPosition
order_failed rule_1 timestamp=1715150580000 error=NoPosition
order_failed rule_1 timestamp=1715150940000 error=NoPosition
order_failed rule_1 timestamp=1715158860000 error=NoPosition
order_failed rule_1 timestamp=1715159040000 error=NoPosition
order_failed rule_1 timestamp=1715159940000 error=NoPosition
order_failed rule_1 timestamp=1715235000000 error=NoPosition
order_failed rule_1 timestamp=1715235300000 error=NoPosition
order_failed rule_1 timestamp=1715314200000 error=NoPosition
order_failed rule_1 timestamp=1715314320000 error=NoPosition
order_failed rule_1 timestamp=1715314980000 error=NoPosition
order_failed rule_1 timestamp=1715315520000 error=NoPosition
order_failed rule_1 timestamp=1715315760000 error=NoPosition
order_failed rule_1 timestamp=1715316180000 error=NoPosition
order_failed rule_1 timestamp=1715316420000 error=NoPosition
order_failed rule_1 timestamp=1715319960000 error=NoPosition
order_failed rule_1 timestamp=1715320080000 error=NoPosition
order_failed rule_1 timestamp=1715320320000 error=NoPosition
order_failed rule_1 timestamp=1715328300000 error=NoPosition
order_failed rule_1 timestamp=1715328600000 error=NoPosition
order_failed rule_1 timestamp=1715328720000 error=NoPosition
order_failed rule_1 timestamp=1715329260000 error=NoPosition
order_failed rule_1 timestamp=1715334660000 error=NoPosition
order_failed rule_1 timestamp=1715575440000 error=NoPosition
order_failed rule_1 timestamp=1715575680000 error=NoPosition
order_failed rule_1 timestamp=1715575800000 error=NoPosition
order_failed rule_1 timestamp=1715575980000 error=NoPosition
order_failed rule_1 timestamp=1715576160000 error=NoPosition
order_failed rule_1 timestamp=1715576280000 error=NoPosition
order_failed rule_1 timestamp=1715576820000 error=NoPosition
order_failed rule_1 timestamp=1715577240000 error=NoPosition
order_failed rule_1 timestamp=1715577420000 error=NoPosition
order_failed rule_1 timestamp=1715579400000 error=NoPosition
order_failed rule_1 timestamp=1715580060000 error=NoPosition
order_failed rule_1 timestamp=1715580240000 error=NoPosition
order_failed rule_1 timestamp=1715581440000 error=NoPosition
order_failed rule_1 timestamp=1715581860000 error=NoPosition
order_failed rule_1 timestamp=1715583060000 error=NoPosition
order_failed rule_1 timestamp=1715583780000 error=NoPosition
order_failed rule_1 timestamp=1715583900000 error=NoPosition
order_failed rule_1 timestamp=1715584140000 error=NoPosition
order_failed rule_1 timestamp=1715589300000 error=NoPosition
order_failed rule_1 timestamp=1715590020000 error=NoPosition
order_failed rule_1 timestamp=1715590920000 error=NoPosition
order_failed rule_1 timestamp=1715661600000 error=NoPosition
order_failed rule_1 timestamp=1715662680000 error=NoPosition
order_failed rule_1 timestamp=1715662980000 error=NoPosition
order_failed rule_1 timestamp=1715666520000 error=NoPosition
order_failed rule_1 timestamp=1715666700000 error=NoPosition
order_failed rule_1 timestamp=1715671440000 error=NoPosition
order_failed rule_1 timestamp=1715671800000 error=NoPosition
order_failed rule_1 timestamp=1715680260000 error=NoPosition
order_failed rule_1 timestamp=1715766360000 error=NoPosition
order_failed rule_1 timestamp=1715831100000 error=NoPosition
order_failed rule_1 timestamp=1715833680000 error=NoPosition
order_failed rule_1 timestamp=1715834400000 error=NoPosition
order_failed rule_1 timestamp=1715837400000 error=NoPosition
order_failed rule_1 timestamp=1715840460000 error=NoPosition
order_failed rule_1 timestamp=1715841480000 error=NoPosition
order_failed rule_1 timestamp=1715848020000 error=NoPosition
order_failed rule_1 timestamp=1715848260000 error=NoPosition
order_failed rule_1 timestamp=1715850600000 error=NoPosition
order_failed rule_1 timestamp=1715850900000 error=NoPosition
order_failed rule_1 timestamp=1715851320000 error=NoPosition
order_failed rule_1 timestamp=1715851560000 error=NoPosition
order_failed rule_1 timestamp=1715851680000 error=NoPosition
order_failed rule_1 timestamp=1715852100000 error=NoPosition
order_failed rule_1 timestamp=1715852760000 error=NoPosition
order_failed rule_1 timestamp=1715853120000 error=NoPosition
order_failed rule_1 timestamp=1715920620000 error=NoPosition
order_failed rule_1 timestamp=1715921820000 error=NoPosition
order_failed rule_1 timestamp=1715922360000 error=NoPosition
order_failed rule_1 timestamp=1715926740000 error=NoPosition
order_failed rule_1 timestamp=1715926920000 error=NoPosition
order_failed rule_1 timestamp=1715934600000 error=NoPosition
order_failed rule_1 timestamp=1715939640000 error=NoPosition
order_failed rule_1 timestamp=1716269160000 error=NoPosition
order_failed rule_1 timestamp=1716269520000 error=NoPosition
order_failed rule_1 timestamp=1716270360000 error=NoPosition
order_failed rule_1 timestamp=1716273060000 error=NoPosition
order_failed rule_1 timestamp=1716276720000 error=NoPosition
order_failed rule_1 timestamp=1716282480000 error=NoPosition
order_failed rule_1 timestamp=1716282720000 error=NoPosition
order_failed rule_1 timestamp=1716284040000 error=NoPosition
order_failed rule_1 timestamp=1716353880000 error=NoPosition
order_failed rule_1 timestamp=1716360420000 error=NoPosition
order_failed rule_1 timestamp=1716365820000 error=NoPosition
order_failed rule_1 timestamp=1716368760000 error=NoPosition
order_failed rule_1 timestamp=1716369180000 error=NoPosition
order_failed rule_1 timestamp=1716371280000 error=NoPosition
order_failed rule_1 timestamp=1716371580000 error=NoPosition
order_failed rule_1 timestamp=1716441780000 error=NoPosition
order_failed rule_1 timestamp=1716441960000 error=NoPosition
order_failed rule_1 timestamp=1716442140000 error=NoPosition
order_failed rule_1 timestamp=1716442380000 error=NoPosition
order_failed rule_1 timestamp=1716442740000 error=NoPosition
order_failed rule_1 timestamp=1716443520000 error=NoPosition
order_failed rule_1 timestamp=1716444000000 error=NoPosition
order_failed rule_1 timestamp=1716445620000 error=NoPosition
order_failed rule_1 timestamp=1716449100000 error=NoPosition
order_failed rule_1 timestamp=1716450060000 error=NoPosition
order_failed rule_1 timestamp=1716451020000 error=NoPosition
order_failed rule_1 timestamp=1716451440000 error=NoPosition
order_failed rule_1 timestamp=1716451680000 error=NoPosition
order_failed rule_1 timestamp=1716452460000 error=NoPosition
order_failed rule_1 timestamp=1716452820000 error=NoPosition
order_failed rule_1 timestamp=1716453060000 error=NoPosition
order_failed rule_1 timestamp=1716453180000 error=NoPosition
order_failed rule_1 timestamp=1716453360000 error=NoPosition
order_failed rule_1 timestamp=1716453660000 error=NoPosition
order_failed rule_1 timestamp=1716454200000 error=NoPosition
order_failed rule_1 timestamp=1716457020000 error=NoPosition
order_failed rule_1 timestamp=1716523500000 error=NoPosition
order_failed rule_1 timestamp=1716528060000 error=NoPosition
order_failed rule_1 timestamp=1716528420000 error=NoPosition
order_failed rule_1 timestamp=1716529080000 error=NoPosition
order_failed rule_1 timestamp=1716530460000 error=NoPosition
order_failed rule_1 timestamp=1716534480000 error=NoPosition
order_failed rule_1 timestamp=1716534600000 error=NoPosition
order_failed rule_1 timestamp=1716534960000 error=NoPosition
order_failed rule_1 timestamp=1716535500000 error=NoPosition
order_failed rule_1 timestamp=1716535980000 error=NoPosition
order_failed rule_1 timestamp=1716537960000 error=NoPosition
order_failed rule_1 timestamp=1716538980000 error=NoPosition
order_failed rule_1 timestamp=1716540000000 error=NoPosition
order_failed rule_1 timestamp=1716540120000 error=NoPosition
order_failed rule_1 timestamp=1716540780000 error=NoPosition
order_failed rule_1 timestamp=1716782040000 error=NoPosition
order_failed rule_1 timestamp=1716782520000 error=NoPosition
order_failed rule_1 timestamp=1716782940000 error=NoPosition
order_failed rule_1 timestamp=1716783180000 error=NoPosition
order_failed rule_1 timestamp=1716785580000 error=NoPosition
order_failed rule_1 timestamp=1716785700000 error=NoPosition
order_failed rule_1 timestamp=1716785820000 error=NoPosition
order_failed rule_1 timestamp=1716786960000 error=NoPosition
order_failed rule_1 timestamp=1716787140000 error=NoPosition
order_failed rule_1 timestamp=1716787320000 error=NoPosition
order_failed rule_1 timestamp=1716789000000 error=NoPosition
order_failed rule_1 timestamp=1716792660000 error=NoPosition
order_failed rule_1 timestamp=1716793140000 error=NoPosition
order_failed rule_1 timestamp=1716793740000 error=NoPosition
order_failed rule_1 timestamp=1716793860000 error=NoPosition
order_failed rule_1 timestamp=1716798840000 error=NoPosition
order_failed rule_1 timestamp=1716888780000 error=NoPosition
order_failed rule_1 timestamp=1716888900000 error=NoPosition
order_failed rule_1 timestamp=1716967140000 error=NoPosition
order_failed rule_1 timestamp=1716969420000 error=NoPosition
order_failed rule_1 timestamp=1716975840000 error=NoPosition
order_failed rule_1 timestamp=1717043400000 error=NoPosition
order_failed rule_1 timestamp=1717044720000 error=NoPosition
order_failed rule_1 timestamp=1717047180000 error=NoPosition
order_failed rule_1 timestamp=1717050300000 error=NoPosition
order_failed rule_1 timestamp=1717050900000 error=NoPosition
order_failed rule_1 timestamp=1717051080000 error=NoPosition
order_failed rule_1 timestamp=1717051320000 error=NoPosition
order_failed rule_1 timestamp=1717052700000 error=NoPosition
order_failed rule_1 timestamp=1717053480000 error=NoPosition
order_failed rule_1 timestamp=1717053780000 error=NoPosition
order_failed rule_1 timestamp=1717054620000 error=NoPosition
order_failed rule_1 timestamp=1717055040000 error=NoPosition
order_failed rule_1 timestamp=1717057260000 error=NoPosition
order_failed rule_1 timestamp=1717127400000 error=NoPosition
order_failed rule_1 timestamp=1717127940000 error=NoPosition
order_failed rule_1 timestamp=1717128120000 error=NoPosition
order_failed rule_1 timestamp=1717128780000 error=NoPosition
order_failed rule_1 timestamp=1717138440000 error=NoPosition
order_failed rule_1 timestamp=1717138920000 error=NoPosition
order_failed rule_1 timestamp=1717139760000 error=NoPosition
order_failed rule_1 timestamp=1717139880000 error=NoPosition
order_failed rule_1 timestamp=1717140540000 error=NoPosition
order_failed rule_1 timestamp=1717141140000 error=NoPosition
order_failed rule_1 timestamp=1717141740000 error=NoPosition
order_failed rule_1 timestamp=1717141980000 error=NoPosition
order_failed rule_1 timestamp=1717145040000 error=NoPosition
order_failed rule_1 timestamp=1717147560000 error=NoPosition
order_failed rule_1 timestamp=1717148820000 error=NoPosition
order_failed rule_1 timestamp=1717395360000 error=NoPosition
order_failed rule_1 timestamp=1717395840000 error=NoPosition
order_failed rule_1 timestamp=1717400580000 error=NoPosition
order_failed rule_1 timestamp=1717402860000 error=NoPosition
order_failed rule_1 timestamp=1717403100000 error=NoPosition
order_failed rule_1 timestamp=1717407060000 error=NoPosition
order_failed rule_1 timestamp=1717407900000 error=NoPosition
order_failed rule_1 timestamp=1717408560000 error=NoPosition
order_failed rule_1 timestamp=1717476000000 error=NoPosition
order_failed rule_1 timestamp=1717489560000 error=NoPosition
order_failed rule_1 timestamp=1717559820000 error=NoPosition
order_failed rule_1 timestamp=1717560000000 error=NoPosition
order_failed rule_1 timestamp=1717560360000 error=NoPosition
order_failed rule_1 timestamp=1717564620000 error=NoPosition
order_failed rule_1 timestamp=1717565160000 error=NoPosition
order_failed rule_1 timestamp=1717565580000 error=NoPosition
order_failed rule_1 timestamp=1717565760000 error=NoPosition
order_failed rule_1 timestamp=1717565880000 error=NoPosition
order_failed rule_1 timestamp=1717566000000 error=NoPosition
order_failed rule_1 timestamp=1717566900000 error=NoPosition
order_failed rule_1 timestamp=1717570860000 error=NoPosition
order_failed rule_1 timestamp=1717571160000 error=NoPosition
order_failed rule_1 timestamp=1717572540000 error=NoPosition
order_failed rule_1 timestamp=1717572960000 error=NoPosition
order_failed rule_1 timestamp=1717576320000 error=NoPosition
order_failed rule_1 timestamp=1717576440000 error=NoPosition
order_failed rule_1 timestamp=1717576680000 error=NoPosition
order_failed rule_1 timestamp=1717577100000 error=NoPosition
order_failed rule_1 timestamp=1717577700000 error=NoPosition
order_failed rule_1 timestamp=1717578000000 error=NoPosition
order_failed rule_1 timestamp=1717578300000 error=NoPosition
order_failed rule_1 timestamp=1717578420000 error=NoPosition
order_failed rule_1 timestamp=1717578720000 error=NoPosition
order_failed rule_1 timestamp=1717579020000 error=NoPosition
order_failed rule_1 timestamp=1717646880000 error=NoPosition
order_failed rule_1 timestamp=1717649280000 error=NoPosition
order_failed rule_1 timestamp=1717656660000 error=NoPosition
order_failed rule_1 timestamp=1717660800000 error=NoPosition
order_failed rule_1 timestamp=1717661400000 error=NoPosition
order_failed rule_1 timestamp=1717661700000 error=NoPosition
order_failed rule_1 timestamp=1717666680000 error=NoPosition
order_failed rule_1 timestamp=1717667100000 error=NoPosition
order_failed rule_1 timestamp=1717734540000 error=NoPosition
order_failed rule_1 timestamp=1717736160000 error=NoPosition
order_failed rule_1 timestamp=1717736580000 error=NoPosition
order_failed rule_1 timestamp=1717736880000 error=NoPosition
order_failed rule_1 timestamp=1717737480000 error=NoPosition
order_failed rule_1 timestamp=1717738560000 error=NoPosition
order_failed rule_1 timestamp=1717738740000 error=NoPosition
order_failed rule_1 timestamp=1717744620000 error=NoPosition
order_failed rule_1 timestamp=1717744920000 error=NoPosition
order_failed rule_1 timestamp=1717753680000 error=NoPosition
order_failed rule_1 timestamp=1717753980000 error=NoPosition
order_failed rule_1 timestamp=1717754100000 error=NoPosition
order_failed rule_1 timestamp=1717754220000 error=NoPosition
order_failed rule_1 timestamp=1717991100000 error=NoPosition
order_failed rule_1 timestamp=1717999140000 error=NoPosition
order_failed rule_1 timestamp=1718003760000 error=NoPosition
order_failed rule_1 timestamp=1718007120000 error=NoPosition
order_failed rule_1 timestamp=1718008140000 error=NoPosition
order_failed rule_1 timestamp=1718080920000 error=NoPosition
order_failed rule_1 timestamp=1718088420000 error=NoPosition
order_failed rule_1 timestamp=1718090640000 error=NoPosition
order_failed rule_1 timestamp=1718091720000 error=NoPosition
order_failed rule_1 timestamp=1718092260000 error=NoPosition
order_failed rule_1 timestamp=1718093460000 error=NoPosition
order_failed rule_1 timestamp=1718167080000 error=NoPosition
order_failed rule_1 timestamp=1718168040000 error=NoPosition
order_failed rule_1 timestamp=1718168880000 error=NoPosition
order_failed rule_1 timestamp=1718179500000 error=NoPosition
order_failed rule_1 timestamp=1718183640000 error=NoPosition
order_failed rule_1 timestamp=1718250720000 error=NoPosition
order_failed rule_1 timestamp=1718250840000 error=NoPosition
order_failed rule_1 timestamp=1718253240000 error=NoPosition
order_failed rule_1 timestamp=1718259780000 error=NoPosition
order_failed rule_1 timestamp=1718336820000 error=NoPosition
order_failed rule_1 timestamp=1718339640000 error=NoPosition
order_failed rule_1 timestamp=1718341680000 error=NoPosition
order_failed rule_1 timestamp=1718341920000 error=NoPosition
order_failed rule_1 timestamp=1718343420000 error=NoPosition
order_failed rule_1 timestamp=1718354040000 error=NoPosition
order_failed rule_1 timestamp=1718355720000 error=NoPosition
order_failed rule_1 timestamp=1718356020000 error=NoPosition
order_failed rule_1 timestamp=1718356560000 error=NoPosition
order_failed rule_1 timestamp=1718357040000 error=NoPosition
order_failed rule_1 timestamp=1718683560000 error=NoPosition
order_failed rule_1 timestamp=1718683920000 error=NoPosition
order_failed rule_1 timestamp=1718684220000 error=NoPosition
order_failed rule_1 timestamp=1718689500000 error=NoPosition
order_failed rule_1 timestamp=1718689860000 error=NoPosition
order_failed rule_1 timestamp=1718695020000 error=NoPosition
order_failed rule_1 timestamp=1718695200000 error=NoPosition
order_failed rule_1 timestamp=1718695500000 error=NoPosition
order_failed rule_1 timestamp=1718699640000 error=NoPosition
order_failed rule_1 timestamp=1718704200000 error=NoPosition
order_failed rule_1 timestamp=1718768940000 error=NoPosition
order_failed rule_1 timestamp=1718769060000 error=NoPosition
order_failed rule_1 timestamp=1718770500000 error=NoPosition
order_failed rule_1 timestamp=1718771160000 error=NoPosition
order_failed rule_1 timestamp=1718771700000 error=NoPosition
order_failed rule_1 timestamp=1718771940000 error=NoPosition
order_failed rule_1 timestamp=1718774880000 error=NoPosition
order_failed rule_1 timestamp=1718777760000 error=NoPosition
order_failed rule_1 timestamp=1718778900000 error=NoPosition
order_failed rule_1 timestamp=1718779440000 error=NoPosition
order_failed rule_1 timestamp=1718780520000 error=NoPosition
order_failed rule_1 timestamp=1718781060000 error=NoPosition
order_failed rule_1 timestamp=1718784060000 error=NoPosition
order_failed rule_1 timestamp=1718784240000 error=NoPosition
order_failed rule_1 timestamp=1718785080000 error=NoPosition
order_failed rule_1 timestamp=1718785620000 error=NoPosition
order_failed rule_1 timestamp=1718786160000 error=NoPosition
order_failed rule_1 timestamp=1718787120000 error=NoPosition
order_failed rule_1 timestamp=1718788080000 error=NoPosition
order_failed rule_1 timestamp=1718788620000 error=NoPosition
order_failed rule_1 timestamp=1718859360000 error=NoPosition
order_failed rule_1 timestamp=1718860320000 error=NoPosition
order_failed rule_1 timestamp=1718861520000 error=NoPosition
order_failed rule_1 timestamp=1718863440000 error=NoPosition
order_failed rule_1 timestamp=1718863560000 error=NoPosition
order_failed rule_1 timestamp=1718863920000 error=NoPosition
order_failed rule_1 timestamp=1718864040000 error=NoPosition
order_failed rule_1 timestamp=1718864640000 error=NoPosition
order_failed rule_1 timestamp=1718869860000 error=NoPosition
order_failed rule_1 timestamp=1718870340000 error=NoPosition
order_failed rule_1 timestamp=1718873340000 error=NoPosition
order_failed rule_1 timestamp=1718874960000 error=NoPosition
order_failed rule_1 timestamp=1718950260000 error=NoPosition
order_failed rule_1 timestamp=1718951220000 error=NoPosition
order_failed rule_1 timestamp=1718951640000 error=NoPosition
order_failed rule_1 timestamp=1718956860000 error=NoPosition
order_failed rule_1 timestamp=1718957160000 error=NoPosition
order_failed rule_1 timestamp=1718957400000 error=NoPosition
order_failed rule_1 timestamp=1718957520000 error=NoPosition
order_failed rule_1 timestamp=1718957700000 error=NoPosition
order_failed rule_1 timestamp=1718958060000 error=NoPosition
order_failed rule_1 timestamp=1718958660000 error=NoPosition
order_failed rule_1 timestamp=1718961660000 error=NoPosition
order_failed rule_1 timestamp=1718962200000 error=NoPosition
order_failed rule_1 timestamp=1719203940000 error=NoPosition
order_failed rule_1 timestamp=1719204240000 error=NoPosition
order_failed rule_1 timestamp=1719205320000 error=NoPosition
order_failed rule_1 timestamp=1719205800000 error=NoPosition
order_failed rule_1 timestamp=1719206220000 error=NoPosition
order_failed rule_1 timestamp=1719207000000 error=NoPosition
order_failed rule_1 timestamp=1719208200000 error=NoPosition
order_failed rule_1 timestamp=1719208320000 error=NoPosition
order_failed rule_1 timestamp=1719214620000 error=NoPosition
order_failed rule_1 timestamp=1719214740000 error=NoPosition
order_failed rule_1 timestamp=1719214980000 error=NoPosition
order_failed rule_1 timestamp=1719215760000 error=NoPosition
order_failed rule_1 timestamp=1719217140000 error=NoPosition
order_failed rule_1 timestamp=1719222240000 error=NoPosition
order_failed rule_1 timestamp=1719287100000 error=NoPosition
order_failed rule_1 timestamp=1719289080000 error=NoPosition
order_failed rule_1 timestamp=1719290580000 error=NoPosition
order_failed rule_1 timestamp=1719290700000 error=NoPosition
order_failed rule_1 timestamp=1719291180000 error=NoPosition
order_failed rule_1 timestamp=1719291780000 error=NoPosition
order_failed rule_1 timestamp=1719292560000 error=NoPosition
order_failed rule_1 timestamp=1719293460000 error=NoPosition
order_failed rule_1 timestamp=1719293760000 error=NoPosition
order_failed rule_1 timestamp=1719299940000 error=NoPosition
order_failed rule_1 timestamp=1719301320000 error=NoPosition
order_failed rule_1 timestamp=1719301860000 error=NoPosition
order_failed rule_1 timestamp=1719301980000 error=NoPosition
order_failed rule_1 timestamp=1719302820000 error=NoPosition
order_failed rule_1 timestamp=1719303000000 error=NoPosition
order_failed rule_1 timestamp=1719377280000 error=NoPosition
order_failed rule_1 timestamp=1719377460000 error=NoPosition
order_failed rule_1 timestamp=1719379380000 error=NoPosition
order_failed rule_1 timestamp=1719379620000 error=NoPosition
order_failed rule_1 timestamp=1719379800000 error=NoPosition
order_failed rule_1 timestamp=1719381420000 error=NoPosition
order_failed rule_1 timestamp=1719382140000 error=NoPosition
order_failed rule_1 timestamp=1719383400000 error=NoPosition
order_failed rule_1 timestamp=1719384060000 error=NoPosition
order_failed rule_1 timestamp=1719384300000 error=NoPosition
order_failed rule_1 timestamp=1719384720000 error=NoPosition
order_failed rule_1 timestamp=1719390600000 error=NoPosition
order_failed rule_1 timestamp=1719390720000 error=NoPosition
order_failed rule_1 timestamp=1719391020000 error=NoPosition
order_failed rule_1 timestamp=1719461880000 error=NoPosition
order_failed rule_1 timestamp=1719467700000 error=NoPosition
order_failed rule_1 timestamp=1719468180000 error=NoPosition
order_failed rule_1 timestamp=1719469620000 error=NoPosition
order_failed rule_1 timestamp=1719471900000 error=NoPosition
order_failed rule_1 timestamp=1719472020000 error=NoPosition
order_failed rule_1 timestamp=1719476040000 error=NoPosition
order_failed rule_1 timestamp=1719476820000 error=NoPosition
order_failed rule_1 timestamp=1719477000000 error=NoPosition
order_failed rule_1 timestamp=1719479760000 error=NoPosition
order_failed rule_1 timestamp=1719480180000 error=NoPosition
order_failed rule_1 timestamp=1719546960000 error=NoPosition
order_failed rule_1 timestamp=1719549420000 error=NoPosition
order_failed rule_1 timestamp=1719562020000 error=NoPosition
order_failed rule_1 timestamp=1719562320000 error=NoPosition
order_failed rule_1 timestamp=1719562560000 error=NoPosition
order_failed rule_1 timestamp=1719562680000 error=NoPosition
order_failed rule_1 timestamp=1719563580000 error=NoPosition
order_failed rule_1 timestamp=1719563820000 error=NoPosition
order_failed rule_1 timestamp=1719563940000 error=NoPosition
order_failed rule_1 timestamp=1719564060000 error=NoPosition
order_failed rule_1 timestamp=1719806460000 error=NoPosition
order_failed rule_1 timestamp=1719806580000 error=NoPosition
order_failed rule_1 timestamp=1719806880000 error=NoPosition
order_failed rule_1 timestamp=1719808740000 error=NoPosition
order_failed rule_1 timestamp=1719810480000 error=NoPosition
order_failed rule_1 timestamp=1719812820000 error=NoPosition
order_failed rule_1 timestamp=1719813060000 error=NoPosition
order_failed rule_1 timestamp=1719814560000 error=NoPosition
order_failed rule_1 timestamp=1719816720000 error=NoPosition
order_failed rule_1 timestamp=1719819900000 error=NoPosition
order_failed rule_1 timestamp=1719821580000 error=NoPosition
order_failed rule_1 timestamp=1719891900000 error=NoPosition
order_failed rule_1 timestamp=1719892260000 error=NoPosition
order_failed rule_1 timestamp=1719895020000 error=NoPosition
order_failed rule_1 timestamp=1719895860000 error=NoPosition
order_failed rule_1 timestamp=1719898920000 error=NoPosition
order_failed rule_1 timestamp=1719899100000 error=NoPosition
order_failed rule_1 timestamp=1719901800000 error=NoPosition
order_failed rule_1 timestamp=1719902520000 error=NoPosition
order_failed rule_1 timestamp=1719902880000 error=NoPosition
order_failed rule_1 timestamp=1719906540000 error=NoPosition
order_failed rule_1 timestamp=1719906720000 error=NoPosition
order_failed rule_1 timestamp=1719910380000 error=NoPosition
order_failed rule_1 timestamp=1719910560000 error=NoPosition
order_failed rule_1 timestamp=1719912360000 error=NoPosition
order_failed rule_1 timestamp=1719912780000 error=NoPosition
order_failed rule_1 timestamp=1719913200000 error=NoPosition
order_failed rule_1 timestamp=1719979560000 error=NoPosition
order_failed rule_1 timestamp=1719980400000 error=NoPosition
order_failed rule_1 timestamp=1719981360000 error=NoPosition
order_failed rule_1 timestamp=1719981600000 error=NoPosition
order_failed rule_1 timestamp=1719982620000 error=NoPosition
order_failed rule_1 timestamp=1719984060000 error=NoPosition
order_failed rule_1 timestamp=1719984300000 error=NoPosition
order_failed rule_1 timestamp=1719984420000 error=NoPosition
order_failed rule_1 timestamp=1719994800000 error=NoPosition
order_failed rule_1 timestamp=1719995040000 error=NoPosition
order_failed rule_1 timestamp=1720074960000 error=NoPosition
order_failed rule_1 timestamp=1720078320000 error=NoPosition
order_failed rule_1 timestamp=1720082460000 error=NoPosition
order_failed rule_1 timestamp=1720156500000 error=NoPosition
order_failed rule_1 timestamp=1720156680000 error=NoPosition
order_failed rule_1 timestamp=1720161360000 error=NoPosition
order_failed rule_1 timestamp=1720172160000 error=NoPosition
order_failed rule_1 timestamp=1720173540000 error=NoPosition
order_failed rule_1 timestamp=1720413360000 error=NoPosition
order_failed rule_1 timestamp=1720423500000 error=NoPosition
order_failed rule_1 timestamp=1720423680000 error=NoPosition
order_failed rule_1 timestamp=1720424460000 error=NoPosition
order_failed rule_1 timestamp=1720426500000 error=NoPosition
order_failed rule_1 timestamp=1720426740000 error=NoPosition
order_failed rule_1 timestamp=1720426920000 error=NoPosition
order_failed rule_1 timestamp=1720429020000 error=NoPosition
order_failed rule_1 timestamp=1720429140000 error=NoPosition
order_failed rule_1 timestamp=1720497420000 error=NoPosition
order_failed rule_1 timestamp=1720498260000 error=NoPosition
order_failed rule_1 timestamp=1720498380000 error=NoPosition
order_failed rule_1 timestamp=1720500360000 error=NoPosition
order_failed rule_1 timestamp=1720500600000 error=NoPosition
order_failed rule_1 timestamp=1720595040000 error=NoPosition
order_failed rule_1 timestamp=1720602240000 error=NoPosition
order_failed rule_1 timestamp=1720602360000 error=NoPosition
order_failed rule_1 timestamp=1720603920000 error=NoPosition
order_failed rule_1 timestamp=1720605360000 error=NoPosition
order_failed rule_1 timestamp=1720677060000 error=NoPosition
order_failed rule_1 timestamp=1720677600000 error=NoPosition
order_failed rule_1 timestamp=1720680900000 error=NoPosition
order_failed rule_1 timestamp=1720683660000 error=NoPosition
order_failed rule_1 timestamp=1720686360000 error=NoPosition
order_failed rule_1 timestamp=1720686540000 error=NoPosition
order_failed rule_1 timestamp=1720686960000 error=NoPosition
order_failed rule_1 timestamp=1720687560000 error=NoPosition
order_failed rule_1 timestamp=1720689660000 error=NoPosition
order_failed rule_1 timestamp=1720690200000 error=NoPosition
order_failed rule_1 timestamp=1720690380000 error=NoPosition
order_failed rule_1 timestamp=1720690800000 error=NoPosition
order_failed rule_1 timestamp=1720762080000 error=NoPosition
order_failed rule_1 timestamp=1720764240000 error=NoPosition
order_failed rule_1 timestamp=1720764780000 error=NoPosition
order_failed rule_1 timestamp=1720766100000 error=NoPosition
order_failed rule_1 timestamp=1720766400000 error=NoPosition
order_failed rule_1 timestamp=1720766880000 error=NoPosition
order_failed rule_1 timestamp=1720770540000 error=NoPosition
order_failed rule_1 timestamp=1720772820000 error=NoPosition
order_failed rule_1 timestamp=1720774740000 error=NoPosition
order_failed rule_1 timestamp=1721020380000 error=NoPosition
order_failed rule_1 timestamp=1721021700000 error=NoPosition
order_failed rule_1 timestamp=1721024640000 error=NoPosition
order_failed rule_1 timestamp=1721027880000 error=NoPosition
order_failed rule_1 timestamp=1721028000000 error=NoPosition
order_failed rule_1 timestamp=1721029200000 error=NoPosition
order_failed rule_1 timestamp=1721029500000 error=NoPosition
order_failed rule_1 timestamp=1721029680000 error=NoPosition
order_failed rule_1 timestamp=1721030340000 error=NoPosition
order_failed rule_1 timestamp=1721031420000 error=NoPosition
order_failed rule_1 timestamp=1721034720000 error=NoPosition
order_failed rule_1 timestamp=1721035020000 error=NoPosition
order_failed rule_1 timestamp=1721106240000 error=NoPosition
order_failed rule_1 timestamp=1721275560000 error=NoPosition
order_failed rule_1 timestamp=1721276220000 error=NoPosition
order_failed rule_1 timestamp=1721276340000 error=NoPosition
order_failed rule_1 timestamp=1721276580000 error=NoPosition
order_failed rule_1 timestamp=1721277600000 error=NoPosition
order_failed rule_1 timestamp=1721284860000 error=NoPosition
order_failed rule_1 timestamp=1721289000000 error=NoPosition
order_failed rule_1 timestamp=1721289480000 error=NoPosition
order_failed rule_1 timestamp=1721291040000 error=NoPosition
order_failed rule_1 timestamp=1721291460000 error=NoPosition
order_failed rule_1 timestamp=1721292180000 error=NoPosition
order_failed rule_1 timestamp=1721292540000 error=NoPosition
order_failed rule_1 timestamp=1721364660000 error=NoPosition
order_failed rule_1 timestamp=1721364780000 error=NoPosition
order_failed rule_1 timestamp=1721368500000 error=NoPosition
order_failed rule_1 timestamp=1721368920000 error=NoPosition
order_failed rule_1 timestamp=1721376000000 error=NoPosition
order_failed rule_1 timestamp=1721377260000 error=NoPosition
order_failed rule_1 timestamp=1721377740000 error=NoPosition
order_failed rule_1 timestamp=1721381340000 error=NoPosition
order_failed rule_1 timestamp=1721620020000 error=NoPosition
order_failed rule_1 timestamp=1721620800000 error=NoPosition
order_failed rule_1 timestamp=1721622540000 error=NoPosition
order_failed rule_1 timestamp=1721623920000 error=NoPosition
order_failed rule_1 timestamp=1721624040000 error=NoPosition
order_failed rule_1 timestamp=1721624280000 error=NoPosition
order_failed rule_1 timestamp=1721635320000 error=NoPosition
order_failed rule_1 timestamp=1721636220000 error=NoPosition
order_failed rule_1 timestamp=1721636700000 error=NoPosition
order_failed rule_1 timestamp=1721638980000 error=NoPosition
order_failed rule_1 timestamp=1721641920000 error=NoPosition
order_failed rule_1 timestamp=1721711820000 error=NoPosition
order_failed rule_1 timestamp=1721712600000 error=NoPosition
order_failed rule_1 timestamp=1721712900000 error=NoPosition
order_failed rule_1 timestamp=1721721960000 error=NoPosition
order_failed rule_1 timestamp=1721722620000 error=NoPosition
order_failed rule_1 timestamp=1721722920000 error=NoPosition
order_failed rule_1 timestamp=1721723100000 error=NoPosition
order_failed rule_1 timestamp=1721723640000 error=NoPosition
order_failed rule_1 timestamp=1721725800000 error=NoPosition
order_failed rule_1 timestamp=1721725980000 error=NoPosition
order_failed rule_1 timestamp=1721726520000 error=NoPosition
order_failed rule_1 timestamp=1721795100000 error=NoPosition
order_failed rule_1 timestamp=1721807040000 error=NoPosition
order_failed rule_1 timestamp=1721807520000 error=NoPosition
order_failed rule_1 timestamp=1721808840000 error=NoPosition
order_failed rule_1 timestamp=1721813040000 error=NoPosition
order_failed rule_1 timestamp=1721813280000 error=NoPosition
order_failed rule_1 timestamp=1721880120000 error=NoPosition
order_failed rule_1 timestamp=1721884260000 error=NoPosition
order_failed rule_1 timestamp=1721884440000 error=NoPosition
order_failed rule_1 timestamp=1721887020000 error=NoPosition
order_failed rule_1 timestamp=1721887380000 error=NoPosition
order_failed rule_1 timestamp=1721887860000 error=NoPosition
order_failed rule_1 timestamp=1721891880000 error=NoPosition
order_failed rule_1 timestamp=1721892660000 error=NoPosition
order_failed rule_1 timestamp=1721893080000 error=NoPosition
order_failed rule_1 timestamp=1721893740000 error=NoPosition
order_failed rule_1 timestamp=1721895900000 error=NoPosition
order_failed rule_1 timestamp=1721896620000 error=NoPosition
order_failed rule_1 timestamp=1721972100000 error=NoPosition
order_failed rule_1 timestamp=1721972760000 error=NoPosition
order_failed rule_1 timestamp=1721975160000 error=NoPosition
order_failed rule_1 timestamp=1721977680000 error=NoPosition
order_failed rule_1 timestamp=1721978640000 error=NoPosition
order_failed rule_1 timestamp=1721979660000 error=NoPosition
order_failed rule_1 timestamp=1721980200000 error=NoPosition
order_failed rule_1 timestamp=1721981220000 error=NoPosition
order_failed rule_1 timestamp=1721981400000 error=NoPosition
order_failed rule_1 timestamp=1722230220000 error=NoPosition
order_failed rule_1 timestamp=1722232020000 error=NoPosition
order_failed rule_1 timestamp=1722232200000 error=NoPosition
order_failed rule_1 timestamp=1722232440000 error=NoPosition
order_failed rule_1 timestamp=1722233700000 error=NoPosition
order_failed rule_1 timestamp=1722244740000 error=NoPosition
order_failed rule_1 timestamp=1722315840000 error=NoPosition
order_failed rule_1 timestamp=1722316140000 error=NoPosition
order_failed rule_1 timestamp=1722317220000 error=NoPosition
order_failed rule_1 timestamp=1722318480000 error=NoPosition
order_failed rule_1 timestamp=1722319380000 error=NoPosition
order_failed rule_1 timestamp=1722322740000 error=NoPosition
order_failed rule_1 timestamp=1722323160000 error=NoPosition
order_failed rule_1 timestamp=1722327120000 error=NoPosition
order_failed rule_1 timestamp=1722328260000 error=NoPosition
order_failed rule_1 timestamp=1722328920000 error=NoPosition
order_failed rule_1 timestamp=1722329100000 error=NoPosition
order_failed rule_1 timestamp=1722329340000 error=NoPosition
order_failed rule_1 timestamp=1722329520000 error=NoPosition
order_failed rule_1 timestamp=1722398100000 error=NoPosition
order_failed rule_1 timestamp=1722400080000 error=NoPosition
order_failed rule_1 timestamp=1722400260000 error=NoPosition
order_failed rule_1 timestamp=1722400500000 error=NoPosition
order_failed rule_1 timestamp=1722400980000 error=NoPosition
order_failed rule_1 timestamp=1722401340000 error=NoPosition
order_failed rule_1 timestamp=1722412920000 error=NoPosition
order_failed rule_1 timestamp=1722416940000 error=NoPosition
order_failed rule_1 timestamp=1722418200000 error=NoPosition
order_failed rule_1 timestamp=1722419460000 error=NoPosition
order_failed rule_1 timestamp=1722483900000 error=NoPosition
order_failed rule_1 timestamp=1722484020000 error=NoPosition
order_failed rule_1 timestamp=1722487440000 error=NoPosition
order_failed rule_1 timestamp=1722487800000 error=NoPosition
order_failed rule_1 timestamp=1722487920000 error=NoPosition
order_failed rule_1 timestamp=1722490320000 error=NoPosition
order_failed rule_1 timestamp=1722490800000 error=NoPosition
order_failed rule_1 timestamp=1722491700000 error=NoPosition
order_failed rule_1 timestamp=1722505080000 error=NoPosition
order_failed rule_1 timestamp=1722505320000 error=NoPosition
order_failed rule_1 timestamp=1722571560000 error=NoPosition
order_failed rule_1 timestamp=1722572520000 error=NoPosition
order_failed rule_1 timestamp=1722575880000 error=NoPosition
order_failed rule_1 timestamp=1722577380000 error=NoPosition
order_failed rule_1 timestamp=1722577980000 error=NoPosition
order_failed rule_1 timestamp=1722578940000 error=NoPosition
order_failed rule_1 timestamp=1722585720000 error=NoPosition
order_failed rule_1 timestamp=1722586320000 error=NoPosition
order_failed rule_1 timestamp=1722837720000 error=NoPosition
order_failed rule_1 timestamp=1722838200000 error=NoPosition
order_failed rule_1 timestamp=1722845880000 error=NoPosition
order_failed rule_1 timestamp=1722846360000 error=NoPosition
order_failed rule_1 timestamp=1722915900000 error=NoPosition
order_failed rule_1 timestamp=1722916080000 error=NoPosition
order_failed rule_1 timestamp=1722916260000 error=NoPosition
order_failed rule_1 timestamp=1722923400000 error=NoPosition
order_failed rule_1 timestamp=1722925800000 error=NoPosition
order_failed rule_1 timestamp=1722926220000 error=NoPosition
order_failed rule_1 timestamp=1722926640000 error=NoPosition
order_failed rule_1 timestamp=1722929160000 error=NoPosition
order_failed rule_1 timestamp=1722929580000 error=NoPosition
order_failed rule_1 timestamp=1722929880000 error=NoPosition
order_failed rule_1 timestamp=1722936720000 error=NoPosition
order_failed rule_1 timestamp=1722936840000 error=NoPosition
order_failed rule_1 timestamp=1723002300000 error=NoPosition
order_failed rule_1 timestamp=1723006800000 error=NoPosition
order_failed rule_1 timestamp=1723006980000 error=NoPosition
order_failed rule_1 timestamp=1723008420000 error=NoPosition
order_failed rule_1 timestamp=1723010280000 error=NoPosition
order_failed rule_1 timestamp=1723010400000 error=NoPosition
order_failed rule_1 timestamp=1723010700000 error=NoPosition
order_failed rule_1 timestamp=1723013640000 error=NoPosition
order_failed rule_1 timestamp=1723015140000 error=NoPosition
order_failed rule_1 timestamp=1723016160000 error=NoPosition
order_failed rule_1 timestamp=1723020420000 error=NoPosition
order_failed rule_1 timestamp=1723020900000 error=NoPosition
order_failed rule_1 timestamp=1723024560000 error=NoPosition
order_failed rule_1 timestamp=1723024680000 error=NoPosition
order_failed rule_1 timestamp=1723093560000 error=NoPosition
order_failed rule_1 timestamp=1723094100000 error=NoPosition
order_failed rule_1 timestamp=1723096200000 error=NoPosition
order_failed rule_1 timestamp=1723097340000 error=NoPosition
order_failed rule_1 timestamp=1723098240000 error=NoPosition
order_failed rule_1 timestamp=1723098420000 error=NoPosition
order_failed rule_1 timestamp=1723098660000 error=NoPosition
order_failed rule_1 timestamp=1723099260000 error=NoPosition
order_failed rule_1 timestamp=1723176600000 error=NoPosition
order_failed rule_1 timestamp=1723177080000 error=NoPosition
order_failed rule_1 timestamp=1723181220000 error=NoPosition
order_failed rule_1 timestamp=1723181580000 error=NoPosition
order_failed rule_1 timestamp=1723183260000 error=NoPosition
order_failed rule_1 timestamp=1723185540000 error=NoPosition
order_failed rule_1 timestamp=1723190520000 error=NoPosition
order_failed rule_1 timestamp=1723194360000 error=NoPosition
order_failed rule_1 timestamp=1723194540000 error=NoPosition
order_failed rule_1 timestamp=1723435320000 error=NoPosition
order_failed rule_1 timestamp=1723435500000 error=NoPosition
order_failed rule_1 timestamp=1723437600000 error=NoPosition
order_failed rule_1 timestamp=1723437780000 error=NoPosition
order_failed rule_1 timestamp=1723438020000 error=NoPosition
order_failed rule_1 timestamp=1723439100000 error=NoPosition
order_failed rule_1 timestamp=1723439340000 error=NoPosition
order_failed rule_1 timestamp=1723439880000 error=NoPosition
order_failed rule_1 timestamp=1723440300000 error=NoPosition
order_failed rule_1 timestamp=1723441200000 error=NoPosition
order_failed rule_1 timestamp=1723441620000 error=NoPosition
order_failed rule_1 timestamp=1723446420000 error=NoPosition
order_failed rule_1 timestamp=1723447080000 error=NoPosition
order_failed rule_1 timestamp=1723450560000 error=NoPosition
order_failed rule_1 timestamp=1723528440000 error=NoPosition
order_failed rule_1 timestamp=1723528620000 error=NoPosition
order_failed rule_1 timestamp=1723529160000 error=NoPosition
order_failed rule_1 timestamp=1723531560000 error=NoPosition
order_failed rule_1 timestamp=1723532400000 error=NoPosition
order_failed rule_1 timestamp=1723534200000 error=NoPosition
order_failed rule_1 timestamp=1723607220000 error=NoPosition
order_failed rule_1 timestamp=1723608300000 error=NoPosition
order_failed rule_1 timestamp=1723608600000 error=NoPosition
order_failed rule_1 timestamp=1723616640000 error=NoPosition
order_failed rule_1 timestamp=1723617840000 error=NoPosition
order_failed rule_1 timestamp=1723618140000 error=NoPosition
order_failed rule_1 timestamp=1723618440000 error=NoPosition
order_failed rule_1 timestamp=1723619340000 error=NoPosition
order_failed rule_1 timestamp=1723619760000 error=NoPosition
order_failed rule_1 timestamp=1723779900000 error=NoPosition
order_failed rule_1 timestamp=1723785780000 error=NoPosition
order_failed rule_1 timestamp=1723786440000 error=NoPosition
order_failed rule_1 timestamp=1723787760000 error=NoPosition
order_failed rule_1 timestamp=1723788480000 error=NoPosition
order_failed rule_1 timestamp=1723788900000 error=NoPosition
order_failed rule_1 timestamp=1723790040000 error=NoPosition
order_failed rule_1 timestamp=1723790220000 error=NoPosition
order_failed rule_1 timestamp=1723795560000 error=NoPosition
order_failed rule_1 timestamp=1723796220000 error=NoPosition
order_failed rule_1 timestamp=1723797120000 error=NoPosition
order_failed rule_1 timestamp=1723801140000 error=NoPosition
order_failed rule_1 timestamp=1724043600000 error=NoPosition
order_failed rule_1 timestamp=1724046300000 error=NoPosition
order_failed rule_1 timestamp=1724046720000 error=NoPosition
order_failed rule_1 timestamp=1724047200000 error=NoPosition
order_failed rule_1 timestamp=1724048820000 error=NoPosition
order_failed rule_1 timestamp=1724057820000 error=NoPosition
order_failed rule_1 timestamp=1724058000000 error=NoPosition
order_failed rule_1 timestamp=1724058240000 error=NoPosition
order_failed rule_1 timestamp=1724058360000 error=NoPosition
order_failed rule_1 timestamp=1724060400000 error=NoPosition
order_failed rule_1 timestamp=1724060760000 error=NoPosition
order_failed rule_1 timestamp=1724061060000 error=NoPosition
order_failed rule_1 timestamp=1724125620000 error=NoPosition
order_failed rule_1 timestamp=1724126880000 error=NoPosition
order_failed rule_1 timestamp=1724127420000 error=NoPosition
order_failed rule_1 timestamp=1724130360000 error=NoPosition
order_failed rule_1 timestamp=1724132340000 error=NoPosition
order_failed rule_1 timestamp=1724132580000 error=NoPosition
order_failed rule_1 timestamp=1724132700000 error=NoPosition
order_failed rule_1 timestamp=1724132880000 error=NoPosition
order_failed rule_1 timestamp=1724133120000 error=NoPosition
order_failed rule_1 timestamp=1724134980000 error=NoPosition
order_failed rule_1 timestamp=1724136660000 error=NoPosition
order_failed rule_1 timestamp=1724215920000 error=NoPosition
order_failed rule_1 timestamp=1724228400000 error=NoPosition
order_failed rule_1 timestamp=1724228820000 error=NoPosition
order_failed rule_1 timestamp=1724231640000 error=NoPosition
order_failed rule_1 timestamp=1724232000000 error=NoPosition
order_failed rule_1 timestamp=1724232660000 error=NoPosition
order_failed rule_1 timestamp=1724298300000 error=NoPosition
order_failed rule_1 timestamp=1724298480000 error=NoPosition
order_failed rule_1 timestamp=1724298660000 error=NoPosition
order_failed rule_1 timestamp=1724298960000 error=NoPosition
order_failed rule_1 timestamp=1724299140000 error=NoPosition
order_failed rule_1 timestamp=1724299560000 error=NoPosition
order_failed rule_1 timestamp=1724307060000 error=NoPosition
order_failed rule_1 timestamp=1724307240000 error=NoPosition
order_failed rule_1 timestamp=1724311140000 error=NoPosition
order_failed rule_1 timestamp=1724311380000 error=NoPosition
order_failed rule_1 timestamp=1724311500000 error=NoPosition
order_failed rule_1 timestamp=1724311800000 error=NoPosition
order_failed rule_1 timestamp=1724312880000 error=NoPosition
order_failed rule_1 timestamp=1724387100000 error=NoPosition
order_failed rule_1 timestamp=1724393160000 error=NoPosition
order_failed rule_1 timestamp=1724393520000 error=NoPosition
order_failed rule_1 timestamp=1724393880000 error=NoPosition
order_failed rule_1 timestamp=1724403300000 error=NoPosition
order_failed rule_1 timestamp=1724403420000 error=NoPosition
order_failed rule_1 timestamp=1724645640000 error=NoPosition
order_failed rule_1 timestamp=1724646060000 error=NoPosition
order_failed rule_1 timestamp=1724647620000 error=NoPosition
order_failed rule_1 timestamp=1724651520000 error=NoPosition
order_failed rule_1 timestamp=1724656200000 error=NoPosition
order_failed rule_1 timestamp=1724657400000 error=NoPosition
order_failed rule_1 timestamp=1724657640000 error=NoPosition
order_failed rule_1 timestamp=1724658240000 error=NoPosition
order_failed rule_1 timestamp=1724733060000 error=NoPosition
order_failed rule_1 timestamp=1724738220000 error=NoPosition
order_failed rule_1 timestamp=1724738400000 error=NoPosition
order_failed rule_1 timestamp=1724738580000 error=NoPosition
order_failed rule_1 timestamp=1724738820000 error=NoPosition
order_failed rule_1 timestamp=1724823840000 error=NoPosition
order_failed rule_1 timestamp=1724824020000 error=NoPosition
order_failed rule_1 timestamp=1724833620000 error=NoPosition
order_failed rule_1 timestamp=1724833800000 error=NoPosition
order_failed rule_1 timestamp=1724904000000 error=NoPosition
order_failed rule_1 timestamp=1724914380000 error=NoPosition
order_failed rule_1 timestamp=1724917740000 error=NoPosition
order_failed rule_1 timestamp=1724917860000 error=NoPosition
order_failed rule_1 timestamp=1724918040000 error=NoPosition
order_failed rule_1 timestamp=1724918160000 error=NoPosition
order_failed rule_1 timestamp=1724923680000 error=NoPosition
order_failed rule_1 timestamp=1724924040000 error=NoPosition
order_failed rule_1 timestamp=1724925540000 error=NoPosition
order_failed rule_1 timestamp=1724999520000 error=NoPosition
order_failed rule_1 timestamp=1724999760000 error=NoPosition
order_failed rule_1 timestamp=1725001020000 error=NoPosition
order_failed rule_1 timestamp=1725001200000 error=NoPosition
order_failed rule_1 timestamp=1725003240000 error=NoPosition
order_failed rule_1 timestamp=1725003720000 error=NoPosition
order_failed rule_1 timestamp=1725005160000 error=NoPosition
order_failed rule_1 timestamp=1725005580000 error=NoPosition
order_failed rule_1 timestamp=1725006120000 error=NoPosition
order_failed rule_1 timestamp=1725006240000 error=NoPosition
order_failed rule_1 timestamp=1725006540000 error=NoPosition
order_failed rule_1 timestamp=1725251160000 error=NoPosition
order_failed rule_1 timestamp=1725255540000 error=NoPosition
order_failed rule_1 timestamp=1725255840000 error=NoPosition
order_failed rule_1 timestamp=1725256560000 error=NoPosition
order_failed rule_1 timestamp=1725262380000 error=NoPosition
order_failed rule_1 timestamp=1725266940000 error=NoPosition
order_failed rule_1 timestamp=1725335820000 error=NoPosition
order_failed rule_1 timestamp=1725340140000 error=NoPosition
order_failed rule_1 timestamp=1725345960000 error=NoPosition
order_failed rule_1 timestamp=1725354240000 error=NoPosition
order_failed rule_1 timestamp=1725354480000 error=NoPosition
order_failed rule_1 timestamp=1725354600000 error=NoPosition
order_failed rule_1 timestamp=1725354780000 error=NoPosition
order_failed rule_1 timestamp=1725354960000 error=NoPosition
order_failed rule_1 timestamp=1725355500000 error=NoPosition
order_failed rule_1 timestamp=1725355920000 error=NoPosition
order_failed rule_1 timestamp=1725356340000 error=NoPosition
order_failed rule_1 timestamp=1725424260000 error=NoPosition
order_failed rule_1 timestamp=1725424560000 error=NoPosition
order_failed rule_1 timestamp=1725425160000 error=NoPosition
order_failed rule_1 timestamp=1725426420000 error=NoPosition
order_failed rule_1 timestamp=1725427080000 error=NoPosition
order_failed rule_1 timestamp=1725427740000 error=NoPosition
order_failed rule_1 timestamp=1725429420000 error=NoPosition
order_failed rule_1 timestamp=1725429540000 error=NoPosition
order_failed rule_1 timestamp=1725430500000 error=NoPosition
order_failed rule_1 timestamp=1725436020000 error=NoPosition
order_failed rule_1 timestamp=1725438540000 error=NoPosition
order_failed rule_1 timestamp=1725438840000 error=NoPosition
order_failed rule_1 timestamp=1725441180000 error=NoPosition
order_failed rule_1 timestamp=1725441360000 error=NoPosition
order_failed rule_1 timestamp=1725507900000 error=NoPosition
order_failed rule_1 timestamp=1725521160000 error=NoPosition
order_failed rule_1 timestamp=1725525540000 error=NoPosition
order_failed rule_1 timestamp=1725528840000 error=NoPosition
order_failed rule_1 timestamp=1725528960000 error=NoPosition
order_failed rule_1 timestamp=1725600480000 error=NoPosition
order_failed rule_1 timestamp=1725601740000 error=NoPosition
order_failed rule_1 timestamp=1725605280000 error=NoPosition
order_failed rule_1 timestamp=1725611940000 error=NoPosition
order_failed rule_1 timestamp=1725612300000 error=NoPosition
order_failed rule_1 timestamp=1725854880000 error=NoPosition
order_failed rule_1 timestamp=1725855060000 error=NoPosition
order_failed rule_1 timestamp=1725859620000 error=NoPosition
order_failed rule_1 timestamp=1725859920000 error=NoPosition
order_failed rule_1 timestamp=1725868260000 error=NoPosition
order_failed rule_1 timestamp=1725868740000 error=NoPosition
order_failed rule_1 timestamp=1725868980000 error=NoPosition
order_failed rule_1 timestamp=1725871200000 error=NoPosition
order_failed rule_1 timestamp=1725871500000 error=NoPosition
order_failed rule_1 timestamp=1725872940000 error=NoPosition
order_failed rule_1 timestamp=1725873300000 error=NoPosition
order_failed rule_1 timestamp=1725873420000 error=NoPosition
order_failed rule_1 timestamp=1725873540000 error=NoPosition
order_failed rule_1 timestamp=1725874080000 error=NoPosition
order_failed rule_1 timestamp=1725939900000 error=NoPosition
order_failed rule_1 timestamp=1725944640000 error=NoPosition
order_failed rule_1 timestamp=1725945120000 error=NoPosition
order_failed rule_1 timestamp=1725945300000 error=NoPosition
order_failed rule_1 timestamp=1725945960000 error=NoPosition
order_failed rule_1 timestamp=1725947400000 error=NoPosition
order_failed rule_1 timestamp=1725948960000 error=NoPosition
order_failed rule_1 timestamp=1725949260000 error=NoPosition
order_failed rule_1 timestamp=1725949740000 error=NoPosition
order_failed rule_1 timestamp=1725952020000 error=NoPosition
order_failed rule_1 timestamp=1725952320000 error=NoPosition
order_failed rule_1 timestamp=1725960000000 error=NoPosition
order_failed rule_1 timestamp=1725962160000 error=NoPosition
order_failed rule_1 timestamp=1726027920000 error=NoPosition
order_failed rule_1 timestamp=1726028580000 error=NoPosition
order_failed rule_1 timestamp=1726029900000 error=NoPosition
order_failed rule_1 timestamp=1726030020000 error=NoPosition
order_failed rule_1 timestamp=1726031040000 error=NoPosition
order_failed rule_1 timestamp=1726031460000 error=NoPosition
order_failed rule_1 timestamp=1726033380000 error=NoPosition
order_failed rule_1 timestamp=1726033680000 error=NoPosition
order_failed rule_1 timestamp=1726113300000 error=NoPosition
order_failed rule_1 timestamp=1726114380000 error=NoPosition
order_failed rule_1 timestamp=1726128840000 error=NoPosition
order_failed rule_1 timestamp=1726129800000 error=NoPosition
order_failed rule_1 timestamp=1726130520000 error=NoPosition
order_failed rule_1 timestamp=1726130760000 error=NoPosition
order_failed rule_1 timestamp=1726133460000 error=NoPosition
order_failed rule_1 timestamp=1726204200000 error=NoPosition
order_failed rule_1 timestamp=1726205940000 error=NoPosition
order_failed rule_1 timestamp=1726207920000 error=NoPosition
order_failed rule_1 timestamp=1726208220000 error=NoPosition
order_failed rule_1 timestamp=1726216800000 error=NoPosition
order_failed rule_1 timestamp=1726218540000 error=NoPosition
order_failed rule_1 timestamp=1726219680000 error=NoPosition
order_failed rule_1 timestamp=1726220220000 error=NoPosition
order_failed rule_1 timestamp=1726458420000 error=NoPosition
order_failed rule_1 timestamp=1726459260000 error=NoPosition
order_failed rule_1 timestamp=1726461060000 error=NoPosition
order_failed rule_1 timestamp=1726462440000 error=NoPosition
order_failed rule_1 timestamp=1726462740000 error=NoPosition
order_failed rule_1 timestamp=1726462920000 error=NoPosition
order_failed rule_1 timestamp=1726468440000 error=NoPosition
order_failed rule_1 timestamp=1726468560000 error=NoPosition
order_failed rule_1 timestamp=1726470540000 error=NoPosition
order_failed rule_1 timestamp=1726472160000 error=NoPosition
order_failed rule_1 timestamp=1726472280000 error=NoPosition
order_failed rule_1 timestamp=1726472700000 error=NoPosition
order_failed rule_1 timestamp=1726472820000 error=NoPosition
order_failed rule_1 timestamp=1726473120000 error=NoPosition
order_failed rule_1 timestamp=1726473300000 error=NoPosition
order_failed rule_1 timestamp=1726473840000 error=NoPosition
order_failed rule_1 timestamp=1726474380000 error=NoPosition
order_failed rule_1 timestamp=1726555920000 error=NoPosition
order_failed rule_1 timestamp=1726557240000 error=NoPosition
order_failed rule_1 timestamp=1726631640000 error=NoPosition
order_failed rule_1 timestamp=1726631940000 error=NoPosition
order_failed rule_1 timestamp=1726633080000 error=NoPosition
order_failed rule_1 timestamp=1726633320000 error=NoPosition
order_failed rule_1 timestamp=1726633680000 error=NoPosition
order_failed rule_1 timestamp=1726634280000 error=NoPosition
order_failed rule_1 timestamp=1726634760000 error=NoPosition
order_failed rule_1 timestamp=1726635480000 error=NoPosition
order_failed rule_1 timestamp=1726635840000 error=NoPosition
order_failed rule_1 timestamp=1726636200000 error=NoPosition
order_failed rule_1 timestamp=1726636440000 error=NoPosition
order_failed rule_1 timestamp=1726639260000 error=NoPosition
order_failed rule_1 timestamp=1726639440000 error=NoPosition
order_failed rule_1 timestamp=1726648440000 error=NoPosition
order_failed rule_1 timestamp=1726648800000 error=NoPosition
order_failed rule_1 timestamp=1726649340000 error=NoPosition
order_failed rule_1 timestamp=1726652340000 error=NoPosition
order_failed rule_1 timestamp=1726719240000 error=NoPosition
order_failed rule_1 timestamp=1726722180000 error=NoPosition
order_failed rule_1 timestamp=1726723080000 error=NoPosition
order_failed rule_1 timestamp=1726723380000 error=NoPosition
order_failed rule_1 timestamp=1726723860000 error=NoPosition
order_failed rule_1 timestamp=1726724160000 error=NoPosition
order_failed rule_1 timestamp=1726729980000 error=NoPosition
order_failed rule_1 timestamp=1726730280000 error=NoPosition
order_failed rule_1 timestamp=1726735260000 error=NoPosition
order_failed rule_1 timestamp=1726738140000 error=NoPosition
order_failed rule_1 timestamp=1726806000000 error=NoPosition
order_failed rule_1 timestamp=1726806780000 error=NoPosition
order_failed rule_1 timestamp=1726806960000 error=NoPosition
order_failed rule_1 timestamp=1726807200000 error=NoPosition
order_failed rule_1 timestamp=1726808760000 error=NoPosition
order_failed rule_1 timestamp=1726809180000 error=NoPosition
order_failed rule_1 timestamp=1726811280000 error=NoPosition
order_failed rule_1 timestamp=1726812840000 error=NoPosition
order_failed rule_1 timestamp=1726812960000 error=NoPosition
order_failed rule_1 timestamp=1726813620000 error=NoPosition
order_failed rule_1 timestamp=1726814040000 error=NoPosition
order_failed rule_1 timestamp=1726814700000 error=NoPosition
order_failed rule_1 timestamp=1726816560000 error=NoPosition
order_failed rule_1 timestamp=1726816920000 error=NoPosition
order_failed rule_1 timestamp=1726821960000 error=NoPosition
order_failed rule_1 timestamp=1726822260000 error=NoPosition
order_failed rule_1 timestamp=1727065860000 error=NoPosition
order_failed rule_1 timestamp=1727066040000 error=NoPosition
order_failed rule_1 timestamp=1727069100000 error=NoPosition
order_failed rule_1 timestamp=1727070420000 error=NoPosition
order_failed rule_1 timestamp=1727071680000 error=NoPosition
order_failed rule_1 timestamp=1727078400000 error=NoPosition
order_failed rule_1 timestamp=1727078760000 error=NoPosition
order_failed rule_1 timestamp=1727078880000 error=NoPosition
order_failed rule_1 timestamp=1727079300000 error=NoPosition
order_failed rule_1 timestamp=1727080200000 error=NoPosition
order_failed rule_1 timestamp=1727080320000 error=NoPosition
order_failed rule_1 timestamp=1727081160000 error=NoPosition
order_failed rule_1 timestamp=1727150100000 error=NoPosition
order_failed rule_1 timestamp=1727150760000 error=NoPosition
order_failed rule_1 timestamp=1727151180000 error=NoPosition
order_failed rule_1 timestamp=1727151420000 error=NoPosition
order_failed rule_1 timestamp=1727151900000 error=NoPosition
order_failed rule_1 timestamp=1727159580000 error=NoPosition
order_failed rule_1 timestamp=1727160720000 error=NoPosition
order_failed rule_1 timestamp=1727161320000 error=NoPosition
order_failed rule_1 timestamp=1727161440000 error=NoPosition
order_failed rule_1 timestamp=1727163300000 error=NoPosition
order_failed rule_1 timestamp=1727163840000 error=NoPosition
order_failed rule_1 timestamp=1727164020000 error=NoPosition
order_failed rule_1 timestamp=1727236620000 error=NoPosition
order_failed rule_1 timestamp=1727236920000 error=NoPosition
order_failed rule_1 timestamp=1727237040000 error=NoPosition
order_failed rule_1 timestamp=1727238780000 error=NoPosition
order_failed rule_1 timestamp=1727239320000 error=NoPosition
order_failed rule_1 timestamp=1727239740000 error=NoPosition
order_failed rule_1 timestamp=1727240880000 error=NoPosition
order_failed rule_1 timestamp=1727245860000 error=NoPosition
order_failed rule_1 timestamp=1727246940000 error=NoPosition
order_failed rule_1 timestamp=1727255820000 error=NoPosition
order_failed rule_1 timestamp=1727256840000 error=NoPosition
order_failed rule_1 timestamp=1727327520000 error=NoPosition
order_failed rule_1 timestamp=1727329920000 error=NoPosition
order_failed rule_1 timestamp=1727330880000 error=NoPosition
order_failed rule_1 timestamp=1727331600000 error=NoPosition
order_failed rule_1 timestamp=1727332380000 error=NoPosition
order_failed rule_1 timestamp=1727333160000 error=NoPosition
order_failed rule_1 timestamp=1727333400000 error=NoPosition
order_failed rule_1 timestamp=1727336340000 error=NoPosition
order_failed rule_1 timestamp=1727337240000 error=NoPosition
order_failed rule_1 timestamp=1727337420000 error=NoPosition
order_failed rule_1 timestamp=1727341560000 error=NoPosition
order_failed rule_1 timestamp=1727341740000 error=NoPosition
order_failed rule_1 timestamp=1727341920000 error=NoPosition
order_failed rule_1 timestamp=1727342340000 error=NoPosition
order_failed rule_1 timestamp=1727342640000 error=NoPosition
order_failed rule_1 timestamp=1727343000000 error=NoPosition
order_failed rule_1 timestamp=1727413740000 error=NoPosition
order_failed rule_1 timestamp=1727682180000 error=NoPosition
order_failed rule_1 timestamp=1727684760000 error=NoPosition
order_failed rule_1 timestamp=1727685420000 error=NoPosition
order_failed rule_1 timestamp=1727686860000 error=NoPosition
order_failed rule_1 timestamp=1727687040000 error=NoPosition
order_failed rule_1 timestamp=1727687340000 error=NoPosition
order_failed rule_1 timestamp=1727754300000 error=NoPosition
order_failed rule_1 timestamp=1727754480000 error=NoPosition
order_failed rule_1 timestamp=1727760660000 error=NoPosition
order_failed rule_1 timestamp=1727761980000 error=NoPosition
order_failed rule_1 timestamp=1727769120000 error=NoPosition
order_failed rule_1 timestamp=1727773140000 error=NoPosition
order_failed rule_1 timestamp=1727774940000 error=NoPosition
order_failed rule_1 timestamp=1727775360000 error=NoPosition
order_failed rule_1 timestamp=1727932200000 error=NoPosition
order_failed rule_1 timestamp=1727936520000 error=NoPosition
order_failed rule_1 timestamp=1727948280000 error=NoPosition
order_failed rule_1 timestamp=1727948580000 error=NoPosition
order_failed rule_1 timestamp=1728035880000 error=NoPosition
order_failed rule_1 timestamp=1728275220000 error=NoPosition
order_failed rule_1 timestamp=1728289800000 error=NoPosition
order_failed rule_1 timestamp=1728290280000 error=NoPosition
order_failed rule_1 timestamp=1728290400000 error=NoPosition
order_failed rule_1 timestamp=1728292440000 error=NoPosition
order_failed rule_1 timestamp=1728359100000 error=NoPosition
order_failed rule_1 timestamp=1728360060000 error=NoPosition
order_failed rule_1 timestamp=1728360360000 error=NoPosition
order_failed rule_1 timestamp=1728360780000 error=NoPosition
order_failed rule_1 timestamp=1728361140000 error=NoPosition
order_failed rule_1 timestamp=1728364380000 error=NoPosition
order_failed rule_1 timestamp=1728364980000 error=NoPosition
order_failed rule_1 timestamp=1728365760000 error=NoPosition
order_failed rule_1 timestamp=1728366900000 error=NoPosition
order_failed rule_1 timestamp=1728367200000 error=NoPosition
order_failed rule_1 timestamp=1728369780000 error=NoPosition
order_failed rule_1 timestamp=1728369900000 error=NoPosition
order_failed rule_1 timestamp=1728370380000 error=NoPosition
order_failed rule_1 timestamp=1728371160000 error=NoPosition
order_failed rule_1 timestamp=1728371340000 error=NoPosition
order_failed rule_1 timestamp=1728376440000 error=NoPosition
order_failed rule_1 timestamp=1728376560000 error=NoPosition
order_failed rule_1 timestamp=1728377820000 error=NoPosition
order_failed rule_1 timestamp=1728378120000 error=NoPosition
order_failed rule_1 timestamp=1728448560000 error=NoPosition
order_failed rule_1 timestamp=1728451020000 error=NoPosition
order_failed rule_1 timestamp=1728462180000 error=NoPosition
order_failed rule_1 timestamp=1728462780000 error=NoPosition
order_failed rule_1 timestamp=1728462900000 error=NoPosition
order_failed rule_1 timestamp=1728467880000 error=NoPosition
order_failed rule_1 timestamp=1728531960000 error=NoPosition
order_failed rule_1 timestamp=1728532140000 error=NoPosition
order_failed rule_1 timestamp=1728535260000 error=NoPosition
order_failed rule_1 timestamp=1728536580000 error=NoPosition
order_failed rule_1 timestamp=1728540480000 error=NoPosition
order_failed rule_1 timestamp=1728541440000 error=NoPosition
order_failed rule_1 timestamp=1728546960000 error=NoPosition
order_failed rule_1 timestamp=1728548940000 error=NoPosition
order_failed rule_1 timestamp=1728549540000 error=NoPosition
order_failed rule_1 timestamp=1728549660000 error=NoPosition
order_failed rule_1 timestamp=1728549840000 error=NoPosition
order_failed rule_1 timestamp=1728550740000 error=NoPosition
order_failed rule_1 timestamp=1728629220000 error=NoPosition
order_failed rule_1 timestamp=1728629340000 error=NoPosition
order_failed rule_1 timestamp=1728629760000 error=NoPosition
order_failed rule_1 timestamp=1728632160000 error=NoPosition
order_failed rule_1 timestamp=1728632280000 error=NoPosition
order_failed rule_1 timestamp=1728632820000 error=NoPosition
order_failed rule_1 timestamp=1728633180000 error=NoPosition
order_failed rule_1 timestamp=1728640260000 error=NoPosition
order_failed rule_1 timestamp=1728877500000 error=NoPosition
order_failed rule_1 timestamp=1728877920000 error=NoPosition
order_failed rule_1 timestamp=1728878580000 error=NoPosition
order_failed rule_1 timestamp=1728879180000 error=NoPosition
order_failed rule_1 timestamp=1728879540000 error=NoPosition
order_failed rule_1 timestamp=1728879720000 error=NoPosition
order_failed rule_1 timestamp=1728880200000 error=NoPosition
order_failed rule_1 timestamp=1728884100000 error=NoPosition
order_failed rule_1 timestamp=1728888240000 error=NoPosition
order_failed rule_1 timestamp=1728892740000 error=NoPosition
order_failed rule_1 timestamp=1728893100000 error=NoPosition
order_failed rule_1 timestamp=1728894300000 error=NoPosition
order_failed rule_1 timestamp=1728896700000 error=NoPosition
order_failed rule_1 timestamp=1728963900000 error=NoPosition
order_failed rule_1 timestamp=1728973320000 error=NoPosition
order_failed rule_1 timestamp=1728973500000 error=NoPosition
order_failed rule_1 timestamp=1728973620000 error=NoPosition
order_failed rule_1 timestamp=1728973920000 error=NoPosition
order_failed rule_1 timestamp=1728976740000 error=NoPosition
order_failed rule_1 timestamp=1728979020000 error=NoPosition
order_failed rule_1 timestamp=1728979200000 error=NoPosition
order_failed rule_1 timestamp=1728982140000 error=NoPosition
order_failed rule_1 timestamp=1728982560000 error=NoPosition
order_failed rule_1 timestamp=1728984120000 error=NoPosition
order_failed rule_1 timestamp=1729050600000 error=NoPosition
order_failed rule_1 timestamp=1729050900000 error=NoPosition
order_failed rule_1 timestamp=1729051980000 error=NoPosition
order_failed rule_1 timestamp=1729056480000 error=NoPosition
order_failed rule_1 timestamp=1729056900000 error=NoPosition
order_failed rule_1 timestamp=1729057380000 error=NoPosition
order_failed rule_1 timestamp=1729061580000 error=NoPosition
order_failed rule_1 timestamp=1729062900000 error=NoPosition
order_failed rule_1 timestamp=1729063920000 error=NoPosition
order_failed rule_1 timestamp=1729064100000 error=NoPosition
order_failed rule_1 timestamp=1729146300000 error=NoPosition
order_failed rule_1 timestamp=1729147500000 error=NoPosition
order_failed rule_1 timestamp=1729153560000 error=NoPosition
order_failed rule_1 timestamp=1729154220000 error=NoPosition
order_failed rule_1 timestamp=1729156500000 error=NoPosition
order_failed rule_1 timestamp=1729156680000 error=NoPosition
order_failed rule_1 timestamp=1729158180000 error=NoPosition
order_failed rule_1 timestamp=1729227780000 error=NoPosition
order_failed rule_1 timestamp=1729229400000 error=NoPosition
order_failed rule_1 timestamp=1729232340000 error=NoPosition
order_failed rule_1 timestamp=1729232640000 error=NoPosition
order_failed rule_1 timestamp=1729232940000 error=NoPosition
order_failed rule_1 timestamp=1729234980000 error=NoPosition
order_failed rule_1 timestamp=1729239720000 error=NoPosition
order_failed rule_1 timestamp=1729240080000 error=NoPosition
order_failed rule_1 timestamp=1729482300000 error=NoPosition
order_failed rule_1 timestamp=1729485900000 error=NoPosition
order_failed rule_1 timestamp=1729486260000 error=NoPosition
order_failed rule_1 timestamp=1729487640000 error=NoPosition
order_failed rule_1 timestamp=1729488180000 error=NoPosition
order_failed rule_1 timestamp=1729488600000 error=NoPosition
order_failed rule_1 timestamp=1729493640000 error=NoPosition
order_failed rule_1 timestamp=1729570560000 error=NoPosition
order_failed rule_1 timestamp=1729584060000 error=NoPosition
order_failed rule_1 timestamp=1729585380000 error=NoPosition
order_failed rule_1 timestamp=1729588200000 error=NoPosition
order_failed rule_1 timestamp=1729656240000 error=NoPosition
order_failed rule_1 timestamp=1729657020000 error=NoPosition
order_failed rule_1 timestamp=1729661580000 error=NoPosition
order_failed rule_1 timestamp=1729662540000 error=NoPosition
order_failed rule_1 timestamp=1729662960000 error=NoPosition
order_failed rule_1 timestamp=1729669980000 error=NoPosition
order_failed rule_1 timestamp=1729744620000 error=NoPosition
order_failed rule_1 timestamp=1729744980000 error=NoPosition
order_failed rule_1 timestamp=1729746180000 error=NoPosition
order_failed rule_1 timestamp=1729746840000 error=NoPosition
order_failed rule_1 timestamp=1729747080000 error=NoPosition
order_failed rule_1 timestamp=1729749540000 error=NoPosition
order_failed rule_1 timestamp=1729750080000 error=NoPosition
order_failed rule_1 timestamp=1729750560000 error=NoPosition
order_failed rule_1 timestamp=1729751340000 error=NoPosition
order_failed rule_1 timestamp=1729829100000 error=NoPosition
order_failed rule_1 timestamp=1729832880000 error=NoPosition
order_failed rule_1 timestamp=1729833060000 error=NoPosition
order_failed rule_1 timestamp=1729833240000 error=NoPosition
order_failed rule_1 timestamp=1729833360000 error=NoPosition
order_failed rule_1 timestamp=1729835520000 error=NoPosition
order_failed rule_1 timestamp=1729843500000 error=NoPosition
order_failed rule_1 timestamp=1729849320000 error=NoPosition
order_failed rule_1 timestamp=1729849800000 error=NoPosition
order_failed rule_1 timestamp=1729849980000 error=NoPosition
order_failed rule_1 timestamp=1730087400000 error=NoPosition
order_failed rule_1 timestamp=1730089500000 error=NoPosition
order_failed rule_1 timestamp=1730097600000 error=NoPosition
order_failed rule_1 timestamp=1730097780000 error=NoPosition
order_failed rule_1 timestamp=1730098140000 error=NoPosition
order_failed rule_1 timestamp=1730102040000 error=NoPosition
order_failed rule_1 timestamp=1730103420000 error=NoPosition
order_failed rule_1 timestamp=1730106420000 error=NoPosition
order_failed rule_1 timestamp=1730107080000 error=NoPosition
order_failed rule_1 timestamp=1730109120000 error=NoPosition
order_failed rule_1 timestamp=1730176380000 error=NoPosition
order_failed rule_1 timestamp=1730177040000 error=NoPosition
order_failed rule_1 timestamp=1730182380000 error=NoPosition
order_failed rule_1 timestamp=1730186400000 error=NoPosition
order_failed rule_1 timestamp=1730186880000 error=NoPosition
order_failed rule_1 timestamp=1730191680000 error=NoPosition
order_failed rule_1 timestamp=1730265600000 error=NoPosition
order_failed rule_1 timestamp=1730265780000 error=NoPosition
order_failed rule_1 timestamp=1730269080000 error=NoPosition
order_failed rule_1 timestamp=1730277600000 error=NoPosition
order_failed rule_1 timestamp=1730279340000 error=NoPosition
order_failed rule_1 timestamp=1730279700000 error=NoPosition
order_failed rule_1 timestamp=1730280840000 error=NoPosition
order_failed rule_1 timestamp=1730280960000 error=NoPosition
order_failed rule_1 timestamp=1730281620000 error=NoPosition
order_failed rule_1 timestamp=1730348160000 error=NoPosition
order_failed rule_1 timestamp=1730348940000 error=NoPosition
order_failed rule_1 timestamp=1730350500000 error=NoPosition
order_failed rule_1 timestamp=1730351400000 error=NoPosition
order_failed rule_1 timestamp=1730362440000 error=NoPosition
order_failed rule_1 timestamp=1730362920000 error=NoPosition
order_failed rule_1 timestamp=1730364660000 error=NoPosition
order_failed rule_1 timestamp=1730365860000 error=NoPosition
order_failed rule_1 timestamp=1730366940000 error=NoPosition
order_failed rule_1 timestamp=1730367060000 error=NoPosition
order_failed rule_1 timestamp=1730367540000 error=NoPosition
order_failed rule_1 timestamp=1730367960000 error=NoPosition
order_failed rule_1 timestamp=1730464260000 error=NoPosition
order_failed rule_1 timestamp=1730464740000 error=NoPosition
order_failed rule_1 timestamp=1730696400000 error=NoPosition
order_failed rule_1 timestamp=1730714100000 error=NoPosition
order_failed rule_1 timestamp=1730782080000 error=NoPosition
order_failed rule_1 timestamp=1730782380000 error=NoPosition
order_failed rule_1 timestamp=1730785320000 error=NoPosition
order_failed rule_1 timestamp=1730791380000 error=NoPosition
order_failed rule_1 timestamp=1730793180000 error=NoPosition
order_failed rule_1 timestamp=1730794620000 error=NoPosition
order_failed rule_1 timestamp=1730794980000 error=NoPosition
order_failed rule_1 timestamp=1730795160000 error=NoPosition
order_failed rule_1 timestamp=1730795280000 error=NoPosition
order_failed rule_1 timestamp=1730795400000 error=NoPosition
order_failed rule_1 timestamp=1730796420000 error=NoPosition
order_failed rule_1 timestamp=1730797980000 error=NoPosition
order_failed rule_1 timestamp=1730870820000 error=NoPosition
order_failed rule_1 timestamp=1730871060000 error=NoPosition
order_failed rule_1 timestamp=1730874480000 error=NoPosition
order_failed rule_1 timestamp=1730876580000 error=NoPosition
order_failed rule_1 timestamp=1730881080000 error=NoPosition
order_failed rule_1 timestamp=1730881740000 error=NoPosition
order_failed rule_1 timestamp=1730882100000 error=NoPosition
order_failed rule_1 timestamp=1730882220000 error=NoPosition
order_failed rule_1 timestamp=1730882940000 error=NoPosition
order_failed rule_1 timestamp=1730885340000 error=NoPosition
order_failed rule_1 timestamp=1730885820000 error=NoPosition
order_failed rule_1 timestamp=1730955900000 error=NoPosition
order_failed rule_1 timestamp=1730956500000 error=NoPosition
order_failed rule_1 timestamp=1730957100000 error=NoPosition
order_failed rule_1 timestamp=1730961660000 error=NoPosition
order_failed rule_1 timestamp=1730961780000 error=NoPosition
order_failed rule_1 timestamp=1730962500000 error=NoPosition
order_failed rule_1 timestamp=1730965560000 error=NoPosition
order_failed rule_1 timestamp=1730968860000 error=NoPosition
order_failed rule_1 timestamp=1730969100000 error=NoPosition
order_failed rule_1 timestamp=1730971620000 error=NoPosition
order_failed rule_1 timestamp=1730972040000 error=NoPosition
order_failed rule_1 timestamp=1731037920000 error=NoPosition
order_failed rule_1 timestamp=1731038160000 error=NoPosition
order_failed rule_1 timestamp=1731038640000 error=NoPosition
order_failed rule_1 timestamp=1731041340000 error=NoPosition
order_failed rule_1 timestamp=1731044520000 error=NoPosition
order_failed rule_1 timestamp=1731046380000 error=NoPosition
order_failed rule_1 timestamp=1731048840000 error=NoPosition
order_failed rule_1 timestamp=1731048960000 error=NoPosition
order_failed rule_1 timestamp=1731049080000 error=NoPosition
order_failed rule_1 timestamp=1731049320000 error=NoPosition
order_failed rule_1 timestamp=1731049440000 error=NoPosition
order_failed rule_1 timestamp=1731052200000 error=NoPosition
order_failed rule_1 timestamp=1731054120000 error=NoPosition
order_failed rule_1 timestamp=1731297660000 error=NoPosition
order_failed rule_1 timestamp=1731300780000 error=NoPosition
order_failed rule_1 timestamp=1731301020000 error=NoPosition
order_failed rule_1 timestamp=1731302040000 error=NoPosition
order_failed rule_1 timestamp=1731302340000 error=NoPosition
order_failed rule_1 timestamp=1731302820000 error=NoPosition
order_failed rule_1 timestamp=1731303420000 error=NoPosition
order_failed rule_1 timestamp=1731400560000 error=NoPosition
order_failed rule_1 timestamp=1731405120000 error=NoPosition
order_failed rule_1 timestamp=1731469500000 error=NoPosition
order_failed rule_1 timestamp=1731469740000 error=NoPosition
order_failed rule_1 timestamp=1731470460000 error=NoPosition
order_failed rule_1 timestamp=1731485940000 error=NoPosition
order_failed rule_1 timestamp=1731486240000 error=NoPosition
order_failed rule_1 timestamp=1731491640000 error=NoPosition
order_failed rule_1 timestamp=1731563460000 error=NoPosition
order_failed rule_1 timestamp=1731564240000 error=NoPosition
order_failed rule_1 timestamp=1731565740000 error=NoPosition
order_failed rule_1 timestamp=1731566520000 error=NoPosition
order_failed rule_1 timestamp=1731566940000 error=NoPosition
order_failed rule_1 timestamp=1731567120000 error=NoPosition
order_failed rule_1 timestamp=1731569160000 error=NoPosition
order_failed rule_1 timestamp=1731573120000 error=NoPosition
order_failed rule_1 timestamp=1731902220000 error=NoPosition
order_failed rule_1 timestamp=1731903480000 error=NoPosition
order_failed rule_1 timestamp=1731903720000 error=NoPosition
order_failed rule_1 timestamp=1731911760000 error=NoPosition
order_failed rule_1 timestamp=1731912060000 error=NoPosition
order_failed rule_1 timestamp=1731912540000 error=NoPosition
order_failed rule_1 timestamp=1731913020000 error=NoPosition
order_failed rule_1 timestamp=1731913200000 error=NoPosition
order_failed rule_1 timestamp=1731987900000 error=NoPosition
order_failed rule_1 timestamp=1731988500000 error=NoPosition
order_failed rule_1 timestamp=1731988980000 error=NoPosition
order_failed rule_1 timestamp=1731989160000 error=NoPosition
order_failed rule_1 timestamp=1731991380000 error=NoPosition
order_failed rule_1 timestamp=1731992100000 error=NoPosition
order_failed rule_1 timestamp=1731993000000 error=NoPosition
order_failed rule_1 timestamp=1731993840000 error=NoPosition
order_failed rule_1 timestamp=1731994500000 error=NoPosition
order_failed rule_1 timestamp=1731995220000 error=NoPosition
order_failed rule_1 timestamp=1731996360000 error=NoPosition
order_failed rule_1 timestamp=1731996900000 error=NoPosition
order_failed rule_1 timestamp=1732000740000 error=NoPosition
order_failed rule_1 timestamp=1732001040000 error=NoPosition
order_failed rule_1 timestamp=1732002120000 error=NoPosition
order_failed rule_1 timestamp=1732002240000 error=NoPosition
order_failed rule_1 timestamp=1732008840000 error=NoPosition
order_failed rule_1 timestamp=1732161360000 error=NoPosition
order_failed rule_1 timestamp=1732169100000 error=NoPosition
order_failed rule_1 timestamp=1732169400000 error=NoPosition
order_failed rule_1 timestamp=1732169700000 error=NoPosition
order_failed rule_1 timestamp=1732170060000 error=NoPosition
order_failed rule_1 timestamp=1732170480000 error=NoPosition
order_failed rule_1 timestamp=1732170600000 error=NoPosition
order_failed rule_1 timestamp=1732182600000 error=NoPosition
order_failed rule_1 timestamp=1732247160000 error=NoPosition
order_failed rule_1 timestamp=1732247520000 error=NoPosition
order_failed rule_1 timestamp=1732248120000 error=NoPosition
order_failed rule_1 timestamp=1732255980000 error=NoPosition
order_failed rule_1 timestamp=1732256100000 error=NoPosition
order_failed rule_1 timestamp=1732256580000 error=NoPosition
order_failed rule_1 timestamp=1732257300000 error=NoPosition
order_failed rule_1 timestamp=1732259580000 error=NoPosition
order_failed rule_1 timestamp=1732260660000 error=NoPosition
order_failed rule_1 timestamp=1732264680000 error=NoPosition
order_failed rule_1 timestamp=1732265340000 error=NoPosition
order_failed rule_1 timestamp=1732267680000 error=NoPosition
order_failed rule_1 timestamp=1732267920000 error=NoPosition
order_failed rule_1 timestamp=1732509960000 error=NoPosition
order_failed rule_1 timestamp=1732512660000 error=NoPosition
order_failed rule_1 timestamp=1732513800000 error=NoPosition
order_failed rule_1 timestamp=1732515120000 error=NoPosition
order_failed rule_1 timestamp=1732515360000 error=NoPosition
order_failed rule_1 timestamp=1732515960000 error=NoPosition
order_failed rule_1 timestamp=1732516380000 error=NoPosition
order_failed rule_1 timestamp=1732516980000 error=NoPosition
order_failed rule_1 timestamp=1732527000000 error=NoPosition
order_failed rule_1 timestamp=1732527900000 error=NoPosition
order_failed rule_1 timestamp=1732603320000 error=NoPosition
order_failed rule_1 timestamp=1732603920000 error=NoPosition
order_failed rule_1 timestamp=1732604220000 error=NoPosition
order_failed rule_1 timestamp=1732604580000 error=NoPosition
order_failed rule_1 timestamp=1732607400000 error=NoPosition
order_failed rule_1 timestamp=1732610040000 error=NoPosition
order_failed rule_1 timestamp=1732612020000 error=NoPosition
order_failed rule_1 timestamp=1732612800000 error=NoPosition
order_failed rule_1 timestamp=1732613040000 error=NoPosition
order_failed rule_1 timestamp=1732613520000 error=NoPosition
order_failed rule_1 timestamp=1732614060000 error=NoPosition
order_failed rule_1 timestamp=1732614420000 error=NoPosition
order_failed rule_1 timestamp=1732614960000 error=NoPosition
order_failed rule_1 timestamp=1732679160000 error=NoPosition
order_failed rule_1 timestamp=1732679400000 error=NoPosition
order_failed rule_1 timestamp=1732681020000 error=NoPosition
order_failed rule_1 timestamp=1732681140000 error=NoPosition
order_failed rule_1 timestamp=1732685400000 error=NoPosition
order_failed rule_1 timestamp=1732689540000 error=NoPosition
order_failed rule_1 timestamp=1732689900000 error=NoPosition
order_failed rule_1 timestamp=1732690920000 error=NoPosition
order_failed rule_1 timestamp=1732694160000 error=NoPosition
order_failed rule_1 timestamp=1732694760000 error=NoPosition
order_failed rule_1 timestamp=1732696980000 error=NoPosition
order_failed rule_1 timestamp=1732697340000 error=NoPosition
order_failed rule_1 timestamp=1732698180000 error=NoPosition
order_failed rule_1 timestamp=1732698480000 error=NoPosition
order_failed rule_1 timestamp=1732698600000 error=NoPosition
order_failed rule_1 timestamp=1732699020000 error=NoPosition
order_failed rule_1 timestamp=1732699140000 error=NoPosition
order_failed rule_1 timestamp=1732699500000 error=NoPosition
order_failed rule_1 timestamp=1732699800000 error=NoPosition
order_failed rule_1 timestamp=1732765500000 error=NoPosition
order_failed rule_1 timestamp=1732766160000 error=NoPosition
order_failed rule_1 timestamp=1732767360000 error=NoPosition
order_failed rule_1 timestamp=1732767660000 error=NoPosition
order_failed rule_1 timestamp=1732767900000 error=NoPosition
order_failed rule_1 timestamp=1732768200000 error=NoPosition
order_failed rule_1 timestamp=1732780860000 error=NoPosition
order_failed rule_1 timestamp=1732781040000 error=NoPosition
order_failed rule_1 timestamp=1732851900000 error=NoPosition
order_failed rule_1 timestamp=1732852740000 error=NoPosition
order_failed rule_1 timestamp=1732852920000 error=NoPosition
order_failed rule_1 timestamp=1732856760000 error=NoPosition
order_failed rule_1 timestamp=1732857480000 error=NoPosition
order_failed rule_1 timestamp=1732857660000 error=NoPosition
order_failed rule_1 timestamp=1732871520000 error=NoPosition
order_failed rule_1 timestamp=1732872660000 error=NoPosition
order_failed rule_1 timestamp=1732872780000 error=NoPosition
order_failed rule_1 timestamp=1732873020000 error=NoPosition
order_failed rule_1 timestamp=1733118480000 error=NoPosition
order_failed rule_1 timestamp=1733122680000 error=NoPosition
order_failed rule_1 timestamp=1733122980000 error=NoPosition
order_failed rule_1 timestamp=1733124480000 error=NoPosition
order_failed rule_1 timestamp=1733124660000 error=NoPosition
order_failed rule_1 timestamp=1733124780000 error=NoPosition
order_failed rule_1 timestamp=1733124960000 error=NoPosition
order_failed rule_1 timestamp=1733126040000 error=NoPosition
order_failed rule_1 timestamp=1733129040000 error=NoPosition
order_failed rule_1 timestamp=1733129280000 error=NoPosition
order_failed rule_1 timestamp=1733129460000 error=NoPosition
order_failed rule_1 timestamp=1733129700000 error=NoPosition
order_failed rule_1 timestamp=1733130180000 error=NoPosition
order_failed rule_1 timestamp=1733131860000 error=NoPosition
order_failed rule_1 timestamp=1733132280000 error=NoPosition
order_failed rule_1 timestamp=1733198400000 error=NoPosition
order_failed rule_1 timestamp=1733200860000 error=NoPosition
order_failed rule_1 timestamp=1733200980000 error=NoPosition
order_failed rule_1 timestamp=1733201160000 error=NoPosition
order_failed rule_1 timestamp=1733201280000 error=NoPosition
order_failed rule_1 timestamp=1733202120000 error=NoPosition
order_failed rule_1 timestamp=1733202900000 error=NoPosition
order_failed rule_1 timestamp=1733212980000 error=NoPosition
order_failed rule_1 timestamp=1733213880000 error=NoPosition
order_failed rule_1 timestamp=1733214120000 error=NoPosition
order_failed rule_1 timestamp=1733283900000 error=NoPosition
order_failed rule_1 timestamp=1733284140000 error=NoPosition
order_failed rule_1 timestamp=1733284320000 error=NoPosition
order_failed rule_1 timestamp=1733285220000 error=NoPosition
order_failed rule_1 timestamp=1733285640000 error=NoPosition
order_failed rule_1 timestamp=1733286120000 error=NoPosition
order_failed rule_1 timestamp=1733286480000 error=NoPosition
order_failed rule_1 timestamp=1733286600000 error=NoPosition
order_failed rule_1 timestamp=1733286780000 error=NoPosition
order_failed rule_1 timestamp=1733288340000 error=NoPosition
order_failed rule_1 timestamp=1733288940000 error=NoPosition
order_failed rule_1 timestamp=1733289120000 error=NoPosition
order_failed rule_1 timestamp=1733289420000 error=NoPosition
order_failed rule_1 timestamp=1733299740000 error=NoPosition
order_failed rule_1 timestamp=1733300400000 error=NoPosition
order_failed rule_1 timestamp=1733300520000 error=NoPosition
order_failed rule_1 timestamp=1733300880000 error=NoPosition
order_failed rule_1 timestamp=1733378160000 error=NoPosition
order_failed rule_1 timestamp=1733379240000 error=NoPosition
order_failed rule_1 timestamp=1733380080000 error=NoPosition
order_failed rule_1 timestamp=1733381400000 error=NoPosition
order_failed rule_1 timestamp=1733384040000 error=NoPosition
order_failed rule_1 timestamp=1733384280000 error=NoPosition
order_failed rule_1 timestamp=1733384580000 error=NoPosition
order_failed rule_1 timestamp=1733386320000 error=NoPosition
order_failed rule_1 timestamp=1733387220000 error=NoPosition
order_failed rule_1 timestamp=1733388120000 error=NoPosition
order_failed rule_1 timestamp=1733388480000 error=NoPosition
order_failed rule_1 timestamp=1733389080000 error=NoPosition
order_failed rule_1 timestamp=1733389260000 error=NoPosition
order_failed rule_1 timestamp=1733461020000 error=NoPosition
order_failed rule_1 timestamp=1733462040000 error=NoPosition
order_failed rule_1 timestamp=1733463360000 error=NoPosition
order_failed rule_1 timestamp=1733466360000 error=NoPosition
order_failed rule_1 timestamp=1733476860000 error=NoPosition
order_failed rule_1 timestamp=1733715900000 error=NoPosition
order_failed rule_1 timestamp=1733719980000 error=NoPosition
order_failed rule_1 timestamp=1733721420000 error=NoPosition
order_failed rule_1 timestamp=1733722920000 error=NoPosition
order_failed rule_1 timestamp=1733723160000 error=NoPosition
order_failed rule_1 timestamp=1733723880000 error=NoPosition
order_failed rule_1 timestamp=1733726820000 error=NoPosition
order_failed rule_1 timestamp=1733727120000 error=NoPosition
order_failed rule_1 timestamp=1733727240000 error=NoPosition
order_failed rule_1 timestamp=1733727540000 error=NoPosition
order_failed rule_1 timestamp=1733728440000 error=NoPosition
order_failed rule_1 timestamp=1733728680000 error=NoPosition
order_failed rule_1 timestamp=1733804100000 error=NoPosition
order_failed rule_1 timestamp=1733809380000 error=NoPosition
order_failed rule_1 timestamp=1733819280000 error=NoPosition
order_failed rule_1 timestamp=1733819640000 error=NoPosition
order_failed rule_1 timestamp=1733819760000 error=NoPosition
order_failed rule_1 timestamp=1733821080000 error=NoPosition
order_failed rule_1 timestamp=1733823060000 error=NoPosition
order_failed rule_1 timestamp=1733823360000 error=NoPosition
order_failed rule_1 timestamp=1733824500000 error=NoPosition
order_failed rule_1 timestamp=1733897040000 error=NoPosition
order_failed rule_1 timestamp=1733897340000 error=NoPosition
order_failed rule_1 timestamp=1733898900000 error=NoPosition
order_failed rule_1 timestamp=1733906400000 error=NoPosition
order_failed rule_1 timestamp=1733910420000 error=NoPosition
order_failed rule_1 timestamp=1733976180000 error=NoPosition
order_failed rule_1 timestamp=1733983080000 error=NoPosition
order_failed rule_1 timestamp=1733996700000 error=NoPosition
order_failed rule_1 timestamp=1733997060000 error=NoPosition
order_failed rule_1 timestamp=1734070860000 error=NoPosition
order_failed rule_1 timestamp=1734071040000 error=NoPosition
order_failed rule_1 timestamp=1734074760000 error=NoPosition
order_failed rule_1 timestamp=1734076500000 error=NoPosition
order_failed rule_1 timestamp=1734077160000 error=NoPosition
order_failed rule_1 timestamp=1734077280000 error=NoPosition
order_failed rule_1 timestamp=1734077520000 error=NoPosition
order_failed rule_1 timestamp=1734077700000 error=NoPosition
order_failed rule_1 timestamp=1734077880000 error=NoPosition
order_failed rule_1 timestamp=1734078120000 error=NoPosition
order_failed rule_1 timestamp=1734083460000 error=NoPosition
order_failed rule_1 timestamp=1734083820000 error=NoPosition
order_failed rule_1 timestamp=1734332280000 error=NoPosition
order_failed rule_1 timestamp=1734333540000 error=NoPosition
order_failed rule_1 timestamp=1734334500000 error=NoPosition
order_failed rule_1 timestamp=1734335460000 error=NoPosition
order_failed rule_1 timestamp=1734336600000 error=NoPosition
order_failed rule_1 timestamp=1734410760000 error=NoPosition
order_failed rule_1 timestamp=1734413820000 error=NoPosition
order_failed rule_1 timestamp=1734420360000 error=NoPosition
order_failed rule_1 timestamp=1734495480000 error=NoPosition
order_failed rule_1 timestamp=1734503340000 error=NoPosition
order_failed rule_1 timestamp=1734507420000 error=NoPosition
order_failed rule_1 timestamp=1734507840000 error=NoPosition
order_failed rule_1 timestamp=1734508680000 error=NoPosition
order_failed rule_1 timestamp=1734582120000 error=NoPosition
order_failed rule_1 timestamp=1734582240000 error=NoPosition
order_failed rule_1 timestamp=1734587700000 error=NoPosition
order_failed rule_1 timestamp=1734588000000 error=NoPosition
order_failed rule_1 timestamp=1734588480000 error=NoPosition
order_failed rule_1 timestamp=1734590220000 error=NoPosition
order_failed rule_1 timestamp=1734593460000 error=NoPosition
order_failed rule_1 timestamp=1734667800000 error=NoPosition
order_failed rule_1 timestamp=1734671280000 error=NoPosition
order_failed rule_1 timestamp=1734672180000 error=NoPosition
order_failed rule_1 timestamp=1734672480000 error=NoPosition
order_failed rule_1 timestamp=1734673260000 error=NoPosition
order_failed rule_1 timestamp=1734675660000 error=NoPosition
order_failed rule_1 timestamp=1734676140000 error=NoPosition
order_failed rule_1 timestamp=1734676500000 error=NoPosition
order_failed rule_1 timestamp=1734681120000 error=NoPosition
order_failed rule_1 timestamp=1734925500000 error=NoPosition
order_failed rule_1 timestamp=1734926400000 error=NoPosition
order_failed rule_1 timestamp=1734926520000 error=NoPosition
order_failed rule_1 timestamp=1734927120000 error=NoPosition
order_failed rule_1 timestamp=1734927420000 error=NoPosition
order_failed rule_1 timestamp=1734928440000 error=NoPosition
order_failed rule_1 timestamp=1734942360000 error=NoPosition
order_failed rule_1 timestamp=1734943020000 error=NoPosition
order_failed rule_1 timestamp=1734943680000 error=NoPosition
order_failed rule_1 timestamp=1734944400000 error=NoPosition
order_failed rule_1 timestamp=1734944820000 error=NoPosition
order_failed rule_1 timestamp=1734946800000 error=NoPosition
order_failed rule_1 timestamp=1734947280000 error=NoPosition
order_failed rule_1 timestamp=1734947400000 error=NoPosition
order_failed rule_1 timestamp=1735014540000 error=NoPosition
order_failed rule_1 timestamp=1735014900000 error=NoPosition
order_failed rule_1 timestamp=1735015440000 error=NoPosition
order_failed rule_1 timestamp=1735015620000 error=NoPosition
order_failed rule_1 timestamp=1735018740000 error=NoPosition
order_failed rule_1 timestamp=1735019220000 error=NoPosition
order_failed rule_1 timestamp=1735023360000 error=NoPosition
order_failed rule_1 timestamp=1735024200000 error=NoPosition
order_failed rule_1 timestamp=1735029000000 error=NoPosition
order_failed rule_1 timestamp=1735029780000 error=NoPosition
order_failed rule_1 timestamp=1735030620000 error=NoPosition
order_failed rule_1 timestamp=1735185180000 error=NoPosition
order_failed rule_1 timestamp=1735204080000 error=NoPosition
order_failed rule_1 timestamp=1735271100000 error=NoPosition
order_failed rule_1 timestamp=1735271400000 error=NoPosition
order_failed rule_1 timestamp=1735272660000 error=NoPosition
order_failed rule_1 timestamp=1735272960000 error=NoPosition
order_failed rule_1 timestamp=1735273860000 error=NoPosition
order_failed rule_1 timestamp=1735274040000 error=NoPosition
order_failed rule_1 timestamp=1735278120000 error=NoPosition
order_failed rule_1 timestamp=1735283040000 error=NoPosition
order_failed rule_1 timestamp=1735291260000 error=NoPosition
order_failed rule_1 timestamp=1735291680000 error=NoPosition
order_failed rule_1 timestamp=1735293540000 error=NoPosition
order_failed rule_1 timestamp=1735533300000 error=NoPosition
order_failed rule_1 timestamp=1735533420000 error=NoPosition
order_failed rule_1 timestamp=1735533660000 error=NoPosition
order_failed rule_1 timestamp=1735533960000 error=NoPosition
order_failed rule_1 timestamp=1735536300000 error=NoPosition
order_failed rule_1 timestamp=1735539120000 error=NoPosition
order_failed rule_1 timestamp=1735550820000 error=NoPosition
order_failed rule_1 timestamp=1735552440000 error=NoPosition
order_failed rule_1 timestamp=1735552620000 error=NoPosition
